{"timestamp":"2026-08-05T15:13:47.963772Z","level":"info","event":"Filling up the DagBag from /opt/airflow/dags/practice.py","logger":"airflow.models.dagbag.DagBag","filename":"dagbag.py","lineno":593}
{"timestamp":"2026-08-05T15:13:56.548308Z","level":"info","event":"Filling up the DagBag from /opt/airflow/dags/practice.py","logger":"airflow.models.dagbag.DagBag","filename":"dagbag.py","lineno":593}
{"timestamp":"2026-08-05T15:13:59.053805Z","level":"info","event":"Filling up the DagBag from /opt/airflow/dags/practice.py","logger":"airflow.models.dagbag.DagBag","filename":"dagbag.py","lineno":593}
{"timestamp":"2026-08-05T15:14:02.619743Z","level":"info","event":"Filling up the DagBag from /opt/airflow/dags/practice.py","logger":"airflow.models.dagbag.DagBag","filename":"dagbag.py","lineno":593}
{"timestamp":"2026-08-05T15:14:04.918584Z","level":"info","event":"Filling up the DagBag from /opt/airflow/dags/practice.py","logger":"airflow.models.dagbag.DagBag","filename":"dagbag.py","lineno":593}
{"timestamp":"2026-08-05T15:14:07.273300Z","level":"info","event":"Filling up the DagBag from /opt/airflow/dags/practice.py","logger":"airflow.models.dagbag.DagBag","filename":"dagbag.py","lineno":593}
{"timestamp":"2026-08-05T15:14:07.561970Z","level":"info","event":"Filling up the DagBag from /opt/airflow/dags/practice.py","logger":"airflow.models.dagbag.DagBag","filename":"dagbag.py","lineno":593}
{"timestamp":"2026-08-05T15:14:08.853013Z","level":"info","event":"Filling up the DagBag from /opt/airflow/dags/practice.py","logger":"airflow.models.dagbag.DagBag","filename":"dagbag.py","lineno":593}
{"timestamp":"2026-08-05T15:14:15.851433Z","level":"info","event":"Filling up the DagBag from /opt/airflow/dags/practice.py","logger":"airflow.models.dagbag.DagBag","filename":"dagbag.py","lineno":593}
{"timestamp":"2026-08-05T15:14:48.946853Z","level":"info","event":"Filling up the DagBag from /opt/airflow/dags/practice.py","logger":"airflow.models.dagbag.DagBag","filename":"dagbag.py","lineno":593}
{"timestamp":"2026-08-05T15:15:21.349846Z","level":"info","event":"Filling up the DagBag from /opt/airflow/dags/practice.py","logger":"airflow.models.dagbag.DagBag","filename":"dagbag.py","lineno":593}
{"timestamp":"2026-08-05T15:15:53.856663Z","level":"info","event":"Filling up the DagBag from /opt/airflow/dags/practice.py","logger":"airflow.models.dagbag.DagBag","filename":"dagbag.py","lineno":593}
{"timestamp":"2026-08-05T15:16:26.180643Z","level":"info","event":"Filling up the DagBag from /opt/airflow/dags/practice.py","logger":"airflow.models.dagbag.DagBag","filename":"dagbag.py","lineno":593}
{"timestamp":"2026-08-05T15:16:58.469951Z","level":"info","event":"Filling up the DagBag from /opt/airflow/dags/practice.py","logger":"airflow.models.dagbag.DagBag","filename":"dagbag.py","lineno":593}
{"timestamp":"2026-08-05T15:17:30.619206Z","level":"info","event":"Filling up the DagBag from /opt/airflow/dags/practice.py","logger":"airflow.models.dagbag.DagBag","filename":"dagbag.py","lineno":593}
{"timestamp":"2026-08-05T15:18:03.557704Z","level":"info","event":"Filling up the DagBag from /opt/airflow/dags/practice.py","logger":"airflow.models.dagbag.DagBag","filename":"dagbag.py","lineno":593}
{"timestamp":"2026-08-05T15:18:36.014215Z","level":"info","event":"Filling up the DagBag from /opt/airflow/dags/practice.py","logger":"airflow.models.dagbag.DagBag","filename":"dagbag.py","lineno":593}
{"timestamp":"2026-08-05T15:19:08.604365Z","level":"info","event":"Filling up the DagBag from /opt/airflow/dags/practice.py","logger":"airflow.models.dagbag.DagBag","filename":"dagbag.py","lineno":593}
{"timestamp":"2026-08-05T15:19:41.548705Z","level":"info","event":"Filling up the DagBag from /opt/airflow/dags/practice.py","logger":"airflow.models.dagbag.DagBag","filename":"dagbag.py","lineno":593}
{"timestamp":"2026-08-05T15:20:13.852410Z","level":"info","event":"Filling up the DagBag from /opt/airflow/dags/practice.py","logger":"airflow.models.dagbag.DagBag","filename":"dagbag.py","lineno":593}
{"timestamp":"2026-08-05T15:20:46.375505Z","level":"info","event":"Filling up the DagBag from /opt/airflow/dags/practice.py","logger":"airflow.models.dagbag.DagBag","filename":"dagbag.py","lineno":593}
{"timestamp":"2026-08-05T15:21:19.338097Z","level":"info","event":"Filling up the DagBag from /opt/airflow/dags/practice.py","logger":"airflow.models.dagbag.DagBag","filename":"dagbag.py","lineno":593}
{"timestamp":"2026-08-05T15:21:51.730661Z","level":"info","event":"Filling up the DagBag from /opt/airflow/dags/practice.py","logger":"airflow.models.dagbag.DagBag","filename":"dagbag.py","lineno":593}
{"timestamp":"2026-08-05T15:22:24.531088Z","level":"info","event":"Filling up the DagBag from /opt/airflow/dags/practice.py","logger":"airflow.models.dagbag.DagBag","filename":"dagbag.py","lineno":593}
{"timestamp":"2026-08-05T15:22:56.728744Z","level":"info","event":"Filling up the DagBag from /opt/airflow/dags/practice.py","logger":"airflow.models.dagbag.DagBag","filename":"dagbag.py","lineno":593}
{"timestamp":"2026-08-05T15:23:29.244191Z","level":"info","event":"Filling up the DagBag from /opt/airflow/dags/practice.py","logger":"airflow.models.dagbag.DagBag","filename":"dagbag.py","lineno":593}
{"timestamp":"2026-08-05T15:24:02.305985Z","level":"info","event":"Filling up the DagBag from /opt/airflow/dags/practice.py","logger":"airflow.models.dagbag.DagBag","filename":"dagbag.py","lineno":593}
{"timestamp":"2026-08-05T15:24:34.534472Z","level":"info","event":"Filling up the DagBag from /opt/airflow/dags/practice.py","logger":"airflow.models.dagbag.DagBag","filename":"dagbag.py","lineno":593}
{"timestamp":"2026-08-05T15:25:05.565314Z","level":"info","event":"Filling up the DagBag from /opt/airflow/dags/practice.py","logger":"airflow.models.dagbag.DagBag","filename":"dagbag.py","lineno":593}
{"timestamp":"2026-08-05T15:25:36.090323Z","level":"info","event":"Filling up the DagBag from /opt/airflow/dags/practice.py","logger":"airflow.models.dagbag.DagBag","filename":"dagbag.py","lineno":593}
{"timestamp":"2026-08-05T15:26:06.499868Z","level":"info","event":"Filling up the DagBag from /opt/airflow/dags/practice.py","logger":"airflow.models.dagbag.DagBag","filename":"dagbag.py","lineno":593}
{"timestamp":"2026-08-05T15:26:37.318150Z","level":"info","event":"Filling up the DagBag from /opt/airflow/dags/practice.py","logger":"airflow.models.dagbag.DagBag","filename":"dagbag.py","lineno":593}
{"timestamp":"2026-08-05T15:27:07.671267Z","level":"info","event":"Filling up the DagBag from /opt/airflow/dags/practice.py","logger":"airflow.models.dagbag.DagBag","filename":"dagbag.py","lineno":593}
{"timestamp":"2026-08-05T15:27:38.918136Z","level":"info","event":"Filling up the DagBag from /opt/airflow/dags/practice.py","logger":"airflow.models.dagbag.DagBag","filename":"dagbag.py","lineno":593}
{"timestamp":"2026-08-05T15:28:09.904484Z","level":"info","event":"Filling up the DagBag from /opt/airflow/dags/practice.py","logger":"airflow.models.dagbag.DagBag","filename":"dagbag.py","lineno":593}
{"timestamp":"2026-08-05T15:28:40.574272Z","level":"info","event":"Filling up the DagBag from /opt/airflow/dags/practice.py","logger":"airflow.models.dagbag.DagBag","filename":"dagbag.py","lineno":593}
{"timestamp":"2026-08-05T15:29:10.955953Z","level":"info","event":"Filling up the DagBag from /opt/airflow/dags/practice.py","logger":"airflow.models.dagbag.DagBag","filename":"dagbag.py","lineno":593}
{"timestamp":"2026-08-05T15:29:41.610350Z","level":"info","event":"Filling up the DagBag from /opt/airflow/dags/practice.py","logger":"airflow.models.dagbag.DagBag","filename":"dagbag.py","lineno":593}
{"timestamp":"2026-08-05T15:30:12.041792Z","level":"info","event":"Filling up the DagBag from /opt/airflow/dags/practice.py","logger":"airflow.models.dagbag.DagBag","filename":"dagbag.py","lineno":593}
{"timestamp":"2026-08-05T15:30:42.581639Z","level":"info","event":"Filling up the DagBag from /opt/airflow/dags/practice.py","logger":"airflow.models.dagbag.DagBag","filename":"dagbag.py","lineno":593}
{"timestamp":"2026-08-05T15:31:13.271400Z","level":"info","event":"Filling up the DagBag from /opt/airflow/dags/practice.py","logger":"airflow.models.dagbag.DagBag","filename":"dagbag.py","lineno":593}
{"timestamp":"2026-08-05T15:31:44.430340Z","level":"info","event":"Filling up the DagBag from /opt/airflow/dags/practice.py","logger":"airflow.models.dagbag.DagBag","filename":"dagbag.py","lineno":593}
{"timestamp":"2026-08-05T15:32:15.104156Z","level":"info","event":"Filling up the DagBag from /opt/airflow/dags/practice.py","logger":"airflow.models.dagbag.DagBag","filename":"dagbag.py","lineno":593}
{"timestamp":"2026-08-05T15:32:46.523543Z","level":"info","event":"Filling up the DagBag from /opt/airflow/dags/practice.py","logger":"airflow.models.dagbag.DagBag","filename":"dagbag.py","lineno":593}
{"timestamp":"2026-08-05T15:33:17.413505Z","level":"info","event":"Filling up the DagBag from /opt/airflow/dags/practice.py","logger":"airflow.models.dagbag.DagBag","filename":"dagbag.py","lineno":593}
{"timestamp":"2026-08-05T15:33:47.942398Z","level":"info","event":"Filling up the DagBag from /opt/airflow/dags/practice.py","logger":"airflow.models.dagbag.DagBag","filename":"dagbag.py","lineno":593}
{"timestamp":"2026-08-05T15:34:18.666253Z","level":"info","event":"Filling up the DagBag from /opt/airflow/dags/practice.py","logger":"airflow.models.dagbag.DagBag","filename":"dagbag.py","lineno":593}
{"timestamp":"2026-08-05T15:34:49.322768Z","level":"info","event":"Filling up the DagBag from /opt/airflow/dags/practice.py","logger":"airflow.models.dagbag.DagBag","filename":"dagbag.py","lineno":593}
{"timestamp":"2026-08-05T15:35:19.882288Z","level":"info","event":"Filling up the DagBag from /opt/airflow/dags/practice.py","logger":"airflow.models.dagbag.DagBag","filename":"dagbag.py","lineno":593}
{"timestamp":"2026-08-05T15:35:50.348993Z","level":"info","event":"Filling up the DagBag from /opt/airflow/dags/practice.py","logger":"airflow.models.dagbag.DagBag","filename":"dagbag.py","lineno":593}
{"timestamp":"2026-08-05T15:36:21.381509Z","level":"info","event":"Filling up the DagBag from /opt/airflow/dags/practice.py","logger":"airflow.models.dagbag.DagBag","filename":"dagbag.py","lineno":593}
{"timestamp":"2026-08-05T15:36:52.464024Z","level":"info","event":"Filling up the DagBag from /opt/airflow/dags/practice.py","logger":"airflow.models.dagbag.DagBag","filename":"dagbag.py","lineno":593}
{"timestamp":"2026-08-05T15:37:23.711280Z","level":"info","event":"Filling up the DagBag from /opt/airflow/dags/practice.py","logger":"airflow.models.dagbag.DagBag","filename":"dagbag.py","lineno":593}
{"timestamp":"2026-08-05T15:37:54.896287Z","level":"info","event":"Filling up the DagBag from /opt/airflow/dags/practice.py","logger":"airflow.models.dagbag.DagBag","filename":"dagbag.py","lineno":593}
{"timestamp":"2026-08-05T15:38:25.920019Z","level":"info","event":"Filling up the DagBag from /opt/airflow/dags/practice.py","logger":"airflow.models.dagbag.DagBag","filename":"dagbag.py","lineno":593}
{"timestamp":"2026-08-05T15:38:56.810776Z","level":"info","event":"Filling up the DagBag from /opt/airflow/dags/practice.py","logger":"airflow.models.dagbag.DagBag","filename":"dagbag.py","lineno":593}
{"timestamp":"2026-08-05T15:39:27.416869Z","level":"info","event":"Filling up the DagBag from /opt/airflow/dags/practice.py","logger":"airflow.models.dagbag.DagBag","filename":"dagbag.py","lineno":593}
{"timestamp":"2026-08-05T15:39:57.894676Z","level":"info","event":"Filling up the DagBag from /opt/airflow/dags/practice.py","logger":"airflow.models.dagbag.DagBag","filename":"dagbag.py","lineno":593}
{"timestamp":"2026-08-05T15:40:28.411539Z","level":"info","event":"Filling up the DagBag from /opt/airflow/dags/practice.py","logger":"airflow.models.dagbag.DagBag","filename":"dagbag.py","lineno":593}
{"timestamp":"2026-08-05T15:40:58.868875Z","level":"info","event":"Filling up the DagBag from /opt/airflow/dags/practice.py","logger":"airflow.models.dagbag.DagBag","filename":"dagbag.py","lineno":593}
{"timestamp":"2026-08-05T15:41:30.103467Z","level":"info","event":"Filling up the DagBag from /opt/airflow/dags/practice.py","logger":"airflow.models.dagbag.DagBag","filename":"dagbag.py","lineno":593}
{"timestamp":"2026-08-05T15:42:00.913332Z","level":"info","event":"Filling up the DagBag from /opt/airflow/dags/practice.py","logger":"airflow.models.dagbag.DagBag","filename":"dagbag.py","lineno":593}
{"timestamp":"2026-08-05T15:42:31.907981Z","level":"info","event":"Filling up the DagBag from /opt/airflow/dags/practice.py","logger":"airflow.models.dagbag.DagBag","filename":"dagbag.py","lineno":593}
{"timestamp":"2026-08-05T15:43:03.131375Z","level":"info","event":"Filling up the DagBag from /opt/airflow/dags/practice.py","logger":"airflow.models.dagbag.DagBag","filename":"dagbag.py","lineno":593}
{"timestamp":"2026-08-05T15:43:33.908334Z","level":"info","event":"Filling up the DagBag from /opt/airflow/dags/practice.py","logger":"airflow.models.dagbag.DagBag","filename":"dagbag.py","lineno":593}
{"timestamp":"2026-08-05T15:44:05.030137Z","level":"info","event":"Filling up the DagBag from /opt/airflow/dags/practice.py","logger":"airflow.models.dagbag.DagBag","filename":"dagbag.py","lineno":593}
{"timestamp":"2026-08-05T15:44:38.014219Z","level":"info","event":"Filling up the DagBag from /opt/airflow/dags/practice.py","logger":"airflow.models.dagbag.DagBag","filename":"dagbag.py","lineno":593}
{"timestamp":"2026-08-05T15:45:10.056795Z","level":"info","event":"Filling up the DagBag from /opt/airflow/dags/practice.py","logger":"airflow.models.dagbag.DagBag","filename":"dagbag.py","lineno":593}
{"timestamp":"2026-08-05T15:45:42.714902Z","level":"info","event":"Filling up the DagBag from /opt/airflow/dags/practice.py","logger":"airflow.models.dagbag.DagBag","filename":"dagbag.py","lineno":593}
{"timestamp":"2026-08-05T15:46:15.887535Z","level":"info","event":"Filling up the DagBag from /opt/airflow/dags/practice.py","logger":"airflow.models.dagbag.DagBag","filename":"dagbag.py","lineno":593}
{"timestamp":"2026-08-05T15:46:48.596027Z","level":"info","event":"Filling up the DagBag from /opt/airflow/dags/practice.py","logger":"airflow.models.dagbag.DagBag","filename":"dagbag.py","lineno":593}
{"timestamp":"2026-08-05T15:47:21.458429Z","level":"info","event":"Filling up the DagBag from /opt/airflow/dags/practice.py","logger":"airflow.models.dagbag.DagBag","filename":"dagbag.py","lineno":593}
{"timestamp":"2026-08-05T15:47:53.470289Z","level":"info","event":"Filling up the DagBag from /opt/airflow/dags/practice.py","logger":"airflow.models.dagbag.DagBag","filename":"dagbag.py","lineno":593}
{"timestamp":"2026-08-05T15:48:26.616339Z","level":"info","event":"Filling up the DagBag from /opt/airflow/dags/practice.py","logger":"airflow.models.dagbag.DagBag","filename":"dagbag.py","lineno":593}
{"timestamp":"2026-08-05T15:48:59.302571Z","level":"info","event":"Filling up the DagBag from /opt/airflow/dags/practice.py","logger":"airflow.models.dagbag.DagBag","filename":"dagbag.py","lineno":593}
{"timestamp":"2026-08-05T15:49:31.435534Z","level":"info","event":"Filling up the DagBag from /opt/airflow/dags/practice.py","logger":"airflow.models.dagbag.DagBag","filename":"dagbag.py","lineno":593}
{"timestamp":"2026-08-05T15:50:02.429848Z","level":"info","event":"Filling up the DagBag from /opt/airflow/dags/practice.py","logger":"airflow.models.dagbag.DagBag","filename":"dagbag.py","lineno":593}
{"timestamp":"2026-08-05T15:50:37.349767Z","level":"info","event":"Filling up the DagBag from /opt/airflow/dags/practice.py","logger":"airflow.models.dagbag.DagBag","filename":"dagbag.py","lineno":593}
{"timestamp":"2026-08-05T15:51:07.788697Z","level":"info","event":"Filling up the DagBag from /opt/airflow/dags/practice.py","logger":"airflow.models.dagbag.DagBag","filename":"dagbag.py","lineno":593}
{"timestamp":"2026-08-05T15:51:40.495479Z","level":"info","event":"Filling up the DagBag from /opt/airflow/dags/practice.py","logger":"airflow.models.dagbag.DagBag","filename":"dagbag.py","lineno":593}
{"timestamp":"2026-08-05T15:52:15.438645Z","level":"info","event":"Filling up the DagBag from /opt/airflow/dags/practice.py","logger":"airflow.models.dagbag.DagBag","filename":"dagbag.py","lineno":593}
{"timestamp":"2026-08-05T15:52:47.883257Z","level":"info","event":"Filling up the DagBag from /opt/airflow/dags/practice.py","logger":"airflow.models.dagbag.DagBag","filename":"dagbag.py","lineno":593}
{"timestamp":"2026-08-05T15:53:20.920565Z","level":"info","event":"Filling up the DagBag from /opt/airflow/dags/practice.py","logger":"airflow.models.dagbag.DagBag","filename":"dagbag.py","lineno":593}
{"timestamp":"2026-08-05T15:53:53.014179Z","level":"info","event":"Filling up the DagBag from /opt/airflow/dags/practice.py","logger":"airflow.models.dagbag.DagBag","filename":"dagbag.py","lineno":593}
{"timestamp":"2026-08-05T15:54:26.175056Z","level":"info","event":"Filling up the DagBag from /opt/airflow/dags/practice.py","logger":"airflow.models.dagbag.DagBag","filename":"dagbag.py","lineno":593}
{"timestamp":"2026-08-05T15:54:58.490066Z","level":"info","event":"Filling up the DagBag from /opt/airflow/dags/practice.py","logger":"airflow.models.dagbag.DagBag","filename":"dagbag.py","lineno":593}
{"timestamp":"2026-08-05T15:55:31.178839Z","level":"info","event":"Filling up the DagBag from /opt/airflow/dags/practice.py","logger":"airflow.models.dagbag.DagBag","filename":"dagbag.py","lineno":593}
{"timestamp":"2026-08-05T15:56:04.403967Z","level":"info","event":"Filling up the DagBag from /opt/airflow/dags/practice.py","logger":"airflow.models.dagbag.DagBag","filename":"dagbag.py","lineno":593}
{"timestamp":"2026-08-05T15:56:36.578038Z","level":"info","event":"Filling up the DagBag from /opt/airflow/dags/practice.py","logger":"airflow.models.dagbag.DagBag","filename":"dagbag.py","lineno":593}
{"timestamp":"2026-08-05T15:57:09.626900Z","level":"info","event":"Filling up the DagBag from /opt/airflow/dags/practice.py","logger":"airflow.models.dagbag.DagBag","filename":"dagbag.py","lineno":593}
{"timestamp":"2026-08-05T15:57:41.908141Z","level":"info","event":"Filling up the DagBag from /opt/airflow/dags/practice.py","logger":"airflow.models.dagbag.DagBag","filename":"dagbag.py","lineno":593}
{"timestamp":"2026-08-05T15:58:15.067501Z","level":"info","event":"Filling up the DagBag from /opt/airflow/dags/practice.py","logger":"airflow.models.dagbag.DagBag","filename":"dagbag.py","lineno":593}
{"timestamp":"2026-08-05T15:58:47.720771Z","level":"info","event":"Filling up the DagBag from /opt/airflow/dags/practice.py","logger":"airflow.models.dagbag.DagBag","filename":"dagbag.py","lineno":593}
{"timestamp":"2026-08-05T15:59:20.557632Z","level":"info","event":"Filling up the DagBag from /opt/airflow/dags/practice.py","logger":"airflow.models.dagbag.DagBag","filename":"dagbag.py","lineno":593}
{"timestamp":"2026-08-05T15:59:53.079541Z","level":"info","event":"Filling up the DagBag from /opt/airflow/dags/practice.py","logger":"airflow.models.dagbag.DagBag","filename":"dagbag.py","lineno":593}
{"timestamp":"2026-08-05T18:25:46.411020Z","level":"info","event":"Filling up the DagBag from /opt/airflow/dags/practice.py","logger":"airflow.models.dagbag.DagBag","filename":"dagbag.py","lineno":593}
{"timestamp":"2026-08-05T18:26:17.752039Z","level":"info","event":"Filling up the DagBag from /opt/airflow/dags/practice.py","logger":"airflow.models.dagbag.DagBag","filename":"dagbag.py","lineno":593}
{"timestamp":"2026-08-05T18:26:48.967697Z","level":"info","event":"Filling up the DagBag from /opt/airflow/dags/practice.py","logger":"airflow.models.dagbag.DagBag","filename":"dagbag.py","lineno":593}
{"timestamp":"2026-08-05T18:27:20.612601Z","level":"info","event":"Filling up the DagBag from /opt/airflow/dags/practice.py","logger":"airflow.models.dagbag.DagBag","filename":"dagbag.py","lineno":593}
{"timestamp":"2026-08-05T18:27:51.391129Z","level":"info","event":"Filling up the DagBag from /opt/airflow/dags/practice.py","logger":"airflow.models.dagbag.DagBag","filename":"dagbag.py","lineno":593}
{"timestamp":"2026-08-05T18:28:22.983742Z","level":"info","event":"Filling up the DagBag from /opt/airflow/dags/practice.py","logger":"airflow.models.dagbag.DagBag","filename":"dagbag.py","lineno":593}
{"timestamp":"2026-08-05T18:28:54.560216Z","level":"info","event":"Filling up the DagBag from /opt/airflow/dags/practice.py","logger":"airflow.models.dagbag.DagBag","filename":"dagbag.py","lineno":593}
{"timestamp":"2026-08-05T18:29:25.547837Z","level":"info","event":"Filling up the DagBag from /opt/airflow/dags/practice.py","logger":"airflow.models.dagbag.DagBag","filename":"dagbag.py","lineno":593}
{"timestamp":"2026-08-05T18:29:55.886760Z","level":"info","event":"Filling up the DagBag from /opt/airflow/dags/practice.py","logger":"airflow.models.dagbag.DagBag","filename":"dagbag.py","lineno":593}
{"timestamp":"2026-08-05T18:30:27.033852Z","level":"info","event":"Filling up the DagBag from /opt/airflow/dags/practice.py","logger":"airflow.models.dagbag.DagBag","filename":"dagbag.py","lineno":593}
{"timestamp":"2026-08-05T18:30:57.576255Z","level":"info","event":"Filling up the DagBag from /opt/airflow/dags/practice.py","logger":"airflow.models.dagbag.DagBag","filename":"dagbag.py","lineno":593}
{"timestamp":"2026-08-05T18:31:28.695281Z","level":"info","event":"Filling up the DagBag from /opt/airflow/dags/practice.py","logger":"airflow.models.dagbag.DagBag","filename":"dagbag.py","lineno":593}
{"timestamp":"2026-08-05T18:31:59.392153Z","level":"info","event":"Filling up the DagBag from /opt/airflow/dags/practice.py","logger":"airflow.models.dagbag.DagBag","filename":"dagbag.py","lineno":593}
{"timestamp":"2026-08-05T18:32:30.565094Z","level":"info","event":"Filling up the DagBag from /opt/airflow/dags/practice.py","logger":"airflow.models.dagbag.DagBag","filename":"dagbag.py","lineno":593}
{"timestamp":"2026-08-05T18:33:01.098057Z","level":"info","event":"Filling up the DagBag from /opt/airflow/dags/practice.py","logger":"airflow.models.dagbag.DagBag","filename":"dagbag.py","lineno":593}
{"timestamp":"2026-08-05T18:33:31.813675Z","level":"info","event":"Filling up the DagBag from /opt/airflow/dags/practice.py","logger":"airflow.models.dagbag.DagBag","filename":"dagbag.py","lineno":593}
{"timestamp":"2026-08-05T18:34:03.900027Z","level":"info","event":"Filling up the DagBag from /opt/airflow/dags/practice.py","logger":"airflow.models.dagbag.DagBag","filename":"dagbag.py","lineno":593}
{"timestamp":"2026-08-05T18:34:36.576815Z","level":"info","event":"Filling up the DagBag from /opt/airflow/dags/practice.py","logger":"airflow.models.dagbag.DagBag","filename":"dagbag.py","lineno":593}
{"timestamp":"2026-08-05T18:35:08.999606Z","level":"info","event":"Filling up the DagBag from /opt/airflow/dags/practice.py","logger":"airflow.models.dagbag.DagBag","filename":"dagbag.py","lineno":593}
{"timestamp":"2026-08-05T18:35:41.469189Z","level":"info","event":"Filling up the DagBag from /opt/airflow/dags/practice.py","logger":"airflow.models.dagbag.DagBag","filename":"dagbag.py","lineno":593}
{"timestamp":"2026-08-05T18:36:13.894656Z","level":"info","event":"Filling up the DagBag from /opt/airflow/dags/practice.py","logger":"airflow.models.dagbag.DagBag","filename":"dagbag.py","lineno":593}
{"timestamp":"2026-08-05T18:36:46.310067Z","level":"info","event":"Filling up the DagBag from /opt/airflow/dags/practice.py","logger":"airflow.models.dagbag.DagBag","filename":"dagbag.py","lineno":593}
{"timestamp":"2026-08-05T18:37:18.607682Z","level":"info","event":"Filling up the DagBag from /opt/airflow/dags/practice.py","logger":"airflow.models.dagbag.DagBag","filename":"dagbag.py","lineno":593}
{"timestamp":"2026-08-05T18:37:51.008852Z","level":"info","event":"Filling up the DagBag from /opt/airflow/dags/practice.py","logger":"airflow.models.dagbag.DagBag","filename":"dagbag.py","lineno":593}
{"timestamp":"2026-08-05T18:38:23.128444Z","level":"info","event":"Filling up the DagBag from /opt/airflow/dags/practice.py","logger":"airflow.models.dagbag.DagBag","filename":"dagbag.py","lineno":593}
{"timestamp":"2026-08-05T18:38:55.830112Z","level":"info","event":"Filling up the DagBag from /opt/airflow/dags/practice.py","logger":"airflow.models.dagbag.DagBag","filename":"dagbag.py","lineno":593}
{"timestamp":"2026-08-05T18:39:28.336692Z","level":"info","event":"Filling up the DagBag from /opt/airflow/dags/practice.py","logger":"airflow.models.dagbag.DagBag","filename":"dagbag.py","lineno":593}
{"timestamp":"2026-08-05T18:40:00.848457Z","level":"info","event":"Filling up the DagBag from /opt/airflow/dags/practice.py","logger":"airflow.models.dagbag.DagBag","filename":"dagbag.py","lineno":593}
{"timestamp":"2026-08-05T18:40:33.238997Z","level":"info","event":"Filling up the DagBag from /opt/airflow/dags/practice.py","logger":"airflow.models.dagbag.DagBag","filename":"dagbag.py","lineno":593}
{"timestamp":"2026-08-05T18:41:05.664475Z","level":"info","event":"Filling up the DagBag from /opt/airflow/dags/practice.py","logger":"airflow.models.dagbag.DagBag","filename":"dagbag.py","lineno":593}
{"timestamp":"2026-08-05T18:41:38.314101Z","level":"info","event":"Filling up the DagBag from /opt/airflow/dags/practice.py","logger":"airflow.models.dagbag.DagBag","filename":"dagbag.py","lineno":593}
{"timestamp":"2026-08-05T18:42:10.526110Z","level":"info","event":"Filling up the DagBag from /opt/airflow/dags/practice.py","logger":"airflow.models.dagbag.DagBag","filename":"dagbag.py","lineno":593}
{"timestamp":"2026-08-05T18:42:42.953392Z","level":"info","event":"Filling up the DagBag from /opt/airflow/dags/practice.py","logger":"airflow.models.dagbag.DagBag","filename":"dagbag.py","lineno":593}
{"timestamp":"2026-08-05T18:43:15.463890Z","level":"info","event":"Filling up the DagBag from /opt/airflow/dags/practice.py","logger":"airflow.models.dagbag.DagBag","filename":"dagbag.py","lineno":593}
{"timestamp":"2026-08-05T18:43:48.040179Z","level":"info","event":"Filling up the DagBag from /opt/airflow/dags/practice.py","logger":"airflow.models.dagbag.DagBag","filename":"dagbag.py","lineno":593}
{"timestamp":"2026-08-05T18:44:19.724394Z","level":"info","event":"Filling up the DagBag from /opt/airflow/dags/practice.py","logger":"airflow.models.dagbag.DagBag","filename":"dagbag.py","lineno":593}
{"timestamp":"2026-08-05T18:44:52.345079Z","level":"info","event":"Filling up the DagBag from /opt/airflow/dags/practice.py","logger":"airflow.models.dagbag.DagBag","filename":"dagbag.py","lineno":593}
{"timestamp":"2026-08-05T18:45:24.608913Z","level":"info","event":"Filling up the DagBag from /opt/airflow/dags/practice.py","logger":"airflow.models.dagbag.DagBag","filename":"dagbag.py","lineno":593}
{"timestamp":"2026-08-05T18:45:56.568679Z","level":"info","event":"Filling up the DagBag from /opt/airflow/dags/practice.py","logger":"airflow.models.dagbag.DagBag","filename":"dagbag.py","lineno":593}
{"timestamp":"2026-08-05T18:46:28.690269Z","level":"info","event":"Filling up the DagBag from /opt/airflow/dags/practice.py","logger":"airflow.models.dagbag.DagBag","filename":"dagbag.py","lineno":593}
{"timestamp":"2026-08-05T18:47:01.349675Z","level":"info","event":"Filling up the DagBag from /opt/airflow/dags/practice.py","logger":"airflow.models.dagbag.DagBag","filename":"dagbag.py","lineno":593}
{"timestamp":"2026-08-05T18:47:31.886920Z","level":"info","event":"Filling up the DagBag from /opt/airflow/dags/practice.py","logger":"airflow.models.dagbag.DagBag","filename":"dagbag.py","lineno":593}
{"timestamp":"2026-08-05T18:48:02.268572Z","level":"info","event":"Filling up the DagBag from /opt/airflow/dags/practice.py","logger":"airflow.models.dagbag.DagBag","filename":"dagbag.py","lineno":593}
{"timestamp":"2026-08-05T18:48:33.430085Z","level":"info","event":"Filling up the DagBag from /opt/airflow/dags/practice.py","logger":"airflow.models.dagbag.DagBag","filename":"dagbag.py","lineno":593}
{"timestamp":"2026-08-05T18:49:03.998658Z","level":"info","event":"Filling up the DagBag from /opt/airflow/dags/practice.py","logger":"airflow.models.dagbag.DagBag","filename":"dagbag.py","lineno":593}
{"timestamp":"2026-08-05T18:49:34.920729Z","level":"info","event":"Filling up the DagBag from /opt/airflow/dags/practice.py","logger":"airflow.models.dagbag.DagBag","filename":"dagbag.py","lineno":593}
{"timestamp":"2026-08-05T18:50:05.782661Z","level":"info","event":"Filling up the DagBag from /opt/airflow/dags/practice.py","logger":"airflow.models.dagbag.DagBag","filename":"dagbag.py","lineno":593}
{"timestamp":"2026-08-05T18:50:36.479088Z","level":"info","event":"Filling up the DagBag from /opt/airflow/dags/practice.py","logger":"airflow.models.dagbag.DagBag","filename":"dagbag.py","lineno":593}
{"timestamp":"2026-08-05T18:51:06.850725Z","level":"info","event":"Filling up the DagBag from /opt/airflow/dags/practice.py","logger":"airflow.models.dagbag.DagBag","filename":"dagbag.py","lineno":593}
{"timestamp":"2026-08-05T18:51:37.395828Z","level":"info","event":"Filling up the DagBag from /opt/airflow/dags/practice.py","logger":"airflow.models.dagbag.DagBag","filename":"dagbag.py","lineno":593}
{"timestamp":"2026-08-05T18:52:07.957523Z","level":"info","event":"Filling up the DagBag from /opt/airflow/dags/practice.py","logger":"airflow.models.dagbag.DagBag","filename":"dagbag.py","lineno":593}
{"timestamp":"2026-08-05T18:52:38.990530Z","level":"info","event":"Filling up the DagBag from /opt/airflow/dags/practice.py","logger":"airflow.models.dagbag.DagBag","filename":"dagbag.py","lineno":593}
{"timestamp":"2026-08-05T18:53:09.667907Z","level":"info","event":"Filling up the DagBag from /opt/airflow/dags/practice.py","logger":"airflow.models.dagbag.DagBag","filename":"dagbag.py","lineno":593}
{"timestamp":"2026-08-05T18:53:40.069174Z","level":"info","event":"Filling up the DagBag from /opt/airflow/dags/practice.py","logger":"airflow.models.dagbag.DagBag","filename":"dagbag.py","lineno":593}
{"timestamp":"2026-08-05T18:54:11.198960Z","level":"info","event":"Filling up the DagBag from /opt/airflow/dags/practice.py","logger":"airflow.models.dagbag.DagBag","filename":"dagbag.py","lineno":593}
{"timestamp":"2026-08-05T18:54:41.688581Z","level":"info","event":"Filling up the DagBag from /opt/airflow/dags/practice.py","logger":"airflow.models.dagbag.DagBag","filename":"dagbag.py","lineno":593}
{"timestamp":"2026-08-05T18:55:12.453662Z","level":"info","event":"Filling up the DagBag from /opt/airflow/dags/practice.py","logger":"airflow.models.dagbag.DagBag","filename":"dagbag.py","lineno":593}
{"timestamp":"2026-08-05T18:55:42.735915Z","level":"info","event":"Filling up the DagBag from /opt/airflow/dags/practice.py","logger":"airflow.models.dagbag.DagBag","filename":"dagbag.py","lineno":593}
{"timestamp":"2026-08-05T18:56:13.322571Z","level":"info","event":"Filling up the DagBag from /opt/airflow/dags/practice.py","logger":"airflow.models.dagbag.DagBag","filename":"dagbag.py","lineno":593}
{"timestamp":"2026-08-05T18:56:45.420389Z","level":"info","event":"Filling up the DagBag from /opt/airflow/dags/practice.py","logger":"airflow.models.dagbag.DagBag","filename":"dagbag.py","lineno":593}
{"timestamp":"2026-08-05T18:57:17.642808Z","level":"info","event":"Filling up the DagBag from /opt/airflow/dags/practice.py","logger":"airflow.models.dagbag.DagBag","filename":"dagbag.py","lineno":593}
{"timestamp":"2026-08-05T18:57:50.477770Z","level":"info","event":"Filling up the DagBag from /opt/airflow/dags/practice.py","logger":"airflow.models.dagbag.DagBag","filename":"dagbag.py","lineno":593}
{"timestamp":"2026-08-05T18:58:23.511339Z","level":"info","event":"Filling up the DagBag from /opt/airflow/dags/practice.py","logger":"airflow.models.dagbag.DagBag","filename":"dagbag.py","lineno":593}
{"timestamp":"2026-08-05T18:58:55.538463Z","level":"info","event":"Filling up the DagBag from /opt/airflow/dags/practice.py","logger":"airflow.models.dagbag.DagBag","filename":"dagbag.py","lineno":593}
{"timestamp":"2026-08-05T18:59:28.047577Z","level":"info","event":"Filling up the DagBag from /opt/airflow/dags/practice.py","logger":"airflow.models.dagbag.DagBag","filename":"dagbag.py","lineno":593}
{"timestamp":"2026-08-05T19:00:00.394395Z","level":"info","event":"Filling up the DagBag from /opt/airflow/dags/practice.py","logger":"airflow.models.dagbag.DagBag","filename":"dagbag.py","lineno":593}
{"timestamp":"2026-08-05T19:00:32.921090Z","level":"info","event":"Filling up the DagBag from /opt/airflow/dags/practice.py","logger":"airflow.models.dagbag.DagBag","filename":"dagbag.py","lineno":593}
{"timestamp":"2026-08-05T19:01:03.814236Z","level":"info","event":"Filling up the DagBag from /opt/airflow/dags/practice.py","logger":"airflow.models.dagbag.DagBag","filename":"dagbag.py","lineno":593}
{"timestamp":"2026-08-05T19:01:34.804480Z","level":"info","event":"Filling up the DagBag from /opt/airflow/dags/practice.py","logger":"airflow.models.dagbag.DagBag","filename":"dagbag.py","lineno":593}
{"timestamp":"2026-08-05T19:02:05.142443Z","level":"info","event":"Filling up the DagBag from /opt/airflow/dags/practice.py","logger":"airflow.models.dagbag.DagBag","filename":"dagbag.py","lineno":593}
{"timestamp":"2026-08-05T19:02:35.493181Z","level":"info","event":"Filling up the DagBag from /opt/airflow/dags/practice.py","logger":"airflow.models.dagbag.DagBag","filename":"dagbag.py","lineno":593}
{"timestamp":"2026-08-05T19:03:05.860701Z","level":"info","event":"Filling up the DagBag from /opt/airflow/dags/practice.py","logger":"airflow.models.dagbag.DagBag","filename":"dagbag.py","lineno":593}
{"timestamp":"2026-08-05T19:03:36.443929Z","level":"info","event":"Filling up the DagBag from /opt/airflow/dags/practice.py","logger":"airflow.models.dagbag.DagBag","filename":"dagbag.py","lineno":593}
{"timestamp":"2026-08-05T19:03:50.076847Z","level":"info","event":"Filling up the DagBag from /opt/airflow/dags/practice.py","logger":"airflow.models.dagbag.DagBag","filename":"dagbag.py","lineno":593}
{"timestamp":"2026-08-05T19:03:52.495311Z","level":"info","event":"Filling up the DagBag from /opt/airflow/dags/practice.py","logger":"airflow.models.dagbag.DagBag","filename":"dagbag.py","lineno":593}
{"timestamp":"2026-08-05T19:03:52.545601Z","level":"error","event":"Failed to import: /opt/airflow/dags/practice.py","logger":"airflow.models.dagbag.DagBag","filename":"dagbag.py","lineno":415,"error_detail":[{"exc_type":"SyntaxError","exc_value":"invalid syntax (practice.py, line 3)","exc_notes":[],"syntax_error":{"offset":2,"filename":"/opt/airflow/dags/practice.py","line":"@","lineno":3,"msg":"invalid syntax"},"is_cause":false,"frames":[{"filename":"/home/airflow/.local/lib/python3.12/site-packages/airflow/models/dagbag.py","lineno":405,"name":"parse"},{"filename":"<frozen importlib._bootstrap_external>","lineno":995,"name":"exec_module"},{"filename":"<frozen importlib._bootstrap_external>","lineno":1133,"name":"get_code"},{"filename":"<frozen importlib._bootstrap_external>","lineno":1063,"name":"source_to_code"},{"filename":"<frozen importlib._bootstrap>","lineno":488,"name":"_call_with_frames_removed"}],"is_group":false,"exceptions":[]}]}
{"timestamp":"2026-08-05T19:03:57.965205Z","level":"info","event":"Filling up the DagBag from /opt/airflow/dags/practice.py","logger":"airflow.models.dagbag.DagBag","filename":"dagbag.py","lineno":593}
{"timestamp":"2026-08-05T19:03:58.005594Z","level":"error","event":"Failed to import: /opt/airflow/dags/practice.py","logger":"airflow.models.dagbag.DagBag","filename":"dagbag.py","lineno":415,"error_detail":[{"exc_type":"SyntaxError","exc_value":"invalid syntax (practice.py, line 3)","exc_notes":[],"syntax_error":{"offset":0,"filename":"/opt/airflow/dags/practice.py","line":"@dag()","lineno":3,"msg":"invalid syntax"},"is_cause":false,"frames":[{"filename":"/home/airflow/.local/lib/python3.12/site-packages/airflow/models/dagbag.py","lineno":405,"name":"parse"},{"filename":"<frozen importlib._bootstrap_external>","lineno":995,"name":"exec_module"},{"filename":"<frozen importlib._bootstrap_external>","lineno":1133,"name":"get_code"},{"filename":"<frozen importlib._bootstrap_external>","lineno":1063,"name":"source_to_code"},{"filename":"<frozen importlib._bootstrap>","lineno":488,"name":"_call_with_frames_removed"}],"is_group":false,"exceptions":[]}]}
{"timestamp":"2026-08-05T19:04:02.343024Z","level":"info","event":"Filling up the DagBag from /opt/airflow/dags/practice.py","logger":"airflow.models.dagbag.DagBag","filename":"dagbag.py","lineno":593}
{"timestamp":"2026-08-05T19:04:02.383530Z","level":"error","event":"Failed to import: /opt/airflow/dags/practice.py","logger":"airflow.models.dagbag.DagBag","filename":"dagbag.py","lineno":415,"error_detail":[{"exc_type":"SyntaxError","exc_value":"invalid syntax (practice.py, line 3)","exc_notes":[],"syntax_error":{"offset":0,"filename":"/opt/airflow/dags/practice.py","line":"@dag(dag_id=\"practice_dag\")","lineno":3,"msg":"invalid syntax"},"is_cause":false,"frames":[{"filename":"/home/airflow/.local/lib/python3.12/site-packages/airflow/models/dagbag.py","lineno":405,"name":"parse"},{"filename":"<frozen importlib._bootstrap_external>","lineno":995,"name":"exec_module"},{"filename":"<frozen importlib._bootstrap_external>","lineno":1133,"name":"get_code"},{"filename":"<frozen importlib._bootstrap_external>","lineno":1063,"name":"source_to_code"},{"filename":"<frozen importlib._bootstrap>","lineno":488,"name":"_call_with_frames_removed"}],"is_group":false,"exceptions":[]}]}
{"timestamp":"2026-08-05T19:04:05.684193Z","level":"info","event":"Filling up the DagBag from /opt/airflow/dags/practice.py","logger":"airflow.models.dagbag.DagBag","filename":"dagbag.py","lineno":593}
{"timestamp":"2026-08-05T19:04:05.737685Z","level":"error","event":"Failed to import: /opt/airflow/dags/practice.py","logger":"airflow.models.dagbag.DagBag","filename":"dagbag.py","lineno":415,"error_detail":[{"exc_type":"SyntaxError","exc_value":"invalid syntax (practice.py, line 3)","exc_notes":[],"syntax_error":{"offset":0,"filename":"/opt/airflow/dags/practice.py","line":"@dag(dag_id=\"practice_dag\")","lineno":3,"msg":"invalid syntax"},"is_cause":false,"frames":[{"filename":"/home/airflow/.local/lib/python3.12/site-packages/airflow/models/dagbag.py","lineno":405,"name":"parse"},{"filename":"<frozen importlib._bootstrap_external>","lineno":995,"name":"exec_module"},{"filename":"<frozen importlib._bootstrap_external>","lineno":1133,"name":"get_code"},{"filename":"<frozen importlib._bootstrap_external>","lineno":1063,"name":"source_to_code"},{"filename":"<frozen importlib._bootstrap>","lineno":488,"name":"_call_with_frames_removed"}],"is_group":false,"exceptions":[]}]}
{"timestamp":"2026-08-05T19:04:12.420876Z","level":"info","event":"Filling up the DagBag from /opt/airflow/dags/practice.py","logger":"airflow.models.dagbag.DagBag","filename":"dagbag.py","lineno":593}
{"timestamp":"2026-08-05T19:04:12.462014Z","level":"error","event":"Failed to import: /opt/airflow/dags/practice.py","logger":"airflow.models.dagbag.DagBag","filename":"dagbag.py","lineno":415,"error_detail":[{"exc_type":"SyntaxError","exc_value":"invalid syntax (practice.py, line 3)","exc_notes":[],"syntax_error":{"offset":0,"filename":"/opt/airflow/dags/practice.py","line":"@dag(dag_id=\"practice_xcom_dag\")","lineno":3,"msg":"invalid syntax"},"is_cause":false,"frames":[{"filename":"/home/airflow/.local/lib/python3.12/site-packages/airflow/models/dagbag.py","lineno":405,"name":"parse"},{"filename":"<frozen importlib._bootstrap_external>","lineno":995,"name":"exec_module"},{"filename":"<frozen importlib._bootstrap_external>","lineno":1133,"name":"get_code"},{"filename":"<frozen importlib._bootstrap_external>","lineno":1063,"name":"source_to_code"},{"filename":"<frozen importlib._bootstrap>","lineno":488,"name":"_call_with_frames_removed"}],"is_group":false,"exceptions":[]}]}
{"timestamp":"2026-08-05T19:04:16.818143Z","level":"info","event":"Filling up the DagBag from /opt/airflow/dags/practice.py","logger":"airflow.models.dagbag.DagBag","filename":"dagbag.py","lineno":593}
{"timestamp":"2026-08-05T19:04:16.876445Z","level":"error","event":"Failed to import: /opt/airflow/dags/practice.py","logger":"airflow.models.dagbag.DagBag","filename":"dagbag.py","lineno":415,"error_detail":[{"exc_type":"SyntaxError","exc_value":"invalid syntax (practice.py, line 3)","exc_notes":[],"syntax_error":{"offset":0,"filename":"/opt/airflow/dags/practice.py","line":"@dag(dag_id=\"practice_xcom_ma_dag\")","lineno":3,"msg":"invalid syntax"},"is_cause":false,"frames":[{"filename":"/home/airflow/.local/lib/python3.12/site-packages/airflow/models/dagbag.py","lineno":405,"name":"parse"},{"filename":"<frozen importlib._bootstrap_external>","lineno":995,"name":"exec_module"},{"filename":"<frozen importlib._bootstrap_external>","lineno":1133,"name":"get_code"},{"filename":"<frozen importlib._bootstrap_external>","lineno":1063,"name":"source_to_code"},{"filename":"<frozen importlib._bootstrap>","lineno":488,"name":"_call_with_frames_removed"}],"is_group":false,"exceptions":[]}]}
{"timestamp":"2026-08-05T19:04:20.936692Z","level":"info","event":"Filling up the DagBag from /opt/airflow/dags/practice.py","logger":"airflow.models.dagbag.DagBag","filename":"dagbag.py","lineno":593}
{"timestamp":"2026-08-05T19:04:20.984788Z","level":"error","event":"Failed to import: /opt/airflow/dags/practice.py","logger":"airflow.models.dagbag.DagBag","filename":"dagbag.py","lineno":415,"error_detail":[{"exc_type":"SyntaxError","exc_value":"invalid syntax (practice.py, line 3)","exc_notes":[],"syntax_error":{"offset":0,"filename":"/opt/airflow/dags/practice.py","line":"@dag(dag_id=\"practice_xcom_manual_dag\")","lineno":3,"msg":"invalid syntax"},"is_cause":false,"frames":[{"filename":"/home/airflow/.local/lib/python3.12/site-packages/airflow/models/dagbag.py","lineno":405,"name":"parse"},{"filename":"<frozen importlib._bootstrap_external>","lineno":995,"name":"exec_module"},{"filename":"<frozen importlib._bootstrap_external>","lineno":1133,"name":"get_code"},{"filename":"<frozen importlib._bootstrap_external>","lineno":1063,"name":"source_to_code"},{"filename":"<frozen importlib._bootstrap>","lineno":488,"name":"_call_with_frames_removed"}],"is_group":false,"exceptions":[]}]}
{"timestamp":"2026-08-05T19:04:23.225408Z","level":"info","event":"Filling up the DagBag from /opt/airflow/dags/practice.py","logger":"airflow.models.dagbag.DagBag","filename":"dagbag.py","lineno":593}
{"timestamp":"2026-08-05T19:04:23.262352Z","level":"error","event":"Failed to import: /opt/airflow/dags/practice.py","logger":"airflow.models.dagbag.DagBag","filename":"dagbag.py","lineno":415,"error_detail":[{"exc_type":"SyntaxError","exc_value":"invalid syntax (practice.py, line 3)","exc_notes":[],"syntax_error":{"offset":0,"filename":"/opt/airflow/dags/practice.py","line":"@dag(dag_id=\"practice_xcom_manual_dag\")\n","lineno":3,"msg":"invalid syntax"},"is_cause":false,"frames":[{"filename":"/home/airflow/.local/lib/python3.12/site-packages/airflow/models/dagbag.py","lineno":405,"name":"parse"},{"filename":"<frozen importlib._bootstrap_external>","lineno":995,"name":"exec_module"},{"filename":"<frozen importlib._bootstrap_external>","lineno":1133,"name":"get_code"},{"filename":"<frozen importlib._bootstrap_external>","lineno":1063,"name":"source_to_code"},{"filename":"<frozen importlib._bootstrap>","lineno":488,"name":"_call_with_frames_removed"}],"is_group":false,"exceptions":[]}]}
{"timestamp":"2026-08-05T19:04:33.742847Z","level":"info","event":"Filling up the DagBag from /opt/airflow/dags/practice.py","logger":"airflow.models.dagbag.DagBag","filename":"dagbag.py","lineno":593}
{"timestamp":"2026-08-05T19:04:33.781816Z","level":"error","event":"Failed to import: /opt/airflow/dags/practice.py","logger":"airflow.models.dagbag.DagBag","filename":"dagbag.py","lineno":415,"error_detail":[{"exc_type":"IndentationError","exc_value":"expected an indented block after function definition on line 4 (practice.py, line 5)","exc_notes":[],"syntax_error":{"offset":5,"filename":"/opt/airflow/dags/practice.py","line":"    ","lineno":5,"msg":"expected an indented block after function definition on line 4"},"is_cause":false,"frames":[{"filename":"/home/airflow/.local/lib/python3.12/site-packages/airflow/models/dagbag.py","lineno":405,"name":"parse"},{"filename":"<frozen importlib._bootstrap_external>","lineno":995,"name":"exec_module"},{"filename":"<frozen importlib._bootstrap_external>","lineno":1133,"name":"get_code"},{"filename":"<frozen importlib._bootstrap_external>","lineno":1063,"name":"source_to_code"},{"filename":"<frozen importlib._bootstrap>","lineno":488,"name":"_call_with_frames_removed"}],"is_group":false,"exceptions":[]}]}
{"timestamp":"2026-08-05T19:04:36.173273Z","level":"info","event":"Filling up the DagBag from /opt/airflow/dags/practice.py","logger":"airflow.models.dagbag.DagBag","filename":"dagbag.py","lineno":593}
{"timestamp":"2026-08-05T19:04:36.252631Z","level":"error","event":"Failed to import: /opt/airflow/dags/practice.py","logger":"airflow.models.dagbag.DagBag","filename":"dagbag.py","lineno":415,"error_detail":[{"exc_type":"SyntaxError","exc_value":"invalid syntax (practice.py, line 5)","exc_notes":[],"syntax_error":{"offset":6,"filename":"/opt/airflow/dags/practice.py","line":"    @","lineno":5,"msg":"invalid syntax"},"is_cause":false,"frames":[{"filename":"/home/airflow/.local/lib/python3.12/site-packages/airflow/models/dagbag.py","lineno":405,"name":"parse"},{"filename":"<frozen importlib._bootstrap_external>","lineno":995,"name":"exec_module"},{"filename":"<frozen importlib._bootstrap_external>","lineno":1133,"name":"get_code"},{"filename":"<frozen importlib._bootstrap_external>","lineno":1063,"name":"source_to_code"},{"filename":"<frozen importlib._bootstrap>","lineno":488,"name":"_call_with_frames_removed"}],"is_group":false,"exceptions":[]}]}
{"timestamp":"2026-08-05T19:04:40.143936Z","level":"info","event":"Filling up the DagBag from /opt/airflow/dags/practice.py","logger":"airflow.models.dagbag.DagBag","filename":"dagbag.py","lineno":593}
{"timestamp":"2026-08-05T19:04:40.224203Z","level":"error","event":"Failed to import: /opt/airflow/dags/practice.py","logger":"airflow.models.dagbag.DagBag","filename":"dagbag.py","lineno":415,"error_detail":[{"exc_type":"IndentationError","exc_value":"unexpected unindent (practice.py, line 6)","exc_notes":[],"syntax_error":{"offset":5,"filename":"/opt/airflow/dags/practice.py","line":"    ","lineno":6,"msg":"unexpected unindent"},"is_cause":false,"frames":[{"filename":"/home/airflow/.local/lib/python3.12/site-packages/airflow/models/dagbag.py","lineno":405,"name":"parse"},{"filename":"<frozen importlib._bootstrap_external>","lineno":995,"name":"exec_module"},{"filename":"<frozen importlib._bootstrap_external>","lineno":1133,"name":"get_code"},{"filename":"<frozen importlib._bootstrap_external>","lineno":1063,"name":"source_to_code"},{"filename":"<frozen importlib._bootstrap>","lineno":488,"name":"_call_with_frames_removed"}],"is_group":false,"exceptions":[]}]}
{"timestamp":"2026-08-05T19:04:41.484893Z","level":"info","event":"Filling up the DagBag from /opt/airflow/dags/practice.py","logger":"airflow.models.dagbag.DagBag","filename":"dagbag.py","lineno":593}
{"timestamp":"2026-08-05T19:04:41.540804Z","level":"error","event":"Failed to import: /opt/airflow/dags/practice.py","logger":"airflow.models.dagbag.DagBag","filename":"dagbag.py","lineno":415,"error_detail":[{"exc_type":"IndentationError","exc_value":"expected an indented block after function definition on line 6 (practice.py, line 6)","exc_notes":[],"syntax_error":{"offset":30,"filename":"/opt/airflow/dags/practice.py","line":"    def first_task(**kwargs):","lineno":6,"msg":"expected an indented block after function definition on line 6"},"is_cause":false,"frames":[{"filename":"/home/airflow/.local/lib/python3.12/site-packages/airflow/models/dagbag.py","lineno":405,"name":"parse"},{"filename":"<frozen importlib._bootstrap_external>","lineno":995,"name":"exec_module"},{"filename":"<frozen importlib._bootstrap_external>","lineno":1133,"name":"get_code"},{"filename":"<frozen importlib._bootstrap_external>","lineno":1063,"name":"source_to_code"},{"filename":"<frozen importlib._bootstrap>","lineno":488,"name":"_call_with_frames_removed"}],"is_group":false,"exceptions":[]}]}
{"timestamp":"2026-08-05T19:04:42.793853Z","level":"info","event":"Filling up the DagBag from /opt/airflow/dags/practice.py","logger":"airflow.models.dagbag.DagBag","filename":"dagbag.py","lineno":593}
{"timestamp":"2026-08-05T19:04:42.838300Z","level":"error","event":"Failed to import: /opt/airflow/dags/practice.py","logger":"airflow.models.dagbag.DagBag","filename":"dagbag.py","lineno":415,"error_detail":[{"exc_type":"IndentationError","exc_value":"expected an indented block after function definition on line 6 (practice.py, line 7)","exc_notes":[],"syntax_error":{"offset":9,"filename":"/opt/airflow/dags/practice.py","line":"        ","lineno":7,"msg":"expected an indented block after function definition on line 6"},"is_cause":false,"frames":[{"filename":"/home/airflow/.local/lib/python3.12/site-packages/airflow/models/dagbag.py","lineno":405,"name":"parse"},{"filename":"<frozen importlib._bootstrap_external>","lineno":995,"name":"exec_module"},{"filename":"<frozen importlib._bootstrap_external>","lineno":1133,"name":"get_code"},{"filename":"<frozen importlib._bootstrap_external>","lineno":1063,"name":"source_to_code"},{"filename":"<frozen importlib._bootstrap>","lineno":488,"name":"_call_with_frames_removed"}],"is_group":false,"exceptions":[]}]}
{"timestamp":"2026-08-05T19:05:02.747368Z","level":"info","event":"Filling up the DagBag from /opt/airflow/dags/practice.py","logger":"airflow.models.dagbag.DagBag","filename":"dagbag.py","lineno":593}
{"timestamp":"2026-08-05T19:05:08.175337Z","level":"info","event":"Filling up the DagBag from /opt/airflow/dags/practice.py","logger":"airflow.models.dagbag.DagBag","filename":"dagbag.py","lineno":593}
{"timestamp":"2026-08-05T19:05:08.266107Z","level":"error","event":"Failed to import: /opt/airflow/dags/practice.py","logger":"airflow.models.dagbag.DagBag","filename":"dagbag.py","lineno":415,"error_detail":[{"exc_type":"SyntaxError","exc_value":"'[' was never closed (practice.py, line 8)","exc_notes":[],"syntax_error":{"offset":33,"filename":"/opt/airflow/dags/practice.py","line":"        fetched_data = {\"data\": [1, 2, 3, 4,","lineno":8,"msg":"'[' was never closed"},"is_cause":false,"frames":[{"filename":"/home/airflow/.local/lib/python3.12/site-packages/airflow/models/dagbag.py","lineno":405,"name":"parse"},{"filename":"<frozen importlib._bootstrap_external>","lineno":995,"name":"exec_module"},{"filename":"<frozen importlib._bootstrap_external>","lineno":1133,"name":"get_code"},{"filename":"<frozen importlib._bootstrap_external>","lineno":1063,"name":"source_to_code"},{"filename":"<frozen importlib._bootstrap>","lineno":488,"name":"_call_with_frames_removed"}],"is_group":false,"exceptions":[]}]}
{"timestamp":"2026-08-05T19:05:13.891126Z","level":"info","event":"Filling up the DagBag from /opt/airflow/dags/practice.py","logger":"airflow.models.dagbag.DagBag","filename":"dagbag.py","lineno":593}
{"timestamp":"2026-08-05T19:05:16.236369Z","level":"info","event":"Filling up the DagBag from /opt/airflow/dags/practice.py","logger":"airflow.models.dagbag.DagBag","filename":"dagbag.py","lineno":593}
{"timestamp":"2026-08-05T19:05:25.272530Z","level":"info","event":"Filling up the DagBag from /opt/airflow/dags/practice.py","logger":"airflow.models.dagbag.DagBag","filename":"dagbag.py","lineno":593}
{"timestamp":"2026-08-05T19:05:29.782474Z","level":"info","event":"Filling up the DagBag from /opt/airflow/dags/practice.py","logger":"airflow.models.dagbag.DagBag","filename":"dagbag.py","lineno":593}
{"timestamp":"2026-08-05T19:05:43.389189Z","level":"info","event":"Filling up the DagBag from /opt/airflow/dags/practice.py","logger":"airflow.models.dagbag.DagBag","filename":"dagbag.py","lineno":593}
{"timestamp":"2026-08-05T19:05:45.876241Z","level":"info","event":"Filling up the DagBag from /opt/airflow/dags/practice.py","logger":"airflow.models.dagbag.DagBag","filename":"dagbag.py","lineno":593}
{"timestamp":"2026-08-05T19:05:45.917584Z","level":"error","event":"Failed to import: /opt/airflow/dags/practice.py","logger":"airflow.models.dagbag.DagBag","filename":"dagbag.py","lineno":415,"error_detail":[{"exc_type":"IndentationError","exc_value":"unexpected unindent (practice.py, line 13)","exc_notes":[],"syntax_error":{"offset":17,"filename":"/opt/airflow/dags/practice.py","line":"    @task.python","lineno":13,"msg":"unexpected unindent"},"is_cause":false,"frames":[{"filename":"/home/airflow/.local/lib/python3.12/site-packages/airflow/models/dagbag.py","lineno":405,"name":"parse"},{"filename":"<frozen importlib._bootstrap_external>","lineno":995,"name":"exec_module"},{"filename":"<frozen importlib._bootstrap_external>","lineno":1133,"name":"get_code"},{"filename":"<frozen importlib._bootstrap_external>","lineno":1063,"name":"source_to_code"},{"filename":"<frozen importlib._bootstrap>","lineno":488,"name":"_call_with_frames_removed"}],"is_group":false,"exceptions":[]}]}
{"timestamp":"2026-08-05T19:05:47.188959Z","level":"info","event":"Filling up the DagBag from /opt/airflow/dags/practice.py","logger":"airflow.models.dagbag.DagBag","filename":"dagbag.py","lineno":593}
{"timestamp":"2026-08-05T19:05:47.248515Z","level":"error","event":"Failed to import: /opt/airflow/dags/practice.py","logger":"airflow.models.dagbag.DagBag","filename":"dagbag.py","lineno":415,"error_detail":[{"exc_type":"IndentationError","exc_value":"expected an indented block after function definition on line 14 (practice.py, line 15)","exc_notes":[],"syntax_error":{"offset":9,"filename":"/opt/airflow/dags/practice.py","line":"        ","lineno":15,"msg":"expected an indented block after function definition on line 14"},"is_cause":false,"frames":[{"filename":"/home/airflow/.local/lib/python3.12/site-packages/airflow/models/dagbag.py","lineno":405,"name":"parse"},{"filename":"<frozen importlib._bootstrap_external>","lineno":995,"name":"exec_module"},{"filename":"<frozen importlib._bootstrap_external>","lineno":1133,"name":"get_code"},{"filename":"<frozen importlib._bootstrap_external>","lineno":1063,"name":"source_to_code"},{"filename":"<frozen importlib._bootstrap>","lineno":488,"name":"_call_with_frames_removed"}],"is_group":false,"exceptions":[]}]}
{"timestamp":"2026-08-05T19:06:11.162536Z","level":"info","event":"Filling up the DagBag from /opt/airflow/dags/practice.py","logger":"airflow.models.dagbag.DagBag","filename":"dagbag.py","lineno":593}
{"timestamp":"2026-08-05T19:06:11.191986Z","level":"error","event":"Failed to import: /opt/airflow/dags/practice.py","logger":"airflow.models.dagbag.DagBag","filename":"dagbag.py","lineno":415,"error_detail":[{"exc_type":"SyntaxError","exc_value":"unterminated string literal (detected at line 21) (practice.py, line 21)","exc_notes":[],"syntax_error":{"offset":34,"filename":"/opt/airflow/dags/practice.py","line":"        transformed_data_dict = {\"trans","lineno":21,"msg":"unterminated string literal (detected at line 21)"},"is_cause":false,"frames":[{"filename":"/home/airflow/.local/lib/python3.12/site-packages/airflow/models/dagbag.py","lineno":405,"name":"parse"},{"filename":"<frozen importlib._bootstrap_external>","lineno":995,"name":"exec_module"},{"filename":"<frozen importlib._bootstrap_external>","lineno":1133,"name":"get_code"},{"filename":"<frozen importlib._bootstrap_external>","lineno":1063,"name":"source_to_code"},{"filename":"<frozen importlib._bootstrap>","lineno":488,"name":"_call_with_frames_removed"}],"is_group":false,"exceptions":[]}]}
{"timestamp":"2026-08-05T19:06:13.920006Z","level":"info","event":"Filling up the DagBag from /opt/airflow/dags/practice.py","logger":"airflow.models.dagbag.DagBag","filename":"dagbag.py","lineno":593}
{"timestamp":"2026-08-05T19:06:29.601230Z","level":"info","event":"Filling up the DagBag from /opt/airflow/dags/practice.py","logger":"airflow.models.dagbag.DagBag","filename":"dagbag.py","lineno":593}
{"timestamp":"2026-08-05T19:06:33.060275Z","level":"info","event":"Filling up the DagBag from /opt/airflow/dags/practice.py","logger":"airflow.models.dagbag.DagBag","filename":"dagbag.py","lineno":593}
{"timestamp":"2026-08-05T19:06:38.522006Z","level":"info","event":"Filling up the DagBag from /opt/airflow/dags/practice.py","logger":"airflow.models.dagbag.DagBag","filename":"dagbag.py","lineno":593}
{"timestamp":"2026-08-05T19:06:42.127168Z","level":"info","event":"Filling up the DagBag from /opt/airflow/dags/practice.py","logger":"airflow.models.dagbag.DagBag","filename":"dagbag.py","lineno":593}
{"timestamp":"2026-08-05T19:06:42.220220Z","level":"error","event":"Failed to import: /opt/airflow/dags/practice.py","logger":"airflow.models.dagbag.DagBag","filename":"dagbag.py","lineno":415,"error_detail":[{"exc_type":"IndentationError","exc_value":"expected an indented block after function definition on line 25 (practice.py, line 26)","exc_notes":[],"syntax_error":{"offset":9,"filename":"/opt/airflow/dags/practice.py","line":"        ","lineno":26,"msg":"expected an indented block after function definition on line 25"},"is_cause":false,"frames":[{"filename":"/home/airflow/.local/lib/python3.12/site-packages/airflow/models/dagbag.py","lineno":405,"name":"parse"},{"filename":"<frozen importlib._bootstrap_external>","lineno":995,"name":"exec_module"},{"filename":"<frozen importlib._bootstrap_external>","lineno":1133,"name":"get_code"},{"filename":"<frozen importlib._bootstrap_external>","lineno":1063,"name":"source_to_code"},{"filename":"<frozen importlib._bootstrap>","lineno":488,"name":"_call_with_frames_removed"}],"is_group":false,"exceptions":[]}]}
{"timestamp":"2026-08-05T19:06:47.744093Z","level":"info","event":"Filling up the DagBag from /opt/airflow/dags/practice.py","logger":"airflow.models.dagbag.DagBag","filename":"dagbag.py","lineno":593}
{"timestamp":"2026-08-05T19:06:47.780267Z","level":"error","event":"Failed to import: /opt/airflow/dags/practice.py","logger":"airflow.models.dagbag.DagBag","filename":"dagbag.py","lineno":415,"error_detail":[{"exc_type":"IndentationError","exc_value":"unexpected indent (practice.py, line 28)","exc_notes":[],"syntax_error":{"offset":12,"filename":"/opt/airflow/dags/practice.py","line":"            ti = kwargs[\"ti\"]\n","lineno":28,"msg":"unexpected indent"},"is_cause":false,"frames":[{"filename":"/home/airflow/.local/lib/python3.12/site-packages/airflow/models/dagbag.py","lineno":405,"name":"parse"},{"filename":"<frozen importlib._bootstrap_external>","lineno":995,"name":"exec_module"},{"filename":"<frozen importlib._bootstrap_external>","lineno":1133,"name":"get_code"},{"filename":"<frozen importlib._bootstrap_external>","lineno":1063,"name":"source_to_code"},{"filename":"<frozen importlib._bootstrap>","lineno":488,"name":"_call_with_frames_removed"}],"is_group":false,"exceptions":[]}]}
{"timestamp":"2026-08-05T19:06:58.481700Z","level":"info","event":"Filling up the DagBag from /opt/airflow/dags/practice.py","logger":"airflow.models.dagbag.DagBag","filename":"dagbag.py","lineno":593}
{"timestamp":"2026-08-05T19:06:58.618953Z","level":"error","event":"Failed to import: /opt/airflow/dags/practice.py","logger":"airflow.models.dagbag.DagBag","filename":"dagbag.py","lineno":415,"error_detail":[{"exc_type":"IndentationError","exc_value":"expected an indented block after function definition on line 25 (practice.py, line 26)","exc_notes":[],"syntax_error":{"offset":9,"filename":"/opt/airflow/dags/practice.py","line":"        ","lineno":26,"msg":"expected an indented block after function definition on line 25"},"is_cause":false,"frames":[{"filename":"/home/airflow/.local/lib/python3.12/site-packages/airflow/models/dagbag.py","lineno":405,"name":"parse"},{"filename":"<frozen importlib._bootstrap_external>","lineno":995,"name":"exec_module"},{"filename":"<frozen importlib._bootstrap_external>","lineno":1133,"name":"get_code"},{"filename":"<frozen importlib._bootstrap_external>","lineno":1063,"name":"source_to_code"},{"filename":"<frozen importlib._bootstrap>","lineno":488,"name":"_call_with_frames_removed"}],"is_group":false,"exceptions":[]}]}
{"timestamp":"2026-08-05T19:07:02.344640Z","level":"info","event":"Filling up the DagBag from /opt/airflow/dags/practice.py","logger":"airflow.models.dagbag.DagBag","filename":"dagbag.py","lineno":593}
{"timestamp":"2026-08-05T19:07:02.400907Z","level":"error","event":"Failed to import: /opt/airflow/dags/practice.py","logger":"airflow.models.dagbag.DagBag","filename":"dagbag.py","lineno":415,"error_detail":[{"exc_type":"IndentationError","exc_value":"unexpected indent (practice.py, line 28)","exc_notes":[],"syntax_error":{"offset":12,"filename":"/opt/airflow/dags/practice.py","line":"            ti = kwargs[\"ti\"]\n","lineno":28,"msg":"unexpected indent"},"is_cause":false,"frames":[{"filename":"/home/airflow/.local/lib/python3.12/site-packages/airflow/models/dagbag.py","lineno":405,"name":"parse"},{"filename":"<frozen importlib._bootstrap_external>","lineno":995,"name":"exec_module"},{"filename":"<frozen importlib._bootstrap_external>","lineno":1133,"name":"get_code"},{"filename":"<frozen importlib._bootstrap_external>","lineno":1063,"name":"source_to_code"},{"filename":"<frozen importlib._bootstrap>","lineno":488,"name":"_call_with_frames_removed"}],"is_group":false,"exceptions":[]}]}
{"timestamp":"2026-08-05T19:07:05.639515Z","level":"info","event":"Filling up the DagBag from /opt/airflow/dags/practice.py","logger":"airflow.models.dagbag.DagBag","filename":"dagbag.py","lineno":593}
{"timestamp":"2026-08-05T19:07:05.681680Z","level":"error","event":"Failed to import: /opt/airflow/dags/practice.py","logger":"airflow.models.dagbag.DagBag","filename":"dagbag.py","lineno":415,"error_detail":[{"exc_type":"IndentationError","exc_value":"unexpected indent (practice.py, line 28)","exc_notes":[],"syntax_error":{"offset":12,"filename":"/opt/airflow/dags/practice.py","line":"            ti = kwargs[\"ti\"]\n","lineno":28,"msg":"unexpected indent"},"is_cause":false,"frames":[{"filename":"/home/airflow/.local/lib/python3.12/site-packages/airflow/models/dagbag.py","lineno":405,"name":"parse"},{"filename":"<frozen importlib._bootstrap_external>","lineno":995,"name":"exec_module"},{"filename":"<frozen importlib._bootstrap_external>","lineno":1133,"name":"get_code"},{"filename":"<frozen importlib._bootstrap_external>","lineno":1063,"name":"source_to_code"},{"filename":"<frozen importlib._bootstrap>","lineno":488,"name":"_call_with_frames_removed"}],"is_group":false,"exceptions":[]}]}
{"timestamp":"2026-08-05T19:07:30.499643Z","level":"info","event":"Filling up the DagBag from /opt/airflow/dags/practice.py","logger":"airflow.models.dagbag.DagBag","filename":"dagbag.py","lineno":593}
{"timestamp":"2026-08-05T19:07:30.552970Z","level":"error","event":"Failed to import: /opt/airflow/dags/practice.py","logger":"airflow.models.dagbag.DagBag","filename":"dagbag.py","lineno":415,"error_detail":[{"exc_type":"IndentationError","exc_value":"unexpected indent (practice.py, line 28)","exc_notes":[],"syntax_error":{"offset":12,"filename":"/opt/airflow/dags/practice.py","line":"            ti = kwargs[\"ti\"]\n","lineno":28,"msg":"unexpected indent"},"is_cause":false,"frames":[{"filename":"/home/airflow/.local/lib/python3.12/site-packages/airflow/models/dagbag.py","lineno":405,"name":"parse"},{"filename":"<frozen importlib._bootstrap_external>","lineno":995,"name":"exec_module"},{"filename":"<frozen importlib._bootstrap_external>","lineno":1133,"name":"get_code"},{"filename":"<frozen importlib._bootstrap_external>","lineno":1063,"name":"source_to_code"},{"filename":"<frozen importlib._bootstrap>","lineno":488,"name":"_call_with_frames_removed"}],"is_group":false,"exceptions":[]}]}
{"timestamp":"2026-08-05T19:07:42.478412Z","level":"info","event":"Filling up the DagBag from /opt/airflow/dags/practice.py","logger":"airflow.models.dagbag.DagBag","filename":"dagbag.py","lineno":593}
{"timestamp":"2026-08-05T19:07:42.524913Z","level":"error","event":"Failed to import: /opt/airflow/dags/practice.py","logger":"airflow.models.dagbag.DagBag","filename":"dagbag.py","lineno":415,"error_detail":[{"exc_type":"IndentationError","exc_value":"unexpected indent (practice.py, line 29)","exc_notes":[],"syntax_error":{"offset":12,"filename":"/opt/airflow/dags/practice.py","line":"            load_data = ti.xcom_pull(task_ids=\"second_task\", key=\"return_result\")\n","lineno":29,"msg":"unexpected indent"},"is_cause":false,"frames":[{"filename":"/home/airflow/.local/lib/python3.12/site-packages/airflow/models/dagbag.py","lineno":405,"name":"parse"},{"filename":"<frozen importlib._bootstrap_external>","lineno":995,"name":"exec_module"},{"filename":"<frozen importlib._bootstrap_external>","lineno":1133,"name":"get_code"},{"filename":"<frozen importlib._bootstrap_external>","lineno":1063,"name":"source_to_code"},{"filename":"<frozen importlib._bootstrap>","lineno":488,"name":"_call_with_frames_removed"}],"is_group":false,"exceptions":[]}]}
{"timestamp":"2026-08-05T19:07:44.776014Z","level":"info","event":"Filling up the DagBag from /opt/airflow/dags/practice.py","logger":"airflow.models.dagbag.DagBag","filename":"dagbag.py","lineno":593}
{"timestamp":"2026-08-05T19:07:44.812433Z","level":"error","event":"Failed to import: /opt/airflow/dags/practice.py","logger":"airflow.models.dagbag.DagBag","filename":"dagbag.py","lineno":415,"error_detail":[{"exc_type":"IndentationError","exc_value":"unexpected indent (practice.py, line 29)","exc_notes":[],"syntax_error":{"offset":12,"filename":"/opt/airflow/dags/practice.py","line":"            load_data = ti.xcom_pull(task_ids=\"second_task\", key=\"return_result\")\n","lineno":29,"msg":"unexpected indent"},"is_cause":false,"frames":[{"filename":"/home/airflow/.local/lib/python3.12/site-packages/airflow/models/dagbag.py","lineno":405,"name":"parse"},{"filename":"<frozen importlib._bootstrap_external>","lineno":995,"name":"exec_module"},{"filename":"<frozen importlib._bootstrap_external>","lineno":1133,"name":"get_code"},{"filename":"<frozen importlib._bootstrap_external>","lineno":1063,"name":"source_to_code"},{"filename":"<frozen importlib._bootstrap>","lineno":488,"name":"_call_with_frames_removed"}],"is_group":false,"exceptions":[]}]}
{"timestamp":"2026-08-05T19:07:49.190747Z","level":"info","event":"Filling up the DagBag from /opt/airflow/dags/practice.py","logger":"airflow.models.dagbag.DagBag","filename":"dagbag.py","lineno":593}
{"timestamp":"2026-08-05T19:07:51.585377Z","level":"info","event":"Filling up the DagBag from /opt/airflow/dags/practice.py","logger":"airflow.models.dagbag.DagBag","filename":"dagbag.py","lineno":593}
{"timestamp":"2026-08-05T19:07:53.998917Z","level":"info","event":"Filling up the DagBag from /opt/airflow/dags/practice.py","logger":"airflow.models.dagbag.DagBag","filename":"dagbag.py","lineno":593}
{"timestamp":"2026-08-05T19:07:55.534707Z","level":"info","event":"Filling up the DagBag from /opt/airflow/dags/practice.py","logger":"airflow.models.dagbag.DagBag","filename":"dagbag.py","lineno":593}
{"timestamp":"2026-08-05T19:07:58.020633Z","level":"info","event":"Filling up the DagBag from /opt/airflow/dags/practice.py","logger":"airflow.models.dagbag.DagBag","filename":"dagbag.py","lineno":593}
{"timestamp":"2026-08-05T19:08:02.374786Z","level":"info","event":"Filling up the DagBag from /opt/airflow/dags/practice.py","logger":"airflow.models.dagbag.DagBag","filename":"dagbag.py","lineno":593}
{"timestamp":"2026-08-05T19:08:09.529993Z","level":"info","event":"Filling up the DagBag from /opt/airflow/dags/practice.py","logger":"airflow.models.dagbag.DagBag","filename":"dagbag.py","lineno":593}
{"timestamp":"2026-08-05T19:08:40.498094Z","level":"info","event":"Filling up the DagBag from /opt/airflow/dags/practice.py","logger":"airflow.models.dagbag.DagBag","filename":"dagbag.py","lineno":593}
{"timestamp":"2026-08-05T19:09:11.606002Z","level":"info","event":"Filling up the DagBag from /opt/airflow/dags/practice.py","logger":"airflow.models.dagbag.DagBag","filename":"dagbag.py","lineno":593}
{"timestamp":"2026-08-05T19:09:44.562485Z","level":"info","event":"Filling up the DagBag from /opt/airflow/dags/practice.py","logger":"airflow.models.dagbag.DagBag","filename":"dagbag.py","lineno":593}
{"timestamp":"2026-08-05T19:10:17.986398Z","level":"info","event":"Filling up the DagBag from /opt/airflow/dags/practice.py","logger":"airflow.models.dagbag.DagBag","filename":"dagbag.py","lineno":593}
{"timestamp":"2026-08-05T19:10:48.565784Z","level":"info","event":"Filling up the DagBag from /opt/airflow/dags/practice.py","logger":"airflow.models.dagbag.DagBag","filename":"dagbag.py","lineno":593}
{"timestamp":"2026-08-05T19:11:19.098426Z","level":"info","event":"Filling up the DagBag from /opt/airflow/dags/practice.py","logger":"airflow.models.dagbag.DagBag","filename":"dagbag.py","lineno":593}
{"timestamp":"2026-08-05T19:11:49.755507Z","level":"info","event":"Filling up the DagBag from /opt/airflow/dags/practice.py","logger":"airflow.models.dagbag.DagBag","filename":"dagbag.py","lineno":593}
{"timestamp":"2026-08-05T19:12:20.221594Z","level":"info","event":"Filling up the DagBag from /opt/airflow/dags/practice.py","logger":"airflow.models.dagbag.DagBag","filename":"dagbag.py","lineno":593}
