{"timestamp":"2026-07-31T10:54:17.982314Z","level":"info","event":"Filling up the DagBag from /opt/airflow/dags/2_dag_versioning.py","logger":"airflow.dag_processing.dagbag.BundleDagBag","filename":"dagbag.py","lineno":460}
{"timestamp":"2026-07-31T10:54:49.809145Z","level":"info","event":"Filling up the DagBag from /opt/airflow/dags/2_dag_versioning.py","logger":"airflow.dag_processing.dagbag.BundleDagBag","filename":"dagbag.py","lineno":460}
{"timestamp":"2026-07-31T10:55:20.547045Z","level":"info","event":"Filling up the DagBag from /opt/airflow/dags/2_dag_versioning.py","logger":"airflow.dag_processing.dagbag.BundleDagBag","filename":"dagbag.py","lineno":460}
{"timestamp":"2026-07-31T10:55:51.659272Z","level":"info","event":"Filling up the DagBag from /opt/airflow/dags/2_dag_versioning.py","logger":"airflow.dag_processing.dagbag.BundleDagBag","filename":"dagbag.py","lineno":460}
{"timestamp":"2026-07-31T10:56:22.025519Z","level":"info","event":"Filling up the DagBag from /opt/airflow/dags/2_dag_versioning.py","logger":"airflow.dag_processing.dagbag.BundleDagBag","filename":"dagbag.py","lineno":460}
{"timestamp":"2026-07-31T10:56:52.624573Z","level":"info","event":"Filling up the DagBag from /opt/airflow/dags/2_dag_versioning.py","logger":"airflow.dag_processing.dagbag.BundleDagBag","filename":"dagbag.py","lineno":460}
{"timestamp":"2026-07-31T10:57:23.232816Z","level":"info","event":"Filling up the DagBag from /opt/airflow/dags/2_dag_versioning.py","logger":"airflow.dag_processing.dagbag.BundleDagBag","filename":"dagbag.py","lineno":460}
{"timestamp":"2026-07-31T10:57:53.830424Z","level":"info","event":"Filling up the DagBag from /opt/airflow/dags/2_dag_versioning.py","logger":"airflow.dag_processing.dagbag.BundleDagBag","filename":"dagbag.py","lineno":460}
{"timestamp":"2026-07-31T10:58:24.096791Z","level":"info","event":"Filling up the DagBag from /opt/airflow/dags/2_dag_versioning.py","logger":"airflow.dag_processing.dagbag.BundleDagBag","filename":"dagbag.py","lineno":460}
{"timestamp":"2026-07-31T10:58:25.469072Z","level":"info","event":"Filling up the DagBag from /opt/airflow/dags/2_dag_versioning.py","logger":"airflow.dag_processing.dagbag.BundleDagBag","filename":"dagbag.py","lineno":460}
{"timestamp":"2026-07-31T10:58:25.524095Z","level":"error","event":"Failed to import: /opt/airflow/dags/2_dag_versioning.py","logger":"airflow.dag_processing.importers.python_importer","filename":"python_importer.py","lineno":244,"error_detail":[{"exc_type":"SyntaxError","exc_value":"invalid syntax (2_dag_versioning.py, line 19)","exc_notes":[],"syntax_error":{"offset":6,"filename":"/opt/airflow/dags/2_dag_versioning.py","line":"    @\n","lineno":19,"msg":"invalid syntax"},"is_cause":false,"frames":[{"filename":"/home/airflow/.local/lib/python3.13/site-packages/airflow/dag_processing/importers/python_importer.py","lineno":238,"name":"parse"},{"filename":"<frozen importlib._bootstrap_external>","lineno":1019,"name":"exec_module"},{"filename":"<frozen importlib._bootstrap_external>","lineno":1157,"name":"get_code"},{"filename":"<frozen importlib._bootstrap_external>","lineno":1087,"name":"source_to_code"},{"filename":"<frozen importlib._bootstrap>","lineno":488,"name":"_call_with_frames_removed"}],"is_group":false,"exceptions":[]}]}
{"timestamp":"2026-07-31T10:58:25.540155Z","level":"error","event":"Error loading DAG from 2_dag_versioning.py: invalid syntax (2_dag_versioning.py, line 19)","logger":"airflow.dag_processing.dagbag.BundleDagBag","filename":"dagbag.py","lineno":319}
{"timestamp":"2026-07-31T10:58:27.780412Z","level":"info","event":"Filling up the DagBag from /opt/airflow/dags/2_dag_versioning.py","logger":"airflow.dag_processing.dagbag.BundleDagBag","filename":"dagbag.py","lineno":460}
{"timestamp":"2026-07-31T10:58:27.843785Z","level":"error","event":"Failed to import: /opt/airflow/dags/2_dag_versioning.py","logger":"airflow.dag_processing.importers.python_importer","filename":"python_importer.py","lineno":244,"error_detail":[{"exc_type":"SyntaxError","exc_value":"invalid syntax (2_dag_versioning.py, line 21)","exc_notes":[],"syntax_error":{"offset":5,"filename":"/opt/airflow/dags/2_dag_versioning.py","line":"    first = first_task()\n","lineno":21,"msg":"invalid syntax"},"is_cause":false,"frames":[{"filename":"/home/airflow/.local/lib/python3.13/site-packages/airflow/dag_processing/importers/python_importer.py","lineno":238,"name":"parse"},{"filename":"<frozen importlib._bootstrap_external>","lineno":1019,"name":"exec_module"},{"filename":"<frozen importlib._bootstrap_external>","lineno":1157,"name":"get_code"},{"filename":"<frozen importlib._bootstrap_external>","lineno":1087,"name":"source_to_code"},{"filename":"<frozen importlib._bootstrap>","lineno":488,"name":"_call_with_frames_removed"}],"is_group":false,"exceptions":[]}]}
{"timestamp":"2026-07-31T10:58:27.847924Z","level":"error","event":"Error loading DAG from 2_dag_versioning.py: invalid syntax (2_dag_versioning.py, line 21)","logger":"airflow.dag_processing.dagbag.BundleDagBag","filename":"dagbag.py","lineno":319}
{"timestamp":"2026-07-31T10:58:29.064522Z","level":"info","event":"Filling up the DagBag from /opt/airflow/dags/2_dag_versioning.py","logger":"airflow.dag_processing.dagbag.BundleDagBag","filename":"dagbag.py","lineno":460}
{"timestamp":"2026-07-31T10:58:29.123722Z","level":"error","event":"Failed to import: /opt/airflow/dags/2_dag_versioning.py","logger":"airflow.dag_processing.importers.python_importer","filename":"python_importer.py","lineno":244,"error_detail":[{"exc_type":"SyntaxError","exc_value":"invalid syntax (2_dag_versioning.py, line 21)","exc_notes":[],"syntax_error":{"offset":5,"filename":"/opt/airflow/dags/2_dag_versioning.py","line":"    first = first_task()\n","lineno":21,"msg":"invalid syntax"},"is_cause":false,"frames":[{"filename":"/home/airflow/.local/lib/python3.13/site-packages/airflow/dag_processing/importers/python_importer.py","lineno":238,"name":"parse"},{"filename":"<frozen importlib._bootstrap_external>","lineno":1019,"name":"exec_module"},{"filename":"<frozen importlib._bootstrap_external>","lineno":1157,"name":"get_code"},{"filename":"<frozen importlib._bootstrap_external>","lineno":1087,"name":"source_to_code"},{"filename":"<frozen importlib._bootstrap>","lineno":488,"name":"_call_with_frames_removed"}],"is_group":false,"exceptions":[]}]}
{"timestamp":"2026-07-31T10:58:29.129747Z","level":"error","event":"Error loading DAG from 2_dag_versioning.py: invalid syntax (2_dag_versioning.py, line 21)","logger":"airflow.dag_processing.dagbag.BundleDagBag","filename":"dagbag.py","lineno":319}
{"timestamp":"2026-07-31T10:58:30.296749Z","level":"info","event":"Filling up the DagBag from /opt/airflow/dags/2_dag_versioning.py","logger":"airflow.dag_processing.dagbag.BundleDagBag","filename":"dagbag.py","lineno":460}
{"timestamp":"2026-07-31T10:58:30.344011Z","level":"error","event":"Failed to import: /opt/airflow/dags/2_dag_versioning.py","logger":"airflow.dag_processing.importers.python_importer","filename":"python_importer.py","lineno":244,"error_detail":[{"exc_type":"IndentationError","exc_value":"expected an indented block after function definition on line 20 (2_dag_versioning.py, line 22)","exc_notes":[],"syntax_error":{"offset":5,"filename":"/opt/airflow/dags/2_dag_versioning.py","line":"    first = first_task()\n","lineno":22,"msg":"expected an indented block after function definition on line 20"},"is_cause":false,"frames":[{"filename":"/home/airflow/.local/lib/python3.13/site-packages/airflow/dag_processing/importers/python_importer.py","lineno":238,"name":"parse"},{"filename":"<frozen importlib._bootstrap_external>","lineno":1019,"name":"exec_module"},{"filename":"<frozen importlib._bootstrap_external>","lineno":1157,"name":"get_code"},{"filename":"<frozen importlib._bootstrap_external>","lineno":1087,"name":"source_to_code"},{"filename":"<frozen importlib._bootstrap>","lineno":488,"name":"_call_with_frames_removed"}],"is_group":false,"exceptions":[]}]}
{"timestamp":"2026-07-31T10:58:30.347857Z","level":"error","event":"Error loading DAG from 2_dag_versioning.py: expected an indented block after function definition on line 20 (2_dag_versioning.py, line 22)","logger":"airflow.dag_processing.dagbag.BundleDagBag","filename":"dagbag.py","lineno":319}
{"timestamp":"2026-07-31T10:58:36.690492Z","level":"info","event":"Filling up the DagBag from /opt/airflow/dags/2_dag_versioning.py","logger":"airflow.dag_processing.dagbag.BundleDagBag","filename":"dagbag.py","lineno":460}
{"timestamp":"2026-07-31T10:58:36.749172Z","level":"error","event":"Failed to import: /opt/airflow/dags/2_dag_versioning.py","logger":"airflow.dag_processing.importers.python_importer","filename":"python_importer.py","lineno":244,"error_detail":[{"exc_type":"IndentationError","exc_value":"expected an indented block after function definition on line 20 (2_dag_versioning.py, line 22)","exc_notes":[],"syntax_error":{"offset":5,"filename":"/opt/airflow/dags/2_dag_versioning.py","line":"    first = first_task()\n","lineno":22,"msg":"expected an indented block after function definition on line 20"},"is_cause":false,"frames":[{"filename":"/home/airflow/.local/lib/python3.13/site-packages/airflow/dag_processing/importers/python_importer.py","lineno":238,"name":"parse"},{"filename":"<frozen importlib._bootstrap_external>","lineno":1019,"name":"exec_module"},{"filename":"<frozen importlib._bootstrap_external>","lineno":1157,"name":"get_code"},{"filename":"<frozen importlib._bootstrap_external>","lineno":1087,"name":"source_to_code"},{"filename":"<frozen importlib._bootstrap>","lineno":488,"name":"_call_with_frames_removed"}],"is_group":false,"exceptions":[]}]}
{"timestamp":"2026-07-31T10:58:36.753634Z","level":"error","event":"Error loading DAG from 2_dag_versioning.py: expected an indented block after function definition on line 20 (2_dag_versioning.py, line 22)","logger":"airflow.dag_processing.dagbag.BundleDagBag","filename":"dagbag.py","lineno":319}
{"timestamp":"2026-07-31T10:58:38.993847Z","level":"info","event":"Filling up the DagBag from /opt/airflow/dags/2_dag_versioning.py","logger":"airflow.dag_processing.dagbag.BundleDagBag","filename":"dagbag.py","lineno":460}
{"timestamp":"2026-07-31T10:58:39.049023Z","level":"error","event":"Failed to import: /opt/airflow/dags/2_dag_versioning.py","logger":"airflow.dag_processing.importers.python_importer","filename":"python_importer.py","lineno":244,"error_detail":[{"exc_type":"IndentationError","exc_value":"expected an indented block after function definition on line 20 (2_dag_versioning.py, line 22)","exc_notes":[],"syntax_error":{"offset":5,"filename":"/opt/airflow/dags/2_dag_versioning.py","line":"    first = first_task()\n","lineno":22,"msg":"expected an indented block after function definition on line 20"},"is_cause":false,"frames":[{"filename":"/home/airflow/.local/lib/python3.13/site-packages/airflow/dag_processing/importers/python_importer.py","lineno":238,"name":"parse"},{"filename":"<frozen importlib._bootstrap_external>","lineno":1019,"name":"exec_module"},{"filename":"<frozen importlib._bootstrap_external>","lineno":1157,"name":"get_code"},{"filename":"<frozen importlib._bootstrap_external>","lineno":1087,"name":"source_to_code"},{"filename":"<frozen importlib._bootstrap>","lineno":488,"name":"_call_with_frames_removed"}],"is_group":false,"exceptions":[]}]}
{"timestamp":"2026-07-31T10:58:39.053524Z","level":"error","event":"Error loading DAG from 2_dag_versioning.py: expected an indented block after function definition on line 20 (2_dag_versioning.py, line 22)","logger":"airflow.dag_processing.dagbag.BundleDagBag","filename":"dagbag.py","lineno":319}
{"timestamp":"2026-07-31T10:58:42.486393Z","level":"info","event":"Filling up the DagBag from /opt/airflow/dags/2_dag_versioning.py","logger":"airflow.dag_processing.dagbag.BundleDagBag","filename":"dagbag.py","lineno":460}
{"timestamp":"2026-07-31T10:58:42.524107Z","level":"error","event":"Failed to import: /opt/airflow/dags/2_dag_versioning.py","logger":"airflow.dag_processing.importers.python_importer","filename":"python_importer.py","lineno":244,"error_detail":[{"exc_type":"IndentationError","exc_value":"expected an indented block after function definition on line 20 (2_dag_versioning.py, line 22)","exc_notes":[],"syntax_error":{"offset":5,"filename":"/opt/airflow/dags/2_dag_versioning.py","line":"    first = first_task()\n","lineno":22,"msg":"expected an indented block after function definition on line 20"},"is_cause":false,"frames":[{"filename":"/home/airflow/.local/lib/python3.13/site-packages/airflow/dag_processing/importers/python_importer.py","lineno":238,"name":"parse"},{"filename":"<frozen importlib._bootstrap_external>","lineno":1019,"name":"exec_module"},{"filename":"<frozen importlib._bootstrap_external>","lineno":1157,"name":"get_code"},{"filename":"<frozen importlib._bootstrap_external>","lineno":1087,"name":"source_to_code"},{"filename":"<frozen importlib._bootstrap>","lineno":488,"name":"_call_with_frames_removed"}],"is_group":false,"exceptions":[]}]}
{"timestamp":"2026-07-31T10:58:42.527677Z","level":"error","event":"Error loading DAG from 2_dag_versioning.py: expected an indented block after function definition on line 20 (2_dag_versioning.py, line 22)","logger":"airflow.dag_processing.dagbag.BundleDagBag","filename":"dagbag.py","lineno":319}
{"timestamp":"2026-07-31T10:58:50.834647Z","level":"info","event":"Filling up the DagBag from /opt/airflow/dags/2_dag_versioning.py","logger":"airflow.dag_processing.dagbag.BundleDagBag","filename":"dagbag.py","lineno":460}
{"timestamp":"2026-07-31T10:58:52.224285Z","level":"info","event":"Filling up the DagBag from /opt/airflow/dags/2_dag_versioning.py","logger":"airflow.dag_processing.dagbag.BundleDagBag","filename":"dagbag.py","lineno":460}
{"timestamp":"2026-07-31T10:58:57.651814Z","level":"info","event":"Filling up the DagBag from /opt/airflow/dags/2_dag_versioning.py","logger":"airflow.dag_processing.dagbag.BundleDagBag","filename":"dagbag.py","lineno":460}
{"timestamp":"2026-07-31T10:59:00.117884Z","level":"info","event":"Filling up the DagBag from /opt/airflow/dags/2_dag_versioning.py","logger":"airflow.dag_processing.dagbag.BundleDagBag","filename":"dagbag.py","lineno":460}
{"timestamp":"2026-07-31T10:59:19.052030Z","level":"info","event":"Filling up the DagBag from /opt/airflow/dags/2_dag_versioning.py","logger":"airflow.dag_processing.dagbag.BundleDagBag","filename":"dagbag.py","lineno":460}
{"timestamp":"2026-07-31T10:59:20.469447Z","level":"info","event":"Filling up the DagBag from /opt/airflow/dags/2_dag_versioning.py","logger":"airflow.dag_processing.dagbag.BundleDagBag","filename":"dagbag.py","lineno":460}
{"timestamp":"2026-07-31T10:59:50.873942Z","level":"info","event":"Filling up the DagBag from /opt/airflow/dags/2_dag_versioning.py","logger":"airflow.dag_processing.dagbag.BundleDagBag","filename":"dagbag.py","lineno":460}
{"timestamp":"2026-07-31T11:00:22.007710Z","level":"info","event":"Filling up the DagBag from /opt/airflow/dags/2_dag_versioning.py","logger":"airflow.dag_processing.dagbag.BundleDagBag","filename":"dagbag.py","lineno":460}
{"timestamp":"2026-07-31T11:00:38.851413Z","level":"info","event":"Filling up the DagBag from /opt/airflow/dags/2_dag_versioning.py","logger":"airflow.dag_processing.dagbag.BundleDagBag","filename":"dagbag.py","lineno":460}
{"timestamp":"2026-07-31T11:00:44.435111Z","level":"info","event":"Filling up the DagBag from /opt/airflow/dags/2_dag_versioning.py","logger":"airflow.dag_processing.dagbag.BundleDagBag","filename":"dagbag.py","lineno":460}
{"timestamp":"2026-07-31T11:01:15.168358Z","level":"info","event":"Filling up the DagBag from /opt/airflow/dags/2_dag_versioning.py","logger":"airflow.dag_processing.dagbag.BundleDagBag","filename":"dagbag.py","lineno":460}
{"timestamp":"2026-07-31T11:01:45.927633Z","level":"info","event":"Filling up the DagBag from /opt/airflow/dags/2_dag_versioning.py","logger":"airflow.dag_processing.dagbag.BundleDagBag","filename":"dagbag.py","lineno":460}
{"timestamp":"2026-07-31T11:02:16.884216Z","level":"info","event":"Filling up the DagBag from /opt/airflow/dags/2_dag_versioning.py","logger":"airflow.dag_processing.dagbag.BundleDagBag","filename":"dagbag.py","lineno":460}
{"timestamp":"2026-07-31T11:02:47.629650Z","level":"info","event":"Filling up the DagBag from /opt/airflow/dags/2_dag_versioning.py","logger":"airflow.dag_processing.dagbag.BundleDagBag","filename":"dagbag.py","lineno":460}
{"timestamp":"2026-07-31T11:03:18.432482Z","level":"info","event":"Filling up the DagBag from /opt/airflow/dags/2_dag_versioning.py","logger":"airflow.dag_processing.dagbag.BundleDagBag","filename":"dagbag.py","lineno":460}
{"timestamp":"2026-07-31T11:03:49.320610Z","level":"info","event":"Filling up the DagBag from /opt/airflow/dags/2_dag_versioning.py","logger":"airflow.dag_processing.dagbag.BundleDagBag","filename":"dagbag.py","lineno":460}
{"timestamp":"2026-07-31T11:04:20.191103Z","level":"info","event":"Filling up the DagBag from /opt/airflow/dags/2_dag_versioning.py","logger":"airflow.dag_processing.dagbag.BundleDagBag","filename":"dagbag.py","lineno":460}
{"timestamp":"2026-07-31T11:04:50.981200Z","level":"info","event":"Filling up the DagBag from /opt/airflow/dags/2_dag_versioning.py","logger":"airflow.dag_processing.dagbag.BundleDagBag","filename":"dagbag.py","lineno":460}
{"timestamp":"2026-07-31T11:05:21.254094Z","level":"info","event":"Filling up the DagBag from /opt/airflow/dags/2_dag_versioning.py","logger":"airflow.dag_processing.dagbag.BundleDagBag","filename":"dagbag.py","lineno":460}
{"timestamp":"2026-07-31T11:05:52.730784Z","level":"info","event":"Filling up the DagBag from /opt/airflow/dags/2_dag_versioning.py","logger":"airflow.dag_processing.dagbag.BundleDagBag","filename":"dagbag.py","lineno":460}
{"timestamp":"2026-07-31T11:06:23.745178Z","level":"info","event":"Filling up the DagBag from /opt/airflow/dags/2_dag_versioning.py","logger":"airflow.dag_processing.dagbag.BundleDagBag","filename":"dagbag.py","lineno":460}
{"timestamp":"2026-07-31T11:06:54.526420Z","level":"info","event":"Filling up the DagBag from /opt/airflow/dags/2_dag_versioning.py","logger":"airflow.dag_processing.dagbag.BundleDagBag","filename":"dagbag.py","lineno":460}
{"timestamp":"2026-07-31T11:07:26.056024Z","level":"info","event":"Filling up the DagBag from /opt/airflow/dags/2_dag_versioning.py","logger":"airflow.dag_processing.dagbag.BundleDagBag","filename":"dagbag.py","lineno":460}
{"timestamp":"2026-07-31T11:07:56.445791Z","level":"info","event":"Filling up the DagBag from /opt/airflow/dags/2_dag_versioning.py","logger":"airflow.dag_processing.dagbag.BundleDagBag","filename":"dagbag.py","lineno":460}
{"timestamp":"2026-07-31T11:08:27.805319Z","level":"info","event":"Filling up the DagBag from /opt/airflow/dags/2_dag_versioning.py","logger":"airflow.dag_processing.dagbag.BundleDagBag","filename":"dagbag.py","lineno":460}
{"timestamp":"2026-07-31T11:08:58.603555Z","level":"info","event":"Filling up the DagBag from /opt/airflow/dags/2_dag_versioning.py","logger":"airflow.dag_processing.dagbag.BundleDagBag","filename":"dagbag.py","lineno":460}
{"timestamp":"2026-07-31T11:09:29.501029Z","level":"info","event":"Filling up the DagBag from /opt/airflow/dags/2_dag_versioning.py","logger":"airflow.dag_processing.dagbag.BundleDagBag","filename":"dagbag.py","lineno":460}
{"timestamp":"2026-07-31T11:10:00.373259Z","level":"info","event":"Filling up the DagBag from /opt/airflow/dags/2_dag_versioning.py","logger":"airflow.dag_processing.dagbag.BundleDagBag","filename":"dagbag.py","lineno":460}
{"timestamp":"2026-07-31T11:10:31.158007Z","level":"info","event":"Filling up the DagBag from /opt/airflow/dags/2_dag_versioning.py","logger":"airflow.dag_processing.dagbag.BundleDagBag","filename":"dagbag.py","lineno":460}
{"timestamp":"2026-07-31T11:11:01.512500Z","level":"info","event":"Filling up the DagBag from /opt/airflow/dags/2_dag_versioning.py","logger":"airflow.dag_processing.dagbag.BundleDagBag","filename":"dagbag.py","lineno":460}
{"timestamp":"2026-07-31T11:11:32.689795Z","level":"info","event":"Filling up the DagBag from /opt/airflow/dags/2_dag_versioning.py","logger":"airflow.dag_processing.dagbag.BundleDagBag","filename":"dagbag.py","lineno":460}
{"timestamp":"2026-07-31T11:12:03.597179Z","level":"info","event":"Filling up the DagBag from /opt/airflow/dags/2_dag_versioning.py","logger":"airflow.dag_processing.dagbag.BundleDagBag","filename":"dagbag.py","lineno":460}
{"timestamp":"2026-07-31T11:12:34.635868Z","level":"info","event":"Filling up the DagBag from /opt/airflow/dags/2_dag_versioning.py","logger":"airflow.dag_processing.dagbag.BundleDagBag","filename":"dagbag.py","lineno":460}
{"timestamp":"2026-07-31T11:13:05.760445Z","level":"info","event":"Filling up the DagBag from /opt/airflow/dags/2_dag_versioning.py","logger":"airflow.dag_processing.dagbag.BundleDagBag","filename":"dagbag.py","lineno":460}
{"timestamp":"2026-07-31T11:13:36.962917Z","level":"info","event":"Filling up the DagBag from /opt/airflow/dags/2_dag_versioning.py","logger":"airflow.dag_processing.dagbag.BundleDagBag","filename":"dagbag.py","lineno":460}
{"timestamp":"2026-07-31T11:14:08.116107Z","level":"info","event":"Filling up the DagBag from /opt/airflow/dags/2_dag_versioning.py","logger":"airflow.dag_processing.dagbag.BundleDagBag","filename":"dagbag.py","lineno":460}
{"timestamp":"2026-07-31T11:14:38.468148Z","level":"info","event":"Filling up the DagBag from /opt/airflow/dags/2_dag_versioning.py","logger":"airflow.dag_processing.dagbag.BundleDagBag","filename":"dagbag.py","lineno":460}
{"timestamp":"2026-07-31T11:15:09.219377Z","level":"info","event":"Filling up the DagBag from /opt/airflow/dags/2_dag_versioning.py","logger":"airflow.dag_processing.dagbag.BundleDagBag","filename":"dagbag.py","lineno":460}
{"timestamp":"2026-07-31T11:15:40.604119Z","level":"info","event":"Filling up the DagBag from /opt/airflow/dags/2_dag_versioning.py","logger":"airflow.dag_processing.dagbag.BundleDagBag","filename":"dagbag.py","lineno":460}
{"timestamp":"2026-07-31T11:16:11.130325Z","level":"info","event":"Filling up the DagBag from /opt/airflow/dags/2_dag_versioning.py","logger":"airflow.dag_processing.dagbag.BundleDagBag","filename":"dagbag.py","lineno":460}
{"timestamp":"2026-07-31T11:16:42.395178Z","level":"info","event":"Filling up the DagBag from /opt/airflow/dags/2_dag_versioning.py","logger":"airflow.dag_processing.dagbag.BundleDagBag","filename":"dagbag.py","lineno":460}
{"timestamp":"2026-07-31T11:17:13.143507Z","level":"info","event":"Filling up the DagBag from /opt/airflow/dags/2_dag_versioning.py","logger":"airflow.dag_processing.dagbag.BundleDagBag","filename":"dagbag.py","lineno":460}
{"timestamp":"2026-07-31T11:17:44.507972Z","level":"info","event":"Filling up the DagBag from /opt/airflow/dags/2_dag_versioning.py","logger":"airflow.dag_processing.dagbag.BundleDagBag","filename":"dagbag.py","lineno":460}
{"timestamp":"2026-07-31T11:18:14.966684Z","level":"info","event":"Filling up the DagBag from /opt/airflow/dags/2_dag_versioning.py","logger":"airflow.dag_processing.dagbag.BundleDagBag","filename":"dagbag.py","lineno":460}
{"timestamp":"2026-07-31T11:18:46.073981Z","level":"info","event":"Filling up the DagBag from /opt/airflow/dags/2_dag_versioning.py","logger":"airflow.dag_processing.dagbag.BundleDagBag","filename":"dagbag.py","lineno":460}
{"timestamp":"2026-07-31T11:19:17.126347Z","level":"info","event":"Filling up the DagBag from /opt/airflow/dags/2_dag_versioning.py","logger":"airflow.dag_processing.dagbag.BundleDagBag","filename":"dagbag.py","lineno":460}
{"timestamp":"2026-07-31T11:19:47.831200Z","level":"info","event":"Filling up the DagBag from /opt/airflow/dags/2_dag_versioning.py","logger":"airflow.dag_processing.dagbag.BundleDagBag","filename":"dagbag.py","lineno":460}
{"timestamp":"2026-07-31T11:20:18.518123Z","level":"info","event":"Filling up the DagBag from /opt/airflow/dags/2_dag_versioning.py","logger":"airflow.dag_processing.dagbag.BundleDagBag","filename":"dagbag.py","lineno":460}
{"timestamp":"2026-07-31T11:20:49.884381Z","level":"info","event":"Filling up the DagBag from /opt/airflow/dags/2_dag_versioning.py","logger":"airflow.dag_processing.dagbag.BundleDagBag","filename":"dagbag.py","lineno":460}
{"timestamp":"2026-07-31T11:21:20.956752Z","level":"info","event":"Filling up the DagBag from /opt/airflow/dags/2_dag_versioning.py","logger":"airflow.dag_processing.dagbag.BundleDagBag","filename":"dagbag.py","lineno":460}
{"timestamp":"2026-07-31T11:21:51.573290Z","level":"info","event":"Filling up the DagBag from /opt/airflow/dags/2_dag_versioning.py","logger":"airflow.dag_processing.dagbag.BundleDagBag","filename":"dagbag.py","lineno":460}
{"timestamp":"2026-07-31T11:22:22.677917Z","level":"info","event":"Filling up the DagBag from /opt/airflow/dags/2_dag_versioning.py","logger":"airflow.dag_processing.dagbag.BundleDagBag","filename":"dagbag.py","lineno":460}
{"timestamp":"2026-07-31T11:22:53.879948Z","level":"info","event":"Filling up the DagBag from /opt/airflow/dags/2_dag_versioning.py","logger":"airflow.dag_processing.dagbag.BundleDagBag","filename":"dagbag.py","lineno":460}
{"timestamp":"2026-07-31T11:23:24.920195Z","level":"info","event":"Filling up the DagBag from /opt/airflow/dags/2_dag_versioning.py","logger":"airflow.dag_processing.dagbag.BundleDagBag","filename":"dagbag.py","lineno":460}
{"timestamp":"2026-07-31T11:23:55.411786Z","level":"info","event":"Filling up the DagBag from /opt/airflow/dags/2_dag_versioning.py","logger":"airflow.dag_processing.dagbag.BundleDagBag","filename":"dagbag.py","lineno":460}
{"timestamp":"2026-07-31T11:24:26.743970Z","level":"info","event":"Filling up the DagBag from /opt/airflow/dags/2_dag_versioning.py","logger":"airflow.dag_processing.dagbag.BundleDagBag","filename":"dagbag.py","lineno":460}
{"timestamp":"2026-07-31T11:24:57.149760Z","level":"info","event":"Filling up the DagBag from /opt/airflow/dags/2_dag_versioning.py","logger":"airflow.dag_processing.dagbag.BundleDagBag","filename":"dagbag.py","lineno":460}
{"timestamp":"2026-07-31T11:25:28.547819Z","level":"info","event":"Filling up the DagBag from /opt/airflow/dags/2_dag_versioning.py","logger":"airflow.dag_processing.dagbag.BundleDagBag","filename":"dagbag.py","lineno":460}
{"timestamp":"2026-07-31T11:25:59.865221Z","level":"info","event":"Filling up the DagBag from /opt/airflow/dags/2_dag_versioning.py","logger":"airflow.dag_processing.dagbag.BundleDagBag","filename":"dagbag.py","lineno":460}
{"timestamp":"2026-07-31T11:26:30.863477Z","level":"info","event":"Filling up the DagBag from /opt/airflow/dags/2_dag_versioning.py","logger":"airflow.dag_processing.dagbag.BundleDagBag","filename":"dagbag.py","lineno":460}
{"timestamp":"2026-07-31T11:27:01.619159Z","level":"info","event":"Filling up the DagBag from /opt/airflow/dags/2_dag_versioning.py","logger":"airflow.dag_processing.dagbag.BundleDagBag","filename":"dagbag.py","lineno":460}
{"timestamp":"2026-07-31T11:27:32.774853Z","level":"info","event":"Filling up the DagBag from /opt/airflow/dags/2_dag_versioning.py","logger":"airflow.dag_processing.dagbag.BundleDagBag","filename":"dagbag.py","lineno":460}
{"timestamp":"2026-07-31T11:28:03.203436Z","level":"info","event":"Filling up the DagBag from /opt/airflow/dags/2_dag_versioning.py","logger":"airflow.dag_processing.dagbag.BundleDagBag","filename":"dagbag.py","lineno":460}
{"timestamp":"2026-07-31T11:28:34.624582Z","level":"info","event":"Filling up the DagBag from /opt/airflow/dags/2_dag_versioning.py","logger":"airflow.dag_processing.dagbag.BundleDagBag","filename":"dagbag.py","lineno":460}
{"timestamp":"2026-07-31T11:29:05.637410Z","level":"info","event":"Filling up the DagBag from /opt/airflow/dags/2_dag_versioning.py","logger":"airflow.dag_processing.dagbag.BundleDagBag","filename":"dagbag.py","lineno":460}
{"timestamp":"2026-07-31T11:29:36.687467Z","level":"info","event":"Filling up the DagBag from /opt/airflow/dags/2_dag_versioning.py","logger":"airflow.dag_processing.dagbag.BundleDagBag","filename":"dagbag.py","lineno":460}
{"timestamp":"2026-07-31T11:30:07.777918Z","level":"info","event":"Filling up the DagBag from /opt/airflow/dags/2_dag_versioning.py","logger":"airflow.dag_processing.dagbag.BundleDagBag","filename":"dagbag.py","lineno":460}
{"timestamp":"2026-07-31T11:30:38.484734Z","level":"info","event":"Filling up the DagBag from /opt/airflow/dags/2_dag_versioning.py","logger":"airflow.dag_processing.dagbag.BundleDagBag","filename":"dagbag.py","lineno":460}
{"timestamp":"2026-07-31T11:31:09.930317Z","level":"info","event":"Filling up the DagBag from /opt/airflow/dags/2_dag_versioning.py","logger":"airflow.dag_processing.dagbag.BundleDagBag","filename":"dagbag.py","lineno":460}
{"timestamp":"2026-07-31T11:31:41.091639Z","level":"info","event":"Filling up the DagBag from /opt/airflow/dags/2_dag_versioning.py","logger":"airflow.dag_processing.dagbag.BundleDagBag","filename":"dagbag.py","lineno":460}
{"timestamp":"2026-07-31T11:32:12.313569Z","level":"info","event":"Filling up the DagBag from /opt/airflow/dags/2_dag_versioning.py","logger":"airflow.dag_processing.dagbag.BundleDagBag","filename":"dagbag.py","lineno":460}
{"timestamp":"2026-07-31T11:32:43.302839Z","level":"info","event":"Filling up the DagBag from /opt/airflow/dags/2_dag_versioning.py","logger":"airflow.dag_processing.dagbag.BundleDagBag","filename":"dagbag.py","lineno":460}
{"timestamp":"2026-07-31T11:33:13.866921Z","level":"info","event":"Filling up the DagBag from /opt/airflow/dags/2_dag_versioning.py","logger":"airflow.dag_processing.dagbag.BundleDagBag","filename":"dagbag.py","lineno":460}
{"timestamp":"2026-07-31T11:33:45.560401Z","level":"info","event":"Filling up the DagBag from /opt/airflow/dags/2_dag_versioning.py","logger":"airflow.dag_processing.dagbag.BundleDagBag","filename":"dagbag.py","lineno":460}
{"timestamp":"2026-07-31T11:34:16.241595Z","level":"info","event":"Filling up the DagBag from /opt/airflow/dags/2_dag_versioning.py","logger":"airflow.dag_processing.dagbag.BundleDagBag","filename":"dagbag.py","lineno":460}
{"timestamp":"2026-07-31T11:34:46.984836Z","level":"info","event":"Filling up the DagBag from /opt/airflow/dags/2_dag_versioning.py","logger":"airflow.dag_processing.dagbag.BundleDagBag","filename":"dagbag.py","lineno":460}
{"timestamp":"2026-07-31T11:35:17.897361Z","level":"info","event":"Filling up the DagBag from /opt/airflow/dags/2_dag_versioning.py","logger":"airflow.dag_processing.dagbag.BundleDagBag","filename":"dagbag.py","lineno":460}
{"timestamp":"2026-07-31T11:35:49.198107Z","level":"info","event":"Filling up the DagBag from /opt/airflow/dags/2_dag_versioning.py","logger":"airflow.dag_processing.dagbag.BundleDagBag","filename":"dagbag.py","lineno":460}
{"timestamp":"2026-07-31T11:36:20.128249Z","level":"info","event":"Filling up the DagBag from /opt/airflow/dags/2_dag_versioning.py","logger":"airflow.dag_processing.dagbag.BundleDagBag","filename":"dagbag.py","lineno":460}
{"timestamp":"2026-07-31T11:36:51.723235Z","level":"info","event":"Filling up the DagBag from /opt/airflow/dags/2_dag_versioning.py","logger":"airflow.dag_processing.dagbag.BundleDagBag","filename":"dagbag.py","lineno":460}
{"timestamp":"2026-07-31T11:37:23.062264Z","level":"info","event":"Filling up the DagBag from /opt/airflow/dags/2_dag_versioning.py","logger":"airflow.dag_processing.dagbag.BundleDagBag","filename":"dagbag.py","lineno":460}
{"timestamp":"2026-07-31T11:37:53.574381Z","level":"info","event":"Filling up the DagBag from /opt/airflow/dags/2_dag_versioning.py","logger":"airflow.dag_processing.dagbag.BundleDagBag","filename":"dagbag.py","lineno":460}
{"timestamp":"2026-07-31T11:38:24.359036Z","level":"info","event":"Filling up the DagBag from /opt/airflow/dags/2_dag_versioning.py","logger":"airflow.dag_processing.dagbag.BundleDagBag","filename":"dagbag.py","lineno":460}
{"timestamp":"2026-07-31T11:38:55.575460Z","level":"info","event":"Filling up the DagBag from /opt/airflow/dags/2_dag_versioning.py","logger":"airflow.dag_processing.dagbag.BundleDagBag","filename":"dagbag.py","lineno":460}
{"timestamp":"2026-07-31T11:39:26.644633Z","level":"info","event":"Filling up the DagBag from /opt/airflow/dags/2_dag_versioning.py","logger":"airflow.dag_processing.dagbag.BundleDagBag","filename":"dagbag.py","lineno":460}
{"timestamp":"2026-07-31T11:39:58.801353Z","level":"info","event":"Filling up the DagBag from /opt/airflow/dags/2_dag_versioning.py","logger":"airflow.dag_processing.dagbag.BundleDagBag","filename":"dagbag.py","lineno":460}
{"timestamp":"2026-07-31T11:40:29.557161Z","level":"info","event":"Filling up the DagBag from /opt/airflow/dags/2_dag_versioning.py","logger":"airflow.dag_processing.dagbag.BundleDagBag","filename":"dagbag.py","lineno":460}
{"timestamp":"2026-07-31T11:41:00.701796Z","level":"info","event":"Filling up the DagBag from /opt/airflow/dags/2_dag_versioning.py","logger":"airflow.dag_processing.dagbag.BundleDagBag","filename":"dagbag.py","lineno":460}
{"timestamp":"2026-07-31T11:41:31.394231Z","level":"info","event":"Filling up the DagBag from /opt/airflow/dags/2_dag_versioning.py","logger":"airflow.dag_processing.dagbag.BundleDagBag","filename":"dagbag.py","lineno":460}
{"timestamp":"2026-07-31T11:42:02.349804Z","level":"info","event":"Filling up the DagBag from /opt/airflow/dags/2_dag_versioning.py","logger":"airflow.dag_processing.dagbag.BundleDagBag","filename":"dagbag.py","lineno":460}
{"timestamp":"2026-07-31T11:42:33.669357Z","level":"info","event":"Filling up the DagBag from /opt/airflow/dags/2_dag_versioning.py","logger":"airflow.dag_processing.dagbag.BundleDagBag","filename":"dagbag.py","lineno":460}
{"timestamp":"2026-07-31T11:43:04.277049Z","level":"info","event":"Filling up the DagBag from /opt/airflow/dags/2_dag_versioning.py","logger":"airflow.dag_processing.dagbag.BundleDagBag","filename":"dagbag.py","lineno":460}
{"timestamp":"2026-07-31T11:43:35.000383Z","level":"info","event":"Filling up the DagBag from /opt/airflow/dags/2_dag_versioning.py","logger":"airflow.dag_processing.dagbag.BundleDagBag","filename":"dagbag.py","lineno":460}
{"timestamp":"2026-07-31T11:44:06.166503Z","level":"info","event":"Filling up the DagBag from /opt/airflow/dags/2_dag_versioning.py","logger":"airflow.dag_processing.dagbag.BundleDagBag","filename":"dagbag.py","lineno":460}
{"timestamp":"2026-07-31T11:44:37.621318Z","level":"info","event":"Filling up the DagBag from /opt/airflow/dags/2_dag_versioning.py","logger":"airflow.dag_processing.dagbag.BundleDagBag","filename":"dagbag.py","lineno":460}
{"timestamp":"2026-07-31T11:45:08.958125Z","level":"info","event":"Filling up the DagBag from /opt/airflow/dags/2_dag_versioning.py","logger":"airflow.dag_processing.dagbag.BundleDagBag","filename":"dagbag.py","lineno":460}
{"timestamp":"2026-07-31T11:45:39.939824Z","level":"info","event":"Filling up the DagBag from /opt/airflow/dags/2_dag_versioning.py","logger":"airflow.dag_processing.dagbag.BundleDagBag","filename":"dagbag.py","lineno":460}
{"timestamp":"2026-07-31T11:46:11.087696Z","level":"info","event":"Filling up the DagBag from /opt/airflow/dags/2_dag_versioning.py","logger":"airflow.dag_processing.dagbag.BundleDagBag","filename":"dagbag.py","lineno":460}
{"timestamp":"2026-07-31T11:46:42.321594Z","level":"info","event":"Filling up the DagBag from /opt/airflow/dags/2_dag_versioning.py","logger":"airflow.dag_processing.dagbag.BundleDagBag","filename":"dagbag.py","lineno":460}
{"timestamp":"2026-07-31T11:47:13.324682Z","level":"info","event":"Filling up the DagBag from /opt/airflow/dags/2_dag_versioning.py","logger":"airflow.dag_processing.dagbag.BundleDagBag","filename":"dagbag.py","lineno":460}
{"timestamp":"2026-07-31T11:47:44.157892Z","level":"info","event":"Filling up the DagBag from /opt/airflow/dags/2_dag_versioning.py","logger":"airflow.dag_processing.dagbag.BundleDagBag","filename":"dagbag.py","lineno":460}
{"timestamp":"2026-07-31T11:48:15.154088Z","level":"info","event":"Filling up the DagBag from /opt/airflow/dags/2_dag_versioning.py","logger":"airflow.dag_processing.dagbag.BundleDagBag","filename":"dagbag.py","lineno":460}
{"timestamp":"2026-07-31T11:48:45.925342Z","level":"info","event":"Filling up the DagBag from /opt/airflow/dags/2_dag_versioning.py","logger":"airflow.dag_processing.dagbag.BundleDagBag","filename":"dagbag.py","lineno":460}
{"timestamp":"2026-07-31T11:49:16.986908Z","level":"info","event":"Filling up the DagBag from /opt/airflow/dags/2_dag_versioning.py","logger":"airflow.dag_processing.dagbag.BundleDagBag","filename":"dagbag.py","lineno":460}
{"timestamp":"2026-07-31T11:49:47.979280Z","level":"info","event":"Filling up the DagBag from /opt/airflow/dags/2_dag_versioning.py","logger":"airflow.dag_processing.dagbag.BundleDagBag","filename":"dagbag.py","lineno":460}
{"timestamp":"2026-07-31T11:50:18.730023Z","level":"info","event":"Filling up the DagBag from /opt/airflow/dags/2_dag_versioning.py","logger":"airflow.dag_processing.dagbag.BundleDagBag","filename":"dagbag.py","lineno":460}
{"timestamp":"2026-07-31T11:50:49.592849Z","level":"info","event":"Filling up the DagBag from /opt/airflow/dags/2_dag_versioning.py","logger":"airflow.dag_processing.dagbag.BundleDagBag","filename":"dagbag.py","lineno":460}
{"timestamp":"2026-07-31T11:51:20.569764Z","level":"info","event":"Filling up the DagBag from /opt/airflow/dags/2_dag_versioning.py","logger":"airflow.dag_processing.dagbag.BundleDagBag","filename":"dagbag.py","lineno":460}
{"timestamp":"2026-07-31T11:51:52.488230Z","level":"info","event":"Filling up the DagBag from /opt/airflow/dags/2_dag_versioning.py","logger":"airflow.dag_processing.dagbag.BundleDagBag","filename":"dagbag.py","lineno":460}
{"timestamp":"2026-07-31T11:52:23.280593Z","level":"info","event":"Filling up the DagBag from /opt/airflow/dags/2_dag_versioning.py","logger":"airflow.dag_processing.dagbag.BundleDagBag","filename":"dagbag.py","lineno":460}
{"timestamp":"2026-07-31T11:52:54.497073Z","level":"info","event":"Filling up the DagBag from /opt/airflow/dags/2_dag_versioning.py","logger":"airflow.dag_processing.dagbag.BundleDagBag","filename":"dagbag.py","lineno":460}
{"timestamp":"2026-07-31T11:53:25.064668Z","level":"info","event":"Filling up the DagBag from /opt/airflow/dags/2_dag_versioning.py","logger":"airflow.dag_processing.dagbag.BundleDagBag","filename":"dagbag.py","lineno":460}
{"timestamp":"2026-07-31T11:53:56.069197Z","level":"info","event":"Filling up the DagBag from /opt/airflow/dags/2_dag_versioning.py","logger":"airflow.dag_processing.dagbag.BundleDagBag","filename":"dagbag.py","lineno":460}
{"timestamp":"2026-07-31T11:54:26.716514Z","level":"info","event":"Filling up the DagBag from /opt/airflow/dags/2_dag_versioning.py","logger":"airflow.dag_processing.dagbag.BundleDagBag","filename":"dagbag.py","lineno":460}
{"timestamp":"2026-07-31T13:59:35.502757Z","level":"info","event":"Filling up the DagBag from /opt/airflow/dags/2_dag_versioning.py","logger":"airflow.dag_processing.dagbag.BundleDagBag","filename":"dagbag.py","lineno":460}
{"timestamp":"2026-07-31T14:00:10.466883Z","level":"info","event":"Filling up the DagBag from /opt/airflow/dags/2_dag_versioning.py","logger":"airflow.dag_processing.dagbag.BundleDagBag","filename":"dagbag.py","lineno":460}
{"timestamp":"2026-07-31T14:00:41.071016Z","level":"info","event":"Filling up the DagBag from /opt/airflow/dags/2_dag_versioning.py","logger":"airflow.dag_processing.dagbag.BundleDagBag","filename":"dagbag.py","lineno":460}
{"timestamp":"2026-07-31T14:01:11.625456Z","level":"info","event":"Filling up the DagBag from /opt/airflow/dags/2_dag_versioning.py","logger":"airflow.dag_processing.dagbag.BundleDagBag","filename":"dagbag.py","lineno":460}
{"timestamp":"2026-07-31T14:01:43.105043Z","level":"info","event":"Filling up the DagBag from /opt/airflow/dags/2_dag_versioning.py","logger":"airflow.dag_processing.dagbag.BundleDagBag","filename":"dagbag.py","lineno":460}
{"timestamp":"2026-07-31T14:02:13.633854Z","level":"info","event":"Filling up the DagBag from /opt/airflow/dags/2_dag_versioning.py","logger":"airflow.dag_processing.dagbag.BundleDagBag","filename":"dagbag.py","lineno":460}
{"timestamp":"2026-07-31T14:02:44.449354Z","level":"info","event":"Filling up the DagBag from /opt/airflow/dags/2_dag_versioning.py","logger":"airflow.dag_processing.dagbag.BundleDagBag","filename":"dagbag.py","lineno":460}
{"timestamp":"2026-07-31T14:03:14.699455Z","level":"info","event":"Filling up the DagBag from /opt/airflow/dags/2_dag_versioning.py","logger":"airflow.dag_processing.dagbag.BundleDagBag","filename":"dagbag.py","lineno":460}
{"timestamp":"2026-07-31T14:03:46.176476Z","level":"info","event":"Filling up the DagBag from /opt/airflow/dags/2_dag_versioning.py","logger":"airflow.dag_processing.dagbag.BundleDagBag","filename":"dagbag.py","lineno":460}
{"timestamp":"2026-07-31T14:04:18.823941Z","level":"info","event":"Filling up the DagBag from /opt/airflow/dags/2_dag_versioning.py","logger":"airflow.dag_processing.dagbag.BundleDagBag","filename":"dagbag.py","lineno":460}
{"timestamp":"2026-07-31T14:04:49.800712Z","level":"info","event":"Filling up the DagBag from /opt/airflow/dags/2_dag_versioning.py","logger":"airflow.dag_processing.dagbag.BundleDagBag","filename":"dagbag.py","lineno":460}
{"timestamp":"2026-07-31T14:05:21.651643Z","level":"info","event":"Filling up the DagBag from /opt/airflow/dags/2_dag_versioning.py","logger":"airflow.dag_processing.dagbag.BundleDagBag","filename":"dagbag.py","lineno":460}
{"timestamp":"2026-07-31T14:05:53.526602Z","level":"info","event":"Filling up the DagBag from /opt/airflow/dags/2_dag_versioning.py","logger":"airflow.dag_processing.dagbag.BundleDagBag","filename":"dagbag.py","lineno":460}
{"timestamp":"2026-07-31T14:06:25.142210Z","level":"info","event":"Filling up the DagBag from /opt/airflow/dags/2_dag_versioning.py","logger":"airflow.dag_processing.dagbag.BundleDagBag","filename":"dagbag.py","lineno":460}
{"timestamp":"2026-07-31T14:06:56.533545Z","level":"info","event":"Filling up the DagBag from /opt/airflow/dags/2_dag_versioning.py","logger":"airflow.dag_processing.dagbag.BundleDagBag","filename":"dagbag.py","lineno":460}
{"timestamp":"2026-07-31T14:07:28.572930Z","level":"info","event":"Filling up the DagBag from /opt/airflow/dags/2_dag_versioning.py","logger":"airflow.dag_processing.dagbag.BundleDagBag","filename":"dagbag.py","lineno":460}
{"timestamp":"2026-07-31T14:08:00.023522Z","level":"info","event":"Filling up the DagBag from /opt/airflow/dags/2_dag_versioning.py","logger":"airflow.dag_processing.dagbag.BundleDagBag","filename":"dagbag.py","lineno":460}
{"timestamp":"2026-07-31T14:08:32.072063Z","level":"info","event":"Filling up the DagBag from /opt/airflow/dags/2_dag_versioning.py","logger":"airflow.dag_processing.dagbag.BundleDagBag","filename":"dagbag.py","lineno":460}
{"timestamp":"2026-07-31T14:09:03.799329Z","level":"info","event":"Filling up the DagBag from /opt/airflow/dags/2_dag_versioning.py","logger":"airflow.dag_processing.dagbag.BundleDagBag","filename":"dagbag.py","lineno":460}
{"timestamp":"2026-07-31T14:09:35.450152Z","level":"info","event":"Filling up the DagBag from /opt/airflow/dags/2_dag_versioning.py","logger":"airflow.dag_processing.dagbag.BundleDagBag","filename":"dagbag.py","lineno":460}
{"timestamp":"2026-07-31T14:10:07.252120Z","level":"info","event":"Filling up the DagBag from /opt/airflow/dags/2_dag_versioning.py","logger":"airflow.dag_processing.dagbag.BundleDagBag","filename":"dagbag.py","lineno":460}
{"timestamp":"2026-07-31T14:10:39.383678Z","level":"info","event":"Filling up the DagBag from /opt/airflow/dags/2_dag_versioning.py","logger":"airflow.dag_processing.dagbag.BundleDagBag","filename":"dagbag.py","lineno":460}
{"timestamp":"2026-07-31T14:11:11.936052Z","level":"info","event":"Filling up the DagBag from /opt/airflow/dags/2_dag_versioning.py","logger":"airflow.dag_processing.dagbag.BundleDagBag","filename":"dagbag.py","lineno":460}
{"timestamp":"2026-07-31T14:11:43.290497Z","level":"info","event":"Filling up the DagBag from /opt/airflow/dags/2_dag_versioning.py","logger":"airflow.dag_processing.dagbag.BundleDagBag","filename":"dagbag.py","lineno":460}
{"timestamp":"2026-07-31T14:12:15.387047Z","level":"info","event":"Filling up the DagBag from /opt/airflow/dags/2_dag_versioning.py","logger":"airflow.dag_processing.dagbag.BundleDagBag","filename":"dagbag.py","lineno":460}
{"timestamp":"2026-07-31T14:12:46.943495Z","level":"info","event":"Filling up the DagBag from /opt/airflow/dags/2_dag_versioning.py","logger":"airflow.dag_processing.dagbag.BundleDagBag","filename":"dagbag.py","lineno":460}
{"timestamp":"2026-07-31T14:13:19.398024Z","level":"info","event":"Filling up the DagBag from /opt/airflow/dags/2_dag_versioning.py","logger":"airflow.dag_processing.dagbag.BundleDagBag","filename":"dagbag.py","lineno":460}
{"timestamp":"2026-07-31T14:13:50.810716Z","level":"info","event":"Filling up the DagBag from /opt/airflow/dags/2_dag_versioning.py","logger":"airflow.dag_processing.dagbag.BundleDagBag","filename":"dagbag.py","lineno":460}
{"timestamp":"2026-07-31T14:14:23.146119Z","level":"info","event":"Filling up the DagBag from /opt/airflow/dags/2_dag_versioning.py","logger":"airflow.dag_processing.dagbag.BundleDagBag","filename":"dagbag.py","lineno":460}
{"timestamp":"2026-07-31T14:14:54.816723Z","level":"info","event":"Filling up the DagBag from /opt/airflow/dags/2_dag_versioning.py","logger":"airflow.dag_processing.dagbag.BundleDagBag","filename":"dagbag.py","lineno":460}
{"timestamp":"2026-07-31T14:15:27.279780Z","level":"info","event":"Filling up the DagBag from /opt/airflow/dags/2_dag_versioning.py","logger":"airflow.dag_processing.dagbag.BundleDagBag","filename":"dagbag.py","lineno":460}
{"timestamp":"2026-07-31T14:15:58.930358Z","level":"info","event":"Filling up the DagBag from /opt/airflow/dags/2_dag_versioning.py","logger":"airflow.dag_processing.dagbag.BundleDagBag","filename":"dagbag.py","lineno":460}
{"timestamp":"2026-07-31T14:16:31.030789Z","level":"info","event":"Filling up the DagBag from /opt/airflow/dags/2_dag_versioning.py","logger":"airflow.dag_processing.dagbag.BundleDagBag","filename":"dagbag.py","lineno":460}
{"timestamp":"2026-07-31T14:17:02.945959Z","level":"info","event":"Filling up the DagBag from /opt/airflow/dags/2_dag_versioning.py","logger":"airflow.dag_processing.dagbag.BundleDagBag","filename":"dagbag.py","lineno":460}
{"timestamp":"2026-07-31T14:17:34.984416Z","level":"info","event":"Filling up the DagBag from /opt/airflow/dags/2_dag_versioning.py","logger":"airflow.dag_processing.dagbag.BundleDagBag","filename":"dagbag.py","lineno":460}
{"timestamp":"2026-07-31T14:18:06.842266Z","level":"info","event":"Filling up the DagBag from /opt/airflow/dags/2_dag_versioning.py","logger":"airflow.dag_processing.dagbag.BundleDagBag","filename":"dagbag.py","lineno":460}
{"timestamp":"2026-07-31T14:18:39.347216Z","level":"info","event":"Filling up the DagBag from /opt/airflow/dags/2_dag_versioning.py","logger":"airflow.dag_processing.dagbag.BundleDagBag","filename":"dagbag.py","lineno":460}
{"timestamp":"2026-07-31T14:19:11.456271Z","level":"info","event":"Filling up the DagBag from /opt/airflow/dags/2_dag_versioning.py","logger":"airflow.dag_processing.dagbag.BundleDagBag","filename":"dagbag.py","lineno":460}
{"timestamp":"2026-07-31T14:19:44.042502Z","level":"info","event":"Filling up the DagBag from /opt/airflow/dags/2_dag_versioning.py","logger":"airflow.dag_processing.dagbag.BundleDagBag","filename":"dagbag.py","lineno":460}
{"timestamp":"2026-07-31T14:20:15.406732Z","level":"info","event":"Filling up the DagBag from /opt/airflow/dags/2_dag_versioning.py","logger":"airflow.dag_processing.dagbag.BundleDagBag","filename":"dagbag.py","lineno":460}
{"timestamp":"2026-07-31T14:20:47.494685Z","level":"info","event":"Filling up the DagBag from /opt/airflow/dags/2_dag_versioning.py","logger":"airflow.dag_processing.dagbag.BundleDagBag","filename":"dagbag.py","lineno":460}
{"timestamp":"2026-07-31T14:21:19.918202Z","level":"info","event":"Filling up the DagBag from /opt/airflow/dags/2_dag_versioning.py","logger":"airflow.dag_processing.dagbag.BundleDagBag","filename":"dagbag.py","lineno":460}
{"timestamp":"2026-07-31T14:21:52.431784Z","level":"info","event":"Filling up the DagBag from /opt/airflow/dags/2_dag_versioning.py","logger":"airflow.dag_processing.dagbag.BundleDagBag","filename":"dagbag.py","lineno":460}
{"timestamp":"2026-07-31T14:22:23.892350Z","level":"info","event":"Filling up the DagBag from /opt/airflow/dags/2_dag_versioning.py","logger":"airflow.dag_processing.dagbag.BundleDagBag","filename":"dagbag.py","lineno":460}
{"timestamp":"2026-07-31T14:22:56.834708Z","level":"info","event":"Filling up the DagBag from /opt/airflow/dags/2_dag_versioning.py","logger":"airflow.dag_processing.dagbag.BundleDagBag","filename":"dagbag.py","lineno":460}
{"timestamp":"2026-07-31T14:23:28.185045Z","level":"info","event":"Filling up the DagBag from /opt/airflow/dags/2_dag_versioning.py","logger":"airflow.dag_processing.dagbag.BundleDagBag","filename":"dagbag.py","lineno":460}
{"timestamp":"2026-07-31T14:24:00.678440Z","level":"info","event":"Filling up the DagBag from /opt/airflow/dags/2_dag_versioning.py","logger":"airflow.dag_processing.dagbag.BundleDagBag","filename":"dagbag.py","lineno":460}
{"timestamp":"2026-07-31T14:24:33.190299Z","level":"info","event":"Filling up the DagBag from /opt/airflow/dags/2_dag_versioning.py","logger":"airflow.dag_processing.dagbag.BundleDagBag","filename":"dagbag.py","lineno":460}
{"timestamp":"2026-07-31T14:59:55.597015Z","level":"info","event":"Filling up the DagBag from /opt/airflow/dags/2_dag_versioning.py","logger":"airflow.dag_processing.dagbag.BundleDagBag","filename":"dagbag.py","lineno":460}
{"timestamp":"2026-07-31T15:00:26.263611Z","level":"info","event":"Filling up the DagBag from /opt/airflow/dags/2_dag_versioning.py","logger":"airflow.dag_processing.dagbag.BundleDagBag","filename":"dagbag.py","lineno":460}
{"timestamp":"2026-07-31T15:00:56.893858Z","level":"info","event":"Filling up the DagBag from /opt/airflow/dags/2_dag_versioning.py","logger":"airflow.dag_processing.dagbag.BundleDagBag","filename":"dagbag.py","lineno":460}
{"timestamp":"2026-07-31T15:01:27.449115Z","level":"info","event":"Filling up the DagBag from /opt/airflow/dags/2_dag_versioning.py","logger":"airflow.dag_processing.dagbag.BundleDagBag","filename":"dagbag.py","lineno":460}
{"timestamp":"2026-07-31T15:01:58.217176Z","level":"info","event":"Filling up the DagBag from /opt/airflow/dags/2_dag_versioning.py","logger":"airflow.dag_processing.dagbag.BundleDagBag","filename":"dagbag.py","lineno":460}
{"timestamp":"2026-07-31T15:02:28.980868Z","level":"info","event":"Filling up the DagBag from /opt/airflow/dags/2_dag_versioning.py","logger":"airflow.dag_processing.dagbag.BundleDagBag","filename":"dagbag.py","lineno":460}
{"timestamp":"2026-07-31T15:03:02.195584Z","level":"info","event":"Filling up the DagBag from /opt/airflow/dags/2_dag_versioning.py","logger":"airflow.dag_processing.dagbag.BundleDagBag","filename":"dagbag.py","lineno":460}
{"timestamp":"2026-07-31T15:03:32.813354Z","level":"info","event":"Filling up the DagBag from /opt/airflow/dags/2_dag_versioning.py","logger":"airflow.dag_processing.dagbag.BundleDagBag","filename":"dagbag.py","lineno":460}
{"timestamp":"2026-07-31T15:04:03.565959Z","level":"info","event":"Filling up the DagBag from /opt/airflow/dags/2_dag_versioning.py","logger":"airflow.dag_processing.dagbag.BundleDagBag","filename":"dagbag.py","lineno":460}
{"timestamp":"2026-07-31T15:04:34.439040Z","level":"info","event":"Filling up the DagBag from /opt/airflow/dags/2_dag_versioning.py","logger":"airflow.dag_processing.dagbag.BundleDagBag","filename":"dagbag.py","lineno":460}
{"timestamp":"2026-07-31T15:05:04.980385Z","level":"info","event":"Filling up the DagBag from /opt/airflow/dags/2_dag_versioning.py","logger":"airflow.dag_processing.dagbag.BundleDagBag","filename":"dagbag.py","lineno":460}
{"timestamp":"2026-07-31T15:05:35.525750Z","level":"info","event":"Filling up the DagBag from /opt/airflow/dags/2_dag_versioning.py","logger":"airflow.dag_processing.dagbag.BundleDagBag","filename":"dagbag.py","lineno":460}
{"timestamp":"2026-07-31T15:06:06.715964Z","level":"info","event":"Filling up the DagBag from /opt/airflow/dags/2_dag_versioning.py","logger":"airflow.dag_processing.dagbag.BundleDagBag","filename":"dagbag.py","lineno":460}
{"timestamp":"2026-07-31T15:06:37.626202Z","level":"info","event":"Filling up the DagBag from /opt/airflow/dags/2_dag_versioning.py","logger":"airflow.dag_processing.dagbag.BundleDagBag","filename":"dagbag.py","lineno":460}
{"timestamp":"2026-07-31T15:07:08.069705Z","level":"info","event":"Filling up the DagBag from /opt/airflow/dags/2_dag_versioning.py","logger":"airflow.dag_processing.dagbag.BundleDagBag","filename":"dagbag.py","lineno":460}
{"timestamp":"2026-07-31T15:07:38.617874Z","level":"info","event":"Filling up the DagBag from /opt/airflow/dags/2_dag_versioning.py","logger":"airflow.dag_processing.dagbag.BundleDagBag","filename":"dagbag.py","lineno":460}
{"timestamp":"2026-07-31T15:08:09.771178Z","level":"info","event":"Filling up the DagBag from /opt/airflow/dags/2_dag_versioning.py","logger":"airflow.dag_processing.dagbag.BundleDagBag","filename":"dagbag.py","lineno":460}
{"timestamp":"2026-07-31T15:08:40.155532Z","level":"info","event":"Filling up the DagBag from /opt/airflow/dags/2_dag_versioning.py","logger":"airflow.dag_processing.dagbag.BundleDagBag","filename":"dagbag.py","lineno":460}
{"timestamp":"2026-07-31T15:09:10.672279Z","level":"info","event":"Filling up the DagBag from /opt/airflow/dags/2_dag_versioning.py","logger":"airflow.dag_processing.dagbag.BundleDagBag","filename":"dagbag.py","lineno":460}
{"timestamp":"2026-07-31T15:09:41.015021Z","level":"info","event":"Filling up the DagBag from /opt/airflow/dags/2_dag_versioning.py","logger":"airflow.dag_processing.dagbag.BundleDagBag","filename":"dagbag.py","lineno":460}
{"timestamp":"2026-07-31T15:10:12.091725Z","level":"info","event":"Filling up the DagBag from /opt/airflow/dags/2_dag_versioning.py","logger":"airflow.dag_processing.dagbag.BundleDagBag","filename":"dagbag.py","lineno":460}
{"timestamp":"2026-07-31T15:10:43.761864Z","level":"info","event":"Filling up the DagBag from /opt/airflow/dags/2_dag_versioning.py","logger":"airflow.dag_processing.dagbag.BundleDagBag","filename":"dagbag.py","lineno":460}
{"timestamp":"2026-07-31T15:11:14.129547Z","level":"info","event":"Filling up the DagBag from /opt/airflow/dags/2_dag_versioning.py","logger":"airflow.dag_processing.dagbag.BundleDagBag","filename":"dagbag.py","lineno":460}
{"timestamp":"2026-07-31T15:11:45.304927Z","level":"info","event":"Filling up the DagBag from /opt/airflow/dags/2_dag_versioning.py","logger":"airflow.dag_processing.dagbag.BundleDagBag","filename":"dagbag.py","lineno":460}
{"timestamp":"2026-07-31T15:12:16.214842Z","level":"info","event":"Filling up the DagBag from /opt/airflow/dags/2_dag_versioning.py","logger":"airflow.dag_processing.dagbag.BundleDagBag","filename":"dagbag.py","lineno":460}
{"timestamp":"2026-07-31T15:12:46.864357Z","level":"info","event":"Filling up the DagBag from /opt/airflow/dags/2_dag_versioning.py","logger":"airflow.dag_processing.dagbag.BundleDagBag","filename":"dagbag.py","lineno":460}
{"timestamp":"2026-07-31T15:13:17.998637Z","level":"info","event":"Filling up the DagBag from /opt/airflow/dags/2_dag_versioning.py","logger":"airflow.dag_processing.dagbag.BundleDagBag","filename":"dagbag.py","lineno":460}
{"timestamp":"2026-07-31T15:13:48.494210Z","level":"info","event":"Filling up the DagBag from /opt/airflow/dags/2_dag_versioning.py","logger":"airflow.dag_processing.dagbag.BundleDagBag","filename":"dagbag.py","lineno":460}
{"timestamp":"2026-07-31T15:14:19.050874Z","level":"info","event":"Filling up the DagBag from /opt/airflow/dags/2_dag_versioning.py","logger":"airflow.dag_processing.dagbag.BundleDagBag","filename":"dagbag.py","lineno":460}
{"timestamp":"2026-07-31T15:14:50.197112Z","level":"info","event":"Filling up the DagBag from /opt/airflow/dags/2_dag_versioning.py","logger":"airflow.dag_processing.dagbag.BundleDagBag","filename":"dagbag.py","lineno":460}
{"timestamp":"2026-07-31T15:15:21.505895Z","level":"info","event":"Filling up the DagBag from /opt/airflow/dags/2_dag_versioning.py","logger":"airflow.dag_processing.dagbag.BundleDagBag","filename":"dagbag.py","lineno":460}
{"timestamp":"2026-07-31T15:15:52.790727Z","level":"info","event":"Filling up the DagBag from /opt/airflow/dags/2_dag_versioning.py","logger":"airflow.dag_processing.dagbag.BundleDagBag","filename":"dagbag.py","lineno":460}
{"timestamp":"2026-07-31T15:16:23.520821Z","level":"info","event":"Filling up the DagBag from /opt/airflow/dags/2_dag_versioning.py","logger":"airflow.dag_processing.dagbag.BundleDagBag","filename":"dagbag.py","lineno":460}
{"timestamp":"2026-07-31T15:16:54.937057Z","level":"info","event":"Filling up the DagBag from /opt/airflow/dags/2_dag_versioning.py","logger":"airflow.dag_processing.dagbag.BundleDagBag","filename":"dagbag.py","lineno":460}
{"timestamp":"2026-07-31T15:17:26.605488Z","level":"info","event":"Filling up the DagBag from /opt/airflow/dags/2_dag_versioning.py","logger":"airflow.dag_processing.dagbag.BundleDagBag","filename":"dagbag.py","lineno":460}
{"timestamp":"2026-07-31T15:17:57.966305Z","level":"info","event":"Filling up the DagBag from /opt/airflow/dags/2_dag_versioning.py","logger":"airflow.dag_processing.dagbag.BundleDagBag","filename":"dagbag.py","lineno":460}
{"timestamp":"2026-07-31T15:18:28.794858Z","level":"info","event":"Filling up the DagBag from /opt/airflow/dags/2_dag_versioning.py","logger":"airflow.dag_processing.dagbag.BundleDagBag","filename":"dagbag.py","lineno":460}
{"timestamp":"2026-07-31T15:18:59.435662Z","level":"info","event":"Filling up the DagBag from /opt/airflow/dags/2_dag_versioning.py","logger":"airflow.dag_processing.dagbag.BundleDagBag","filename":"dagbag.py","lineno":460}
{"timestamp":"2026-07-31T15:19:30.429725Z","level":"info","event":"Filling up the DagBag from /opt/airflow/dags/2_dag_versioning.py","logger":"airflow.dag_processing.dagbag.BundleDagBag","filename":"dagbag.py","lineno":460}
{"timestamp":"2026-07-31T15:20:01.432244Z","level":"info","event":"Filling up the DagBag from /opt/airflow/dags/2_dag_versioning.py","logger":"airflow.dag_processing.dagbag.BundleDagBag","filename":"dagbag.py","lineno":460}
{"timestamp":"2026-07-31T15:20:31.978377Z","level":"info","event":"Filling up the DagBag from /opt/airflow/dags/2_dag_versioning.py","logger":"airflow.dag_processing.dagbag.BundleDagBag","filename":"dagbag.py","lineno":460}
{"timestamp":"2026-07-31T15:21:02.564883Z","level":"info","event":"Filling up the DagBag from /opt/airflow/dags/2_dag_versioning.py","logger":"airflow.dag_processing.dagbag.BundleDagBag","filename":"dagbag.py","lineno":460}
{"timestamp":"2026-07-31T15:21:33.666909Z","level":"info","event":"Filling up the DagBag from /opt/airflow/dags/2_dag_versioning.py","logger":"airflow.dag_processing.dagbag.BundleDagBag","filename":"dagbag.py","lineno":460}
{"timestamp":"2026-07-31T15:22:04.087708Z","level":"info","event":"Filling up the DagBag from /opt/airflow/dags/2_dag_versioning.py","logger":"airflow.dag_processing.dagbag.BundleDagBag","filename":"dagbag.py","lineno":460}
{"timestamp":"2026-07-31T15:22:35.053497Z","level":"info","event":"Filling up the DagBag from /opt/airflow/dags/2_dag_versioning.py","logger":"airflow.dag_processing.dagbag.BundleDagBag","filename":"dagbag.py","lineno":460}
{"timestamp":"2026-07-31T15:23:05.428884Z","level":"info","event":"Filling up the DagBag from /opt/airflow/dags/2_dag_versioning.py","logger":"airflow.dag_processing.dagbag.BundleDagBag","filename":"dagbag.py","lineno":460}
{"timestamp":"2026-07-31T15:23:39.755187Z","level":"info","event":"Filling up the DagBag from /opt/airflow/dags/2_dag_versioning.py","logger":"airflow.dag_processing.dagbag.BundleDagBag","filename":"dagbag.py","lineno":460}
{"timestamp":"2026-07-31T15:24:12.787953Z","level":"info","event":"Filling up the DagBag from /opt/airflow/dags/2_dag_versioning.py","logger":"airflow.dag_processing.dagbag.BundleDagBag","filename":"dagbag.py","lineno":460}
{"timestamp":"2026-07-31T15:24:45.265911Z","level":"info","event":"Filling up the DagBag from /opt/airflow/dags/2_dag_versioning.py","logger":"airflow.dag_processing.dagbag.BundleDagBag","filename":"dagbag.py","lineno":460}
{"timestamp":"2026-07-31T15:25:17.453689Z","level":"info","event":"Filling up the DagBag from /opt/airflow/dags/2_dag_versioning.py","logger":"airflow.dag_processing.dagbag.BundleDagBag","filename":"dagbag.py","lineno":460}
{"timestamp":"2026-07-31T15:25:50.123804Z","level":"info","event":"Filling up the DagBag from /opt/airflow/dags/2_dag_versioning.py","logger":"airflow.dag_processing.dagbag.BundleDagBag","filename":"dagbag.py","lineno":460}
{"timestamp":"2026-07-31T15:26:23.063564Z","level":"info","event":"Filling up the DagBag from /opt/airflow/dags/2_dag_versioning.py","logger":"airflow.dag_processing.dagbag.BundleDagBag","filename":"dagbag.py","lineno":460}
{"timestamp":"2026-07-31T15:26:55.120104Z","level":"info","event":"Filling up the DagBag from /opt/airflow/dags/2_dag_versioning.py","logger":"airflow.dag_processing.dagbag.BundleDagBag","filename":"dagbag.py","lineno":460}
{"timestamp":"2026-07-31T15:27:27.582015Z","level":"info","event":"Filling up the DagBag from /opt/airflow/dags/2_dag_versioning.py","logger":"airflow.dag_processing.dagbag.BundleDagBag","filename":"dagbag.py","lineno":460}
{"timestamp":"2026-07-31T15:27:58.588197Z","level":"info","event":"Filling up the DagBag from /opt/airflow/dags/2_dag_versioning.py","logger":"airflow.dag_processing.dagbag.BundleDagBag","filename":"dagbag.py","lineno":460}
{"timestamp":"2026-07-31T15:28:29.265562Z","level":"info","event":"Filling up the DagBag from /opt/airflow/dags/2_dag_versioning.py","logger":"airflow.dag_processing.dagbag.BundleDagBag","filename":"dagbag.py","lineno":460}
{"timestamp":"2026-07-31T15:29:00.154512Z","level":"info","event":"Filling up the DagBag from /opt/airflow/dags/2_dag_versioning.py","logger":"airflow.dag_processing.dagbag.BundleDagBag","filename":"dagbag.py","lineno":460}
{"timestamp":"2026-07-31T15:29:31.227494Z","level":"info","event":"Filling up the DagBag from /opt/airflow/dags/2_dag_versioning.py","logger":"airflow.dag_processing.dagbag.BundleDagBag","filename":"dagbag.py","lineno":460}
{"timestamp":"2026-07-31T15:30:01.849685Z","level":"info","event":"Filling up the DagBag from /opt/airflow/dags/2_dag_versioning.py","logger":"airflow.dag_processing.dagbag.BundleDagBag","filename":"dagbag.py","lineno":460}
{"timestamp":"2026-07-31T15:30:32.973651Z","level":"info","event":"Filling up the DagBag from /opt/airflow/dags/2_dag_versioning.py","logger":"airflow.dag_processing.dagbag.BundleDagBag","filename":"dagbag.py","lineno":460}
{"timestamp":"2026-07-31T15:31:03.759833Z","level":"info","event":"Filling up the DagBag from /opt/airflow/dags/2_dag_versioning.py","logger":"airflow.dag_processing.dagbag.BundleDagBag","filename":"dagbag.py","lineno":460}
{"timestamp":"2026-07-31T15:31:34.220287Z","level":"info","event":"Filling up the DagBag from /opt/airflow/dags/2_dag_versioning.py","logger":"airflow.dag_processing.dagbag.BundleDagBag","filename":"dagbag.py","lineno":460}
{"timestamp":"2026-07-31T15:32:04.896781Z","level":"info","event":"Filling up the DagBag from /opt/airflow/dags/2_dag_versioning.py","logger":"airflow.dag_processing.dagbag.BundleDagBag","filename":"dagbag.py","lineno":460}
{"timestamp":"2026-07-31T15:32:36.115909Z","level":"info","event":"Filling up the DagBag from /opt/airflow/dags/2_dag_versioning.py","logger":"airflow.dag_processing.dagbag.BundleDagBag","filename":"dagbag.py","lineno":460}
{"timestamp":"2026-07-31T15:33:06.728665Z","level":"info","event":"Filling up the DagBag from /opt/airflow/dags/2_dag_versioning.py","logger":"airflow.dag_processing.dagbag.BundleDagBag","filename":"dagbag.py","lineno":460}
{"timestamp":"2026-07-31T15:33:37.467564Z","level":"info","event":"Filling up the DagBag from /opt/airflow/dags/2_dag_versioning.py","logger":"airflow.dag_processing.dagbag.BundleDagBag","filename":"dagbag.py","lineno":460}
{"timestamp":"2026-07-31T15:34:08.126362Z","level":"info","event":"Filling up the DagBag from /opt/airflow/dags/2_dag_versioning.py","logger":"airflow.dag_processing.dagbag.BundleDagBag","filename":"dagbag.py","lineno":460}
{"timestamp":"2026-07-31T15:34:39.110531Z","level":"info","event":"Filling up the DagBag from /opt/airflow/dags/2_dag_versioning.py","logger":"airflow.dag_processing.dagbag.BundleDagBag","filename":"dagbag.py","lineno":460}
{"timestamp":"2026-07-31T15:35:10.233523Z","level":"info","event":"Filling up the DagBag from /opt/airflow/dags/2_dag_versioning.py","logger":"airflow.dag_processing.dagbag.BundleDagBag","filename":"dagbag.py","lineno":460}
{"timestamp":"2026-07-31T15:35:40.791652Z","level":"info","event":"Filling up the DagBag from /opt/airflow/dags/2_dag_versioning.py","logger":"airflow.dag_processing.dagbag.BundleDagBag","filename":"dagbag.py","lineno":460}
{"timestamp":"2026-07-31T15:36:12.128896Z","level":"info","event":"Filling up the DagBag from /opt/airflow/dags/2_dag_versioning.py","logger":"airflow.dag_processing.dagbag.BundleDagBag","filename":"dagbag.py","lineno":460}
{"timestamp":"2026-07-31T15:36:43.062737Z","level":"info","event":"Filling up the DagBag from /opt/airflow/dags/2_dag_versioning.py","logger":"airflow.dag_processing.dagbag.BundleDagBag","filename":"dagbag.py","lineno":460}
{"timestamp":"2026-07-31T15:37:13.611204Z","level":"info","event":"Filling up the DagBag from /opt/airflow/dags/2_dag_versioning.py","logger":"airflow.dag_processing.dagbag.BundleDagBag","filename":"dagbag.py","lineno":460}
{"timestamp":"2026-07-31T15:37:44.455604Z","level":"info","event":"Filling up the DagBag from /opt/airflow/dags/2_dag_versioning.py","logger":"airflow.dag_processing.dagbag.BundleDagBag","filename":"dagbag.py","lineno":460}
{"timestamp":"2026-07-31T15:38:15.440988Z","level":"info","event":"Filling up the DagBag from /opt/airflow/dags/2_dag_versioning.py","logger":"airflow.dag_processing.dagbag.BundleDagBag","filename":"dagbag.py","lineno":460}
{"timestamp":"2026-07-31T15:38:46.099933Z","level":"info","event":"Filling up the DagBag from /opt/airflow/dags/2_dag_versioning.py","logger":"airflow.dag_processing.dagbag.BundleDagBag","filename":"dagbag.py","lineno":460}
{"timestamp":"2026-07-31T15:39:16.716656Z","level":"info","event":"Filling up the DagBag from /opt/airflow/dags/2_dag_versioning.py","logger":"airflow.dag_processing.dagbag.BundleDagBag","filename":"dagbag.py","lineno":460}
{"timestamp":"2026-07-31T15:39:47.509150Z","level":"info","event":"Filling up the DagBag from /opt/airflow/dags/2_dag_versioning.py","logger":"airflow.dag_processing.dagbag.BundleDagBag","filename":"dagbag.py","lineno":460}
{"timestamp":"2026-07-31T15:40:18.126555Z","level":"info","event":"Filling up the DagBag from /opt/airflow/dags/2_dag_versioning.py","logger":"airflow.dag_processing.dagbag.BundleDagBag","filename":"dagbag.py","lineno":460}
{"timestamp":"2026-07-31T15:40:49.232931Z","level":"info","event":"Filling up the DagBag from /opt/airflow/dags/2_dag_versioning.py","logger":"airflow.dag_processing.dagbag.BundleDagBag","filename":"dagbag.py","lineno":460}
{"timestamp":"2026-07-31T15:41:19.758067Z","level":"info","event":"Filling up the DagBag from /opt/airflow/dags/2_dag_versioning.py","logger":"airflow.dag_processing.dagbag.BundleDagBag","filename":"dagbag.py","lineno":460}
{"timestamp":"2026-07-31T15:41:50.563259Z","level":"info","event":"Filling up the DagBag from /opt/airflow/dags/2_dag_versioning.py","logger":"airflow.dag_processing.dagbag.BundleDagBag","filename":"dagbag.py","lineno":460}
{"timestamp":"2026-07-31T15:42:21.149699Z","level":"info","event":"Filling up the DagBag from /opt/airflow/dags/2_dag_versioning.py","logger":"airflow.dag_processing.dagbag.BundleDagBag","filename":"dagbag.py","lineno":460}
{"timestamp":"2026-07-31T15:42:52.001138Z","level":"info","event":"Filling up the DagBag from /opt/airflow/dags/2_dag_versioning.py","logger":"airflow.dag_processing.dagbag.BundleDagBag","filename":"dagbag.py","lineno":460}
{"timestamp":"2026-07-31T15:43:22.514021Z","level":"info","event":"Filling up the DagBag from /opt/airflow/dags/2_dag_versioning.py","logger":"airflow.dag_processing.dagbag.BundleDagBag","filename":"dagbag.py","lineno":460}
{"timestamp":"2026-07-31T15:43:53.024511Z","level":"info","event":"Filling up the DagBag from /opt/airflow/dags/2_dag_versioning.py","logger":"airflow.dag_processing.dagbag.BundleDagBag","filename":"dagbag.py","lineno":460}
{"timestamp":"2026-07-31T15:44:23.562880Z","level":"info","event":"Filling up the DagBag from /opt/airflow/dags/2_dag_versioning.py","logger":"airflow.dag_processing.dagbag.BundleDagBag","filename":"dagbag.py","lineno":460}
{"timestamp":"2026-07-31T15:44:54.178153Z","level":"info","event":"Filling up the DagBag from /opt/airflow/dags/2_dag_versioning.py","logger":"airflow.dag_processing.dagbag.BundleDagBag","filename":"dagbag.py","lineno":460}
{"timestamp":"2026-07-31T15:45:24.903628Z","level":"info","event":"Filling up the DagBag from /opt/airflow/dags/2_dag_versioning.py","logger":"airflow.dag_processing.dagbag.BundleDagBag","filename":"dagbag.py","lineno":460}
{"timestamp":"2026-07-31T15:45:55.688303Z","level":"info","event":"Filling up the DagBag from /opt/airflow/dags/2_dag_versioning.py","logger":"airflow.dag_processing.dagbag.BundleDagBag","filename":"dagbag.py","lineno":460}
{"timestamp":"2026-07-31T15:46:26.367549Z","level":"info","event":"Filling up the DagBag from /opt/airflow/dags/2_dag_versioning.py","logger":"airflow.dag_processing.dagbag.BundleDagBag","filename":"dagbag.py","lineno":460}
{"timestamp":"2026-07-31T15:46:57.594179Z","level":"info","event":"Filling up the DagBag from /opt/airflow/dags/2_dag_versioning.py","logger":"airflow.dag_processing.dagbag.BundleDagBag","filename":"dagbag.py","lineno":460}
{"timestamp":"2026-07-31T15:47:30.158216Z","level":"info","event":"Filling up the DagBag from /opt/airflow/dags/2_dag_versioning.py","logger":"airflow.dag_processing.dagbag.BundleDagBag","filename":"dagbag.py","lineno":460}
{"timestamp":"2026-07-31T15:48:02.830447Z","level":"info","event":"Filling up the DagBag from /opt/airflow/dags/2_dag_versioning.py","logger":"airflow.dag_processing.dagbag.BundleDagBag","filename":"dagbag.py","lineno":460}
{"timestamp":"2026-07-31T15:48:35.396544Z","level":"info","event":"Filling up the DagBag from /opt/airflow/dags/2_dag_versioning.py","logger":"airflow.dag_processing.dagbag.BundleDagBag","filename":"dagbag.py","lineno":460}
{"timestamp":"2026-07-31T15:49:07.862817Z","level":"info","event":"Filling up the DagBag from /opt/airflow/dags/2_dag_versioning.py","logger":"airflow.dag_processing.dagbag.BundleDagBag","filename":"dagbag.py","lineno":460}
{"timestamp":"2026-07-31T15:49:40.504427Z","level":"info","event":"Filling up the DagBag from /opt/airflow/dags/2_dag_versioning.py","logger":"airflow.dag_processing.dagbag.BundleDagBag","filename":"dagbag.py","lineno":460}
{"timestamp":"2026-07-31T15:50:13.330358Z","level":"info","event":"Filling up the DagBag from /opt/airflow/dags/2_dag_versioning.py","logger":"airflow.dag_processing.dagbag.BundleDagBag","filename":"dagbag.py","lineno":460}
{"timestamp":"2026-07-31T15:50:45.906205Z","level":"info","event":"Filling up the DagBag from /opt/airflow/dags/2_dag_versioning.py","logger":"airflow.dag_processing.dagbag.BundleDagBag","filename":"dagbag.py","lineno":460}
{"timestamp":"2026-07-31T15:51:18.567003Z","level":"info","event":"Filling up the DagBag from /opt/airflow/dags/2_dag_versioning.py","logger":"airflow.dag_processing.dagbag.BundleDagBag","filename":"dagbag.py","lineno":460}
{"timestamp":"2026-07-31T15:51:51.375376Z","level":"info","event":"Filling up the DagBag from /opt/airflow/dags/2_dag_versioning.py","logger":"airflow.dag_processing.dagbag.BundleDagBag","filename":"dagbag.py","lineno":460}
{"timestamp":"2026-07-31T15:52:24.620906Z","level":"info","event":"Filling up the DagBag from /opt/airflow/dags/2_dag_versioning.py","logger":"airflow.dag_processing.dagbag.BundleDagBag","filename":"dagbag.py","lineno":460}
{"timestamp":"2026-07-31T15:52:55.614554Z","level":"info","event":"Filling up the DagBag from /opt/airflow/dags/2_dag_versioning.py","logger":"airflow.dag_processing.dagbag.BundleDagBag","filename":"dagbag.py","lineno":460}
{"timestamp":"2026-07-31T15:53:29.661612Z","level":"info","event":"Filling up the DagBag from /opt/airflow/dags/2_dag_versioning.py","logger":"airflow.dag_processing.dagbag.BundleDagBag","filename":"dagbag.py","lineno":460}
{"timestamp":"2026-07-31T15:54:03.299904Z","level":"info","event":"Filling up the DagBag from /opt/airflow/dags/2_dag_versioning.py","logger":"airflow.dag_processing.dagbag.BundleDagBag","filename":"dagbag.py","lineno":460}
{"timestamp":"2026-07-31T15:54:35.180160Z","level":"info","event":"Filling up the DagBag from /opt/airflow/dags/2_dag_versioning.py","logger":"airflow.dag_processing.dagbag.BundleDagBag","filename":"dagbag.py","lineno":460}
{"timestamp":"2026-07-31T15:55:07.352401Z","level":"info","event":"Filling up the DagBag from /opt/airflow/dags/2_dag_versioning.py","logger":"airflow.dag_processing.dagbag.BundleDagBag","filename":"dagbag.py","lineno":460}
{"timestamp":"2026-07-31T15:55:40.560278Z","level":"info","event":"Filling up the DagBag from /opt/airflow/dags/2_dag_versioning.py","logger":"airflow.dag_processing.dagbag.BundleDagBag","filename":"dagbag.py","lineno":460}
{"timestamp":"2026-07-31T15:56:12.814099Z","level":"info","event":"Filling up the DagBag from /opt/airflow/dags/2_dag_versioning.py","logger":"airflow.dag_processing.dagbag.BundleDagBag","filename":"dagbag.py","lineno":460}
{"timestamp":"2026-07-31T15:56:45.793289Z","level":"info","event":"Filling up the DagBag from /opt/airflow/dags/2_dag_versioning.py","logger":"airflow.dag_processing.dagbag.BundleDagBag","filename":"dagbag.py","lineno":460}
{"timestamp":"2026-07-31T15:57:19.283525Z","level":"info","event":"Filling up the DagBag from /opt/airflow/dags/2_dag_versioning.py","logger":"airflow.dag_processing.dagbag.BundleDagBag","filename":"dagbag.py","lineno":460}
{"timestamp":"2026-07-31T15:57:51.088767Z","level":"info","event":"Filling up the DagBag from /opt/airflow/dags/2_dag_versioning.py","logger":"airflow.dag_processing.dagbag.BundleDagBag","filename":"dagbag.py","lineno":460}
{"timestamp":"2026-07-31T15:58:23.485510Z","level":"info","event":"Filling up the DagBag from /opt/airflow/dags/2_dag_versioning.py","logger":"airflow.dag_processing.dagbag.BundleDagBag","filename":"dagbag.py","lineno":460}
{"timestamp":"2026-07-31T15:58:55.879368Z","level":"info","event":"Filling up the DagBag from /opt/airflow/dags/2_dag_versioning.py","logger":"airflow.dag_processing.dagbag.BundleDagBag","filename":"dagbag.py","lineno":460}
{"timestamp":"2026-07-31T15:59:28.173623Z","level":"info","event":"Filling up the DagBag from /opt/airflow/dags/2_dag_versioning.py","logger":"airflow.dag_processing.dagbag.BundleDagBag","filename":"dagbag.py","lineno":460}
{"timestamp":"2026-07-31T16:00:00.817695Z","level":"info","event":"Filling up the DagBag from /opt/airflow/dags/2_dag_versioning.py","logger":"airflow.dag_processing.dagbag.BundleDagBag","filename":"dagbag.py","lineno":460}
{"timestamp":"2026-07-31T16:00:33.368016Z","level":"info","event":"Filling up the DagBag from /opt/airflow/dags/2_dag_versioning.py","logger":"airflow.dag_processing.dagbag.BundleDagBag","filename":"dagbag.py","lineno":460}
{"timestamp":"2026-07-31T16:01:06.378545Z","level":"info","event":"Filling up the DagBag from /opt/airflow/dags/2_dag_versioning.py","logger":"airflow.dag_processing.dagbag.BundleDagBag","filename":"dagbag.py","lineno":460}
{"timestamp":"2026-07-31T16:01:39.340585Z","level":"info","event":"Filling up the DagBag from /opt/airflow/dags/2_dag_versioning.py","logger":"airflow.dag_processing.dagbag.BundleDagBag","filename":"dagbag.py","lineno":460}
{"timestamp":"2026-07-31T16:02:11.690990Z","level":"info","event":"Filling up the DagBag from /opt/airflow/dags/2_dag_versioning.py","logger":"airflow.dag_processing.dagbag.BundleDagBag","filename":"dagbag.py","lineno":460}
{"timestamp":"2026-07-31T16:02:43.948345Z","level":"info","event":"Filling up the DagBag from /opt/airflow/dags/2_dag_versioning.py","logger":"airflow.dag_processing.dagbag.BundleDagBag","filename":"dagbag.py","lineno":460}
{"timestamp":"2026-07-31T16:03:17.303548Z","level":"info","event":"Filling up the DagBag from /opt/airflow/dags/2_dag_versioning.py","logger":"airflow.dag_processing.dagbag.BundleDagBag","filename":"dagbag.py","lineno":460}
{"timestamp":"2026-07-31T16:03:49.810326Z","level":"info","event":"Filling up the DagBag from /opt/airflow/dags/2_dag_versioning.py","logger":"airflow.dag_processing.dagbag.BundleDagBag","filename":"dagbag.py","lineno":460}
{"timestamp":"2026-07-31T16:04:21.804150Z","level":"info","event":"Filling up the DagBag from /opt/airflow/dags/2_dag_versioning.py","logger":"airflow.dag_processing.dagbag.BundleDagBag","filename":"dagbag.py","lineno":460}
{"timestamp":"2026-07-31T16:04:54.395760Z","level":"info","event":"Filling up the DagBag from /opt/airflow/dags/2_dag_versioning.py","logger":"airflow.dag_processing.dagbag.BundleDagBag","filename":"dagbag.py","lineno":460}
{"timestamp":"2026-07-31T16:05:26.265573Z","level":"info","event":"Filling up the DagBag from /opt/airflow/dags/2_dag_versioning.py","logger":"airflow.dag_processing.dagbag.BundleDagBag","filename":"dagbag.py","lineno":460}
{"timestamp":"2026-07-31T16:05:56.754537Z","level":"info","event":"Filling up the DagBag from /opt/airflow/dags/2_dag_versioning.py","logger":"airflow.dag_processing.dagbag.BundleDagBag","filename":"dagbag.py","lineno":460}
{"timestamp":"2026-07-31T16:06:27.792039Z","level":"info","event":"Filling up the DagBag from /opt/airflow/dags/2_dag_versioning.py","logger":"airflow.dag_processing.dagbag.BundleDagBag","filename":"dagbag.py","lineno":460}
{"timestamp":"2026-07-31T16:06:58.253111Z","level":"info","event":"Filling up the DagBag from /opt/airflow/dags/2_dag_versioning.py","logger":"airflow.dag_processing.dagbag.BundleDagBag","filename":"dagbag.py","lineno":460}
{"timestamp":"2026-07-31T16:07:28.749112Z","level":"info","event":"Filling up the DagBag from /opt/airflow/dags/2_dag_versioning.py","logger":"airflow.dag_processing.dagbag.BundleDagBag","filename":"dagbag.py","lineno":460}
{"timestamp":"2026-07-31T18:39:16.591818Z","level":"info","event":"Filling up the DagBag from /opt/airflow/dags/2_dag_versioning.py","logger":"airflow.dag_processing.dagbag.BundleDagBag","filename":"dagbag.py","lineno":460}
{"timestamp":"2026-07-31T18:39:47.195486Z","level":"info","event":"Filling up the DagBag from /opt/airflow/dags/2_dag_versioning.py","logger":"airflow.dag_processing.dagbag.BundleDagBag","filename":"dagbag.py","lineno":460}
{"timestamp":"2026-07-31T18:40:19.021818Z","level":"info","event":"Filling up the DagBag from /opt/airflow/dags/2_dag_versioning.py","logger":"airflow.dag_processing.dagbag.BundleDagBag","filename":"dagbag.py","lineno":460}
{"timestamp":"2026-07-31T18:40:50.386185Z","level":"info","event":"Filling up the DagBag from /opt/airflow/dags/2_dag_versioning.py","logger":"airflow.dag_processing.dagbag.BundleDagBag","filename":"dagbag.py","lineno":460}
{"timestamp":"2026-07-31T18:41:21.869772Z","level":"info","event":"Filling up the DagBag from /opt/airflow/dags/2_dag_versioning.py","logger":"airflow.dag_processing.dagbag.BundleDagBag","filename":"dagbag.py","lineno":460}
{"timestamp":"2026-07-31T18:41:52.702086Z","level":"info","event":"Filling up the DagBag from /opt/airflow/dags/2_dag_versioning.py","logger":"airflow.dag_processing.dagbag.BundleDagBag","filename":"dagbag.py","lineno":460}
{"timestamp":"2026-07-31T18:42:23.102224Z","level":"info","event":"Filling up the DagBag from /opt/airflow/dags/2_dag_versioning.py","logger":"airflow.dag_processing.dagbag.BundleDagBag","filename":"dagbag.py","lineno":460}
{"timestamp":"2026-07-31T18:42:53.470359Z","level":"info","event":"Filling up the DagBag from /opt/airflow/dags/2_dag_versioning.py","logger":"airflow.dag_processing.dagbag.BundleDagBag","filename":"dagbag.py","lineno":460}
{"timestamp":"2026-07-31T18:43:23.977789Z","level":"info","event":"Filling up the DagBag from /opt/airflow/dags/2_dag_versioning.py","logger":"airflow.dag_processing.dagbag.BundleDagBag","filename":"dagbag.py","lineno":460}
{"timestamp":"2026-07-31T18:43:54.519362Z","level":"info","event":"Filling up the DagBag from /opt/airflow/dags/2_dag_versioning.py","logger":"airflow.dag_processing.dagbag.BundleDagBag","filename":"dagbag.py","lineno":460}
{"timestamp":"2026-07-31T18:44:27.498548Z","level":"info","event":"Filling up the DagBag from /opt/airflow/dags/2_dag_versioning.py","logger":"airflow.dag_processing.dagbag.BundleDagBag","filename":"dagbag.py","lineno":460}
{"timestamp":"2026-07-31T18:44:59.101961Z","level":"info","event":"Filling up the DagBag from /opt/airflow/dags/2_dag_versioning.py","logger":"airflow.dag_processing.dagbag.BundleDagBag","filename":"dagbag.py","lineno":460}
{"timestamp":"2026-07-31T18:45:29.791397Z","level":"info","event":"Filling up the DagBag from /opt/airflow/dags/2_dag_versioning.py","logger":"airflow.dag_processing.dagbag.BundleDagBag","filename":"dagbag.py","lineno":460}
{"timestamp":"2026-07-31T18:46:02.516376Z","level":"info","event":"Filling up the DagBag from /opt/airflow/dags/2_dag_versioning.py","logger":"airflow.dag_processing.dagbag.BundleDagBag","filename":"dagbag.py","lineno":460}
{"timestamp":"2026-07-31T18:46:34.117437Z","level":"info","event":"Filling up the DagBag from /opt/airflow/dags/2_dag_versioning.py","logger":"airflow.dag_processing.dagbag.BundleDagBag","filename":"dagbag.py","lineno":460}
{"timestamp":"2026-07-31T18:47:06.919073Z","level":"info","event":"Filling up the DagBag from /opt/airflow/dags/2_dag_versioning.py","logger":"airflow.dag_processing.dagbag.BundleDagBag","filename":"dagbag.py","lineno":460}
{"timestamp":"2026-07-31T18:47:38.895348Z","level":"info","event":"Filling up the DagBag from /opt/airflow/dags/2_dag_versioning.py","logger":"airflow.dag_processing.dagbag.BundleDagBag","filename":"dagbag.py","lineno":460}
{"timestamp":"2026-07-31T18:48:10.516477Z","level":"info","event":"Filling up the DagBag from /opt/airflow/dags/2_dag_versioning.py","logger":"airflow.dag_processing.dagbag.BundleDagBag","filename":"dagbag.py","lineno":460}
{"timestamp":"2026-07-31T18:48:44.467675Z","level":"info","event":"Filling up the DagBag from /opt/airflow/dags/2_dag_versioning.py","logger":"airflow.dag_processing.dagbag.BundleDagBag","filename":"dagbag.py","lineno":460}
