[2026-08-03T12:38:48.419+0000] {processor.py:186} INFO - Started process (PID=66) to work on /opt/airflow/dags/2_dag_versioning.py
[2026-08-03T12:38:48.422+0000] {processor.py:914} INFO - Processing file /opt/airflow/dags/2_dag_versioning.py for tasks to queue
[2026-08-03T12:38:48.457+0000] {logging_mixin.py:190} INFO - [2026-08-03T12:38:48.456+0000] {dagbag.py:588} INFO - Filling up the DagBag from /opt/airflow/dags/2_dag_versioning.py
[2026-08-03T12:38:48.690+0000] {logging_mixin.py:190} INFO - [2026-08-03T12:38:48.672+0000] {dagbag.py:387} ERROR - Failed to import: /opt/airflow/dags/2_dag_versioning.py
Traceback (most recent call last):
  File "/home/airflow/.local/lib/python3.12/site-packages/airflow/models/dagbag.py", line 383, in parse
    loader.exec_module(new_module)
  File "<frozen importlib._bootstrap_external>", line 995, in exec_module
  File "<frozen importlib._bootstrap>", line 488, in _call_with_frames_removed
  File "/opt/airflow/dags/2_dag_versioning.py", line 1, in <module>
    from airflow.sdk import dag, task
ModuleNotFoundError: No module named 'airflow.sdk'
[2026-08-03T12:38:48.695+0000] {processor.py:927} WARNING - No viable dags retrieved from /opt/airflow/dags/2_dag_versioning.py
[2026-08-03T12:38:49.121+0000] {processor.py:208} INFO - Processing /opt/airflow/dags/2_dag_versioning.py took 0.760 seconds
[2026-08-03T12:39:22.359+0000] {processor.py:186} INFO - Started process (PID=77) to work on /opt/airflow/dags/2_dag_versioning.py
[2026-08-03T12:39:22.369+0000] {processor.py:914} INFO - Processing file /opt/airflow/dags/2_dag_versioning.py for tasks to queue
[2026-08-03T12:39:22.385+0000] {logging_mixin.py:190} INFO - [2026-08-03T12:39:22.383+0000] {dagbag.py:588} INFO - Filling up the DagBag from /opt/airflow/dags/2_dag_versioning.py
[2026-08-03T12:39:22.501+0000] {logging_mixin.py:190} INFO - [2026-08-03T12:39:22.409+0000] {dagbag.py:387} ERROR - Failed to import: /opt/airflow/dags/2_dag_versioning.py
Traceback (most recent call last):
  File "/home/airflow/.local/lib/python3.12/site-packages/airflow/models/dagbag.py", line 383, in parse
    loader.exec_module(new_module)
  File "<frozen importlib._bootstrap_external>", line 995, in exec_module
  File "<frozen importlib._bootstrap>", line 488, in _call_with_frames_removed
  File "/opt/airflow/dags/2_dag_versioning.py", line 1, in <module>
    from airflow.sdk import dag, task
ModuleNotFoundError: No module named 'airflow.sdk'
[2026-08-03T12:39:22.509+0000] {processor.py:927} WARNING - No viable dags retrieved from /opt/airflow/dags/2_dag_versioning.py
[2026-08-03T12:39:22.607+0000] {processor.py:208} INFO - Processing /opt/airflow/dags/2_dag_versioning.py took 0.275 seconds
[2026-08-03T12:39:54.177+0000] {processor.py:186} INFO - Started process (PID=89) to work on /opt/airflow/dags/2_dag_versioning.py
[2026-08-03T12:39:54.187+0000] {processor.py:914} INFO - Processing file /opt/airflow/dags/2_dag_versioning.py for tasks to queue
[2026-08-03T12:39:54.196+0000] {logging_mixin.py:190} INFO - [2026-08-03T12:39:54.195+0000] {dagbag.py:588} INFO - Filling up the DagBag from /opt/airflow/dags/2_dag_versioning.py
[2026-08-03T12:39:54.291+0000] {logging_mixin.py:190} INFO - [2026-08-03T12:39:54.237+0000] {dagbag.py:387} ERROR - Failed to import: /opt/airflow/dags/2_dag_versioning.py
Traceback (most recent call last):
  File "/home/airflow/.local/lib/python3.12/site-packages/airflow/models/dagbag.py", line 383, in parse
    loader.exec_module(new_module)
  File "<frozen importlib._bootstrap_external>", line 995, in exec_module
  File "<frozen importlib._bootstrap>", line 488, in _call_with_frames_removed
  File "/opt/airflow/dags/2_dag_versioning.py", line 1, in <module>
    from airflow.sdk import dag, task
ModuleNotFoundError: No module named 'airflow.sdk'
[2026-08-03T12:39:54.295+0000] {processor.py:927} WARNING - No viable dags retrieved from /opt/airflow/dags/2_dag_versioning.py
[2026-08-03T12:39:54.425+0000] {processor.py:208} INFO - Processing /opt/airflow/dags/2_dag_versioning.py took 0.292 seconds
[2026-08-03T12:40:27.369+0000] {processor.py:186} INFO - Started process (PID=100) to work on /opt/airflow/dags/2_dag_versioning.py
[2026-08-03T12:40:27.371+0000] {processor.py:914} INFO - Processing file /opt/airflow/dags/2_dag_versioning.py for tasks to queue
[2026-08-03T12:40:27.381+0000] {logging_mixin.py:190} INFO - [2026-08-03T12:40:27.380+0000] {dagbag.py:588} INFO - Filling up the DagBag from /opt/airflow/dags/2_dag_versioning.py
[2026-08-03T12:40:27.421+0000] {logging_mixin.py:190} INFO - [2026-08-03T12:40:27.411+0000] {dagbag.py:387} ERROR - Failed to import: /opt/airflow/dags/2_dag_versioning.py
Traceback (most recent call last):
  File "/home/airflow/.local/lib/python3.12/site-packages/airflow/models/dagbag.py", line 383, in parse
    loader.exec_module(new_module)
  File "<frozen importlib._bootstrap_external>", line 995, in exec_module
  File "<frozen importlib._bootstrap>", line 488, in _call_with_frames_removed
  File "/opt/airflow/dags/2_dag_versioning.py", line 1, in <module>
    from airflow.sdk import dag, task
ModuleNotFoundError: No module named 'airflow.sdk'
[2026-08-03T12:40:27.425+0000] {processor.py:927} WARNING - No viable dags retrieved from /opt/airflow/dags/2_dag_versioning.py
[2026-08-03T12:40:27.490+0000] {processor.py:208} INFO - Processing /opt/airflow/dags/2_dag_versioning.py took 0.141 seconds
[2026-08-03T12:41:00.524+0000] {processor.py:186} INFO - Started process (PID=111) to work on /opt/airflow/dags/2_dag_versioning.py
[2026-08-03T12:41:00.528+0000] {processor.py:914} INFO - Processing file /opt/airflow/dags/2_dag_versioning.py for tasks to queue
[2026-08-03T12:41:00.540+0000] {logging_mixin.py:190} INFO - [2026-08-03T12:41:00.539+0000] {dagbag.py:588} INFO - Filling up the DagBag from /opt/airflow/dags/2_dag_versioning.py
[2026-08-03T12:41:00.653+0000] {logging_mixin.py:190} INFO - [2026-08-03T12:41:00.597+0000] {dagbag.py:387} ERROR - Failed to import: /opt/airflow/dags/2_dag_versioning.py
Traceback (most recent call last):
  File "/home/airflow/.local/lib/python3.12/site-packages/airflow/models/dagbag.py", line 383, in parse
    loader.exec_module(new_module)
  File "<frozen importlib._bootstrap_external>", line 995, in exec_module
  File "<frozen importlib._bootstrap>", line 488, in _call_with_frames_removed
  File "/opt/airflow/dags/2_dag_versioning.py", line 1, in <module>
    from airflow.sdk import dag, task
ModuleNotFoundError: No module named 'airflow.sdk'
[2026-08-03T12:41:00.678+0000] {processor.py:927} WARNING - No viable dags retrieved from /opt/airflow/dags/2_dag_versioning.py
[2026-08-03T12:41:00.996+0000] {processor.py:208} INFO - Processing /opt/airflow/dags/2_dag_versioning.py took 0.599 seconds
[2026-08-03T12:41:33.237+0000] {processor.py:186} INFO - Started process (PID=122) to work on /opt/airflow/dags/2_dag_versioning.py
[2026-08-03T12:41:33.260+0000] {processor.py:914} INFO - Processing file /opt/airflow/dags/2_dag_versioning.py for tasks to queue
[2026-08-03T12:41:33.289+0000] {logging_mixin.py:190} INFO - [2026-08-03T12:41:33.288+0000] {dagbag.py:588} INFO - Filling up the DagBag from /opt/airflow/dags/2_dag_versioning.py
[2026-08-03T12:41:33.483+0000] {logging_mixin.py:190} INFO - [2026-08-03T12:41:33.440+0000] {dagbag.py:387} ERROR - Failed to import: /opt/airflow/dags/2_dag_versioning.py
Traceback (most recent call last):
  File "/home/airflow/.local/lib/python3.12/site-packages/airflow/models/dagbag.py", line 383, in parse
    loader.exec_module(new_module)
  File "<frozen importlib._bootstrap_external>", line 995, in exec_module
  File "<frozen importlib._bootstrap>", line 488, in _call_with_frames_removed
  File "/opt/airflow/dags/2_dag_versioning.py", line 1, in <module>
    from airflow.sdk import dag, task
ModuleNotFoundError: No module named 'airflow.sdk'
[2026-08-03T12:41:33.502+0000] {processor.py:927} WARNING - No viable dags retrieved from /opt/airflow/dags/2_dag_versioning.py
[2026-08-03T12:41:33.631+0000] {processor.py:208} INFO - Processing /opt/airflow/dags/2_dag_versioning.py took 0.433 seconds
[2026-08-03T15:10:12.498+0000] {processor.py:186} INFO - Started process (PID=87) to work on /opt/airflow/dags/2_dag_versioning.py
[2026-08-03T15:10:12.595+0000] {processor.py:914} INFO - Processing file /opt/airflow/dags/2_dag_versioning.py for tasks to queue
[2026-08-03T15:10:12.671+0000] {logging_mixin.py:190} INFO - [2026-08-03T15:10:12.657+0000] {dagbag.py:588} INFO - Filling up the DagBag from /opt/airflow/dags/2_dag_versioning.py
[2026-08-03T15:10:12.810+0000] {logging_mixin.py:190} INFO - [2026-08-03T15:10:12.768+0000] {dagbag.py:387} ERROR - Failed to import: /opt/airflow/dags/2_dag_versioning.py
Traceback (most recent call last):
  File "/home/airflow/.local/lib/python3.12/site-packages/airflow/models/dagbag.py", line 383, in parse
    loader.exec_module(new_module)
  File "<frozen importlib._bootstrap_external>", line 995, in exec_module
  File "<frozen importlib._bootstrap>", line 488, in _call_with_frames_removed
  File "/opt/airflow/dags/2_dag_versioning.py", line 1, in <module>
    from airflow.sdk import dag, task
ModuleNotFoundError: No module named 'airflow.sdk'
[2026-08-03T15:10:12.839+0000] {processor.py:927} WARNING - No viable dags retrieved from /opt/airflow/dags/2_dag_versioning.py
[2026-08-03T15:10:13.133+0000] {processor.py:208} INFO - Processing /opt/airflow/dags/2_dag_versioning.py took 0.944 seconds
[2026-08-03T15:10:44.653+0000] {processor.py:186} INFO - Started process (PID=98) to work on /opt/airflow/dags/2_dag_versioning.py
[2026-08-03T15:10:44.707+0000] {processor.py:914} INFO - Processing file /opt/airflow/dags/2_dag_versioning.py for tasks to queue
[2026-08-03T15:10:44.919+0000] {logging_mixin.py:190} INFO - [2026-08-03T15:10:44.833+0000] {dagbag.py:588} INFO - Filling up the DagBag from /opt/airflow/dags/2_dag_versioning.py
[2026-08-03T15:10:45.234+0000] {logging_mixin.py:190} INFO - [2026-08-03T15:10:45.196+0000] {dagbag.py:387} ERROR - Failed to import: /opt/airflow/dags/2_dag_versioning.py
Traceback (most recent call last):
  File "/home/airflow/.local/lib/python3.12/site-packages/airflow/models/dagbag.py", line 383, in parse
    loader.exec_module(new_module)
  File "<frozen importlib._bootstrap_external>", line 995, in exec_module
  File "<frozen importlib._bootstrap>", line 488, in _call_with_frames_removed
  File "/opt/airflow/dags/2_dag_versioning.py", line 1, in <module>
    from airflow.sdk import dag, task
ModuleNotFoundError: No module named 'airflow.sdk'
[2026-08-03T15:10:45.242+0000] {processor.py:927} WARNING - No viable dags retrieved from /opt/airflow/dags/2_dag_versioning.py
[2026-08-03T15:10:45.591+0000] {processor.py:208} INFO - Processing /opt/airflow/dags/2_dag_versioning.py took 1.172 seconds
[2026-08-03T15:11:16.548+0000] {processor.py:186} INFO - Started process (PID=109) to work on /opt/airflow/dags/2_dag_versioning.py
[2026-08-03T15:11:16.565+0000] {processor.py:914} INFO - Processing file /opt/airflow/dags/2_dag_versioning.py for tasks to queue
[2026-08-03T15:11:16.578+0000] {logging_mixin.py:190} INFO - [2026-08-03T15:11:16.576+0000] {dagbag.py:588} INFO - Filling up the DagBag from /opt/airflow/dags/2_dag_versioning.py
[2026-08-03T15:11:16.885+0000] {logging_mixin.py:190} INFO - [2026-08-03T15:11:16.840+0000] {dagbag.py:387} ERROR - Failed to import: /opt/airflow/dags/2_dag_versioning.py
Traceback (most recent call last):
  File "/home/airflow/.local/lib/python3.12/site-packages/airflow/models/dagbag.py", line 383, in parse
    loader.exec_module(new_module)
  File "<frozen importlib._bootstrap_external>", line 995, in exec_module
  File "<frozen importlib._bootstrap>", line 488, in _call_with_frames_removed
  File "/opt/airflow/dags/2_dag_versioning.py", line 1, in <module>
    from airflow.sdk import dag, task
ModuleNotFoundError: No module named 'airflow.sdk'
[2026-08-03T15:11:16.907+0000] {processor.py:927} WARNING - No viable dags retrieved from /opt/airflow/dags/2_dag_versioning.py
[2026-08-03T15:11:17.035+0000] {processor.py:208} INFO - Processing /opt/airflow/dags/2_dag_versioning.py took 0.520 seconds
[2026-08-03T15:11:47.889+0000] {processor.py:186} INFO - Started process (PID=120) to work on /opt/airflow/dags/2_dag_versioning.py
[2026-08-03T15:11:47.916+0000] {processor.py:914} INFO - Processing file /opt/airflow/dags/2_dag_versioning.py for tasks to queue
[2026-08-03T15:11:48.066+0000] {logging_mixin.py:190} INFO - [2026-08-03T15:11:48.065+0000] {dagbag.py:588} INFO - Filling up the DagBag from /opt/airflow/dags/2_dag_versioning.py
[2026-08-03T15:11:48.120+0000] {logging_mixin.py:190} INFO - [2026-08-03T15:11:48.108+0000] {dagbag.py:387} ERROR - Failed to import: /opt/airflow/dags/2_dag_versioning.py
Traceback (most recent call last):
  File "/home/airflow/.local/lib/python3.12/site-packages/airflow/models/dagbag.py", line 383, in parse
    loader.exec_module(new_module)
  File "<frozen importlib._bootstrap_external>", line 995, in exec_module
  File "<frozen importlib._bootstrap>", line 488, in _call_with_frames_removed
  File "/opt/airflow/dags/2_dag_versioning.py", line 1, in <module>
    from airflow.sdk import dag, task
ModuleNotFoundError: No module named 'airflow.sdk'
[2026-08-03T15:11:48.130+0000] {processor.py:927} WARNING - No viable dags retrieved from /opt/airflow/dags/2_dag_versioning.py
[2026-08-03T15:11:48.221+0000] {processor.py:208} INFO - Processing /opt/airflow/dags/2_dag_versioning.py took 0.355 seconds
[2026-08-03T15:28:00.024+0000] {processor.py:186} INFO - Started process (PID=81) to work on /opt/airflow/dags/2_dag_versioning.py
[2026-08-03T15:28:00.031+0000] {processor.py:914} INFO - Processing file /opt/airflow/dags/2_dag_versioning.py for tasks to queue
[2026-08-03T15:28:00.050+0000] {logging_mixin.py:190} INFO - [2026-08-03T15:28:00.049+0000] {dagbag.py:588} INFO - Filling up the DagBag from /opt/airflow/dags/2_dag_versioning.py
[2026-08-03T15:28:00.117+0000] {logging_mixin.py:190} INFO - [2026-08-03T15:28:00.102+0000] {dagbag.py:387} ERROR - Failed to import: /opt/airflow/dags/2_dag_versioning.py
Traceback (most recent call last):
  File "/home/airflow/.local/lib/python3.12/site-packages/airflow/models/dagbag.py", line 383, in parse
    loader.exec_module(new_module)
  File "<frozen importlib._bootstrap_external>", line 999, in exec_module
  File "<frozen importlib._bootstrap>", line 488, in _call_with_frames_removed
  File "/opt/airflow/dags/2_dag_versioning.py", line 1, in <module>
    from airflow.sdk import dag, task
ModuleNotFoundError: No module named 'airflow.sdk'
[2026-08-03T15:28:00.122+0000] {processor.py:927} WARNING - No viable dags retrieved from /opt/airflow/dags/2_dag_versioning.py
[2026-08-03T15:28:00.416+0000] {processor.py:208} INFO - Processing /opt/airflow/dags/2_dag_versioning.py took 0.514 seconds
[2026-08-03T15:28:33.406+0000] {processor.py:186} INFO - Started process (PID=92) to work on /opt/airflow/dags/2_dag_versioning.py
[2026-08-03T15:28:33.412+0000] {processor.py:914} INFO - Processing file /opt/airflow/dags/2_dag_versioning.py for tasks to queue
[2026-08-03T15:28:33.425+0000] {logging_mixin.py:190} INFO - [2026-08-03T15:28:33.424+0000] {dagbag.py:588} INFO - Filling up the DagBag from /opt/airflow/dags/2_dag_versioning.py
[2026-08-03T15:28:33.501+0000] {logging_mixin.py:190} INFO - [2026-08-03T15:28:33.484+0000] {dagbag.py:387} ERROR - Failed to import: /opt/airflow/dags/2_dag_versioning.py
Traceback (most recent call last):
  File "/home/airflow/.local/lib/python3.12/site-packages/airflow/models/dagbag.py", line 383, in parse
    loader.exec_module(new_module)
  File "<frozen importlib._bootstrap_external>", line 999, in exec_module
  File "<frozen importlib._bootstrap>", line 488, in _call_with_frames_removed
  File "/opt/airflow/dags/2_dag_versioning.py", line 1, in <module>
    from airflow.sdk import dag, task
ModuleNotFoundError: No module named 'airflow.sdk'
[2026-08-03T15:28:33.507+0000] {processor.py:927} WARNING - No viable dags retrieved from /opt/airflow/dags/2_dag_versioning.py
[2026-08-03T15:28:33.810+0000] {processor.py:208} INFO - Processing /opt/airflow/dags/2_dag_versioning.py took 0.606 seconds
[2026-08-03T15:29:04.361+0000] {processor.py:186} INFO - Started process (PID=103) to work on /opt/airflow/dags/2_dag_versioning.py
[2026-08-03T15:29:04.390+0000] {processor.py:914} INFO - Processing file /opt/airflow/dags/2_dag_versioning.py for tasks to queue
[2026-08-03T15:29:04.417+0000] {logging_mixin.py:190} INFO - [2026-08-03T15:29:04.415+0000] {dagbag.py:588} INFO - Filling up the DagBag from /opt/airflow/dags/2_dag_versioning.py
[2026-08-03T15:29:04.653+0000] {logging_mixin.py:190} INFO - [2026-08-03T15:29:04.633+0000] {dagbag.py:387} ERROR - Failed to import: /opt/airflow/dags/2_dag_versioning.py
Traceback (most recent call last):
  File "/home/airflow/.local/lib/python3.12/site-packages/airflow/models/dagbag.py", line 383, in parse
    loader.exec_module(new_module)
  File "<frozen importlib._bootstrap_external>", line 999, in exec_module
  File "<frozen importlib._bootstrap>", line 488, in _call_with_frames_removed
  File "/opt/airflow/dags/2_dag_versioning.py", line 1, in <module>
    from airflow.sdk import dag, task
ModuleNotFoundError: No module named 'airflow.sdk'
[2026-08-03T15:29:04.666+0000] {processor.py:927} WARNING - No viable dags retrieved from /opt/airflow/dags/2_dag_versioning.py
[2026-08-03T15:29:04.896+0000] {processor.py:208} INFO - Processing /opt/airflow/dags/2_dag_versioning.py took 0.629 seconds
[2026-08-03T15:29:35.291+0000] {processor.py:186} INFO - Started process (PID=114) to work on /opt/airflow/dags/2_dag_versioning.py
[2026-08-03T15:29:35.296+0000] {processor.py:914} INFO - Processing file /opt/airflow/dags/2_dag_versioning.py for tasks to queue
[2026-08-03T15:29:35.304+0000] {logging_mixin.py:190} INFO - [2026-08-03T15:29:35.303+0000] {dagbag.py:588} INFO - Filling up the DagBag from /opt/airflow/dags/2_dag_versioning.py
[2026-08-03T15:29:35.353+0000] {logging_mixin.py:190} INFO - [2026-08-03T15:29:35.344+0000] {dagbag.py:387} ERROR - Failed to import: /opt/airflow/dags/2_dag_versioning.py
Traceback (most recent call last):
  File "/home/airflow/.local/lib/python3.12/site-packages/airflow/models/dagbag.py", line 383, in parse
    loader.exec_module(new_module)
  File "<frozen importlib._bootstrap_external>", line 999, in exec_module
  File "<frozen importlib._bootstrap>", line 488, in _call_with_frames_removed
  File "/opt/airflow/dags/2_dag_versioning.py", line 1, in <module>
    from airflow.sdk import dag, task
ModuleNotFoundError: No module named 'airflow.sdk'
[2026-08-03T15:29:35.359+0000] {processor.py:927} WARNING - No viable dags retrieved from /opt/airflow/dags/2_dag_versioning.py
[2026-08-03T15:29:35.419+0000] {processor.py:208} INFO - Processing /opt/airflow/dags/2_dag_versioning.py took 0.143 seconds
[2026-08-03T15:30:06.073+0000] {processor.py:186} INFO - Started process (PID=125) to work on /opt/airflow/dags/2_dag_versioning.py
[2026-08-03T15:30:06.076+0000] {processor.py:914} INFO - Processing file /opt/airflow/dags/2_dag_versioning.py for tasks to queue
[2026-08-03T15:30:06.087+0000] {logging_mixin.py:190} INFO - [2026-08-03T15:30:06.086+0000] {dagbag.py:588} INFO - Filling up the DagBag from /opt/airflow/dags/2_dag_versioning.py
[2026-08-03T15:30:06.129+0000] {logging_mixin.py:190} INFO - [2026-08-03T15:30:06.120+0000] {dagbag.py:387} ERROR - Failed to import: /opt/airflow/dags/2_dag_versioning.py
Traceback (most recent call last):
  File "/home/airflow/.local/lib/python3.12/site-packages/airflow/models/dagbag.py", line 383, in parse
    loader.exec_module(new_module)
  File "<frozen importlib._bootstrap_external>", line 999, in exec_module
  File "<frozen importlib._bootstrap>", line 488, in _call_with_frames_removed
  File "/opt/airflow/dags/2_dag_versioning.py", line 1, in <module>
    from airflow.sdk import dag, task
ModuleNotFoundError: No module named 'airflow.sdk'
[2026-08-03T15:30:06.136+0000] {processor.py:927} WARNING - No viable dags retrieved from /opt/airflow/dags/2_dag_versioning.py
[2026-08-03T15:30:06.225+0000] {processor.py:208} INFO - Processing /opt/airflow/dags/2_dag_versioning.py took 0.183 seconds
[2026-08-03T15:30:37.492+0000] {processor.py:186} INFO - Started process (PID=136) to work on /opt/airflow/dags/2_dag_versioning.py
[2026-08-03T15:30:37.507+0000] {processor.py:914} INFO - Processing file /opt/airflow/dags/2_dag_versioning.py for tasks to queue
[2026-08-03T15:30:37.524+0000] {logging_mixin.py:190} INFO - [2026-08-03T15:30:37.522+0000] {dagbag.py:588} INFO - Filling up the DagBag from /opt/airflow/dags/2_dag_versioning.py
[2026-08-03T15:30:37.576+0000] {logging_mixin.py:190} INFO - [2026-08-03T15:30:37.561+0000] {dagbag.py:387} ERROR - Failed to import: /opt/airflow/dags/2_dag_versioning.py
Traceback (most recent call last):
  File "/home/airflow/.local/lib/python3.12/site-packages/airflow/models/dagbag.py", line 383, in parse
    loader.exec_module(new_module)
  File "<frozen importlib._bootstrap_external>", line 999, in exec_module
  File "<frozen importlib._bootstrap>", line 488, in _call_with_frames_removed
  File "/opt/airflow/dags/2_dag_versioning.py", line 1, in <module>
    from airflow.sdk import dag, task
ModuleNotFoundError: No module named 'airflow.sdk'
[2026-08-03T15:30:37.580+0000] {processor.py:927} WARNING - No viable dags retrieved from /opt/airflow/dags/2_dag_versioning.py
[2026-08-03T15:30:37.694+0000] {processor.py:208} INFO - Processing /opt/airflow/dags/2_dag_versioning.py took 0.234 seconds
[2026-08-03T15:31:08.163+0000] {processor.py:186} INFO - Started process (PID=148) to work on /opt/airflow/dags/2_dag_versioning.py
[2026-08-03T15:31:08.167+0000] {processor.py:914} INFO - Processing file /opt/airflow/dags/2_dag_versioning.py for tasks to queue
[2026-08-03T15:31:08.192+0000] {logging_mixin.py:190} INFO - [2026-08-03T15:31:08.190+0000] {dagbag.py:588} INFO - Filling up the DagBag from /opt/airflow/dags/2_dag_versioning.py
[2026-08-03T15:31:08.251+0000] {logging_mixin.py:190} INFO - [2026-08-03T15:31:08.238+0000] {dagbag.py:387} ERROR - Failed to import: /opt/airflow/dags/2_dag_versioning.py
Traceback (most recent call last):
  File "/home/airflow/.local/lib/python3.12/site-packages/airflow/models/dagbag.py", line 383, in parse
    loader.exec_module(new_module)
  File "<frozen importlib._bootstrap_external>", line 999, in exec_module
  File "<frozen importlib._bootstrap>", line 488, in _call_with_frames_removed
  File "/opt/airflow/dags/2_dag_versioning.py", line 1, in <module>
    from airflow.sdk import dag, task
ModuleNotFoundError: No module named 'airflow.sdk'
[2026-08-03T15:31:08.257+0000] {processor.py:927} WARNING - No viable dags retrieved from /opt/airflow/dags/2_dag_versioning.py
[2026-08-03T15:31:08.336+0000] {processor.py:208} INFO - Processing /opt/airflow/dags/2_dag_versioning.py took 0.218 seconds
[2026-08-03T15:31:39.686+0000] {processor.py:186} INFO - Started process (PID=160) to work on /opt/airflow/dags/2_dag_versioning.py
[2026-08-03T15:31:39.710+0000] {processor.py:914} INFO - Processing file /opt/airflow/dags/2_dag_versioning.py for tasks to queue
[2026-08-03T15:31:39.733+0000] {logging_mixin.py:190} INFO - [2026-08-03T15:31:39.732+0000] {dagbag.py:588} INFO - Filling up the DagBag from /opt/airflow/dags/2_dag_versioning.py
[2026-08-03T15:31:39.809+0000] {logging_mixin.py:190} INFO - [2026-08-03T15:31:39.794+0000] {dagbag.py:387} ERROR - Failed to import: /opt/airflow/dags/2_dag_versioning.py
Traceback (most recent call last):
  File "/home/airflow/.local/lib/python3.12/site-packages/airflow/models/dagbag.py", line 383, in parse
    loader.exec_module(new_module)
  File "<frozen importlib._bootstrap_external>", line 999, in exec_module
  File "<frozen importlib._bootstrap>", line 488, in _call_with_frames_removed
  File "/opt/airflow/dags/2_dag_versioning.py", line 1, in <module>
    from airflow.sdk import dag, task
ModuleNotFoundError: No module named 'airflow.sdk'
[2026-08-03T15:31:39.831+0000] {processor.py:927} WARNING - No viable dags retrieved from /opt/airflow/dags/2_dag_versioning.py
[2026-08-03T15:31:39.969+0000] {processor.py:208} INFO - Processing /opt/airflow/dags/2_dag_versioning.py took 0.353 seconds
[2026-08-03T15:32:10.502+0000] {processor.py:186} INFO - Started process (PID=171) to work on /opt/airflow/dags/2_dag_versioning.py
[2026-08-03T15:32:10.535+0000] {processor.py:914} INFO - Processing file /opt/airflow/dags/2_dag_versioning.py for tasks to queue
[2026-08-03T15:32:10.550+0000] {logging_mixin.py:190} INFO - [2026-08-03T15:32:10.549+0000] {dagbag.py:588} INFO - Filling up the DagBag from /opt/airflow/dags/2_dag_versioning.py
[2026-08-03T15:32:10.718+0000] {logging_mixin.py:190} INFO - [2026-08-03T15:32:10.701+0000] {dagbag.py:387} ERROR - Failed to import: /opt/airflow/dags/2_dag_versioning.py
Traceback (most recent call last):
  File "/home/airflow/.local/lib/python3.12/site-packages/airflow/models/dagbag.py", line 383, in parse
    loader.exec_module(new_module)
  File "<frozen importlib._bootstrap_external>", line 999, in exec_module
  File "<frozen importlib._bootstrap>", line 488, in _call_with_frames_removed
  File "/opt/airflow/dags/2_dag_versioning.py", line 1, in <module>
    from airflow.sdk import dag, task
ModuleNotFoundError: No module named 'airflow.sdk'
[2026-08-03T15:32:10.723+0000] {processor.py:927} WARNING - No viable dags retrieved from /opt/airflow/dags/2_dag_versioning.py
[2026-08-03T15:32:10.937+0000] {processor.py:208} INFO - Processing /opt/airflow/dags/2_dag_versioning.py took 0.451 seconds
[2026-08-03T15:32:41.334+0000] {processor.py:186} INFO - Started process (PID=182) to work on /opt/airflow/dags/2_dag_versioning.py
[2026-08-03T15:32:41.338+0000] {processor.py:914} INFO - Processing file /opt/airflow/dags/2_dag_versioning.py for tasks to queue
[2026-08-03T15:32:41.349+0000] {logging_mixin.py:190} INFO - [2026-08-03T15:32:41.348+0000] {dagbag.py:588} INFO - Filling up the DagBag from /opt/airflow/dags/2_dag_versioning.py
[2026-08-03T15:32:41.385+0000] {logging_mixin.py:190} INFO - [2026-08-03T15:32:41.376+0000] {dagbag.py:387} ERROR - Failed to import: /opt/airflow/dags/2_dag_versioning.py
Traceback (most recent call last):
  File "/home/airflow/.local/lib/python3.12/site-packages/airflow/models/dagbag.py", line 383, in parse
    loader.exec_module(new_module)
  File "<frozen importlib._bootstrap_external>", line 999, in exec_module
  File "<frozen importlib._bootstrap>", line 488, in _call_with_frames_removed
  File "/opt/airflow/dags/2_dag_versioning.py", line 1, in <module>
    from airflow.sdk import dag, task
ModuleNotFoundError: No module named 'airflow.sdk'
[2026-08-03T15:32:41.389+0000] {processor.py:927} WARNING - No viable dags retrieved from /opt/airflow/dags/2_dag_versioning.py
[2026-08-03T15:32:41.462+0000] {processor.py:208} INFO - Processing /opt/airflow/dags/2_dag_versioning.py took 0.151 seconds
[2026-08-03T15:33:11.924+0000] {processor.py:186} INFO - Started process (PID=193) to work on /opt/airflow/dags/2_dag_versioning.py
[2026-08-03T15:33:11.927+0000] {processor.py:914} INFO - Processing file /opt/airflow/dags/2_dag_versioning.py for tasks to queue
[2026-08-03T15:33:11.935+0000] {logging_mixin.py:190} INFO - [2026-08-03T15:33:11.934+0000] {dagbag.py:588} INFO - Filling up the DagBag from /opt/airflow/dags/2_dag_versioning.py
[2026-08-03T15:33:11.971+0000] {logging_mixin.py:190} INFO - [2026-08-03T15:33:11.961+0000] {dagbag.py:387} ERROR - Failed to import: /opt/airflow/dags/2_dag_versioning.py
Traceback (most recent call last):
  File "/home/airflow/.local/lib/python3.12/site-packages/airflow/models/dagbag.py", line 383, in parse
    loader.exec_module(new_module)
  File "<frozen importlib._bootstrap_external>", line 999, in exec_module
  File "<frozen importlib._bootstrap>", line 488, in _call_with_frames_removed
  File "/opt/airflow/dags/2_dag_versioning.py", line 1, in <module>
    from airflow.sdk import dag, task
ModuleNotFoundError: No module named 'airflow.sdk'
[2026-08-03T15:33:11.975+0000] {processor.py:927} WARNING - No viable dags retrieved from /opt/airflow/dags/2_dag_versioning.py
[2026-08-03T15:33:12.054+0000] {processor.py:208} INFO - Processing /opt/airflow/dags/2_dag_versioning.py took 0.158 seconds
[2026-08-03T15:33:43.027+0000] {processor.py:186} INFO - Started process (PID=205) to work on /opt/airflow/dags/2_dag_versioning.py
[2026-08-03T15:33:43.042+0000] {processor.py:914} INFO - Processing file /opt/airflow/dags/2_dag_versioning.py for tasks to queue
[2026-08-03T15:33:43.049+0000] {logging_mixin.py:190} INFO - [2026-08-03T15:33:43.049+0000] {dagbag.py:588} INFO - Filling up the DagBag from /opt/airflow/dags/2_dag_versioning.py
[2026-08-03T15:33:43.118+0000] {logging_mixin.py:190} INFO - [2026-08-03T15:33:43.107+0000] {dagbag.py:387} ERROR - Failed to import: /opt/airflow/dags/2_dag_versioning.py
Traceback (most recent call last):
  File "/home/airflow/.local/lib/python3.12/site-packages/airflow/models/dagbag.py", line 383, in parse
    loader.exec_module(new_module)
  File "<frozen importlib._bootstrap_external>", line 999, in exec_module
  File "<frozen importlib._bootstrap>", line 488, in _call_with_frames_removed
  File "/opt/airflow/dags/2_dag_versioning.py", line 1, in <module>
    from airflow.sdk import dag, task
ModuleNotFoundError: No module named 'airflow.sdk'
[2026-08-03T15:33:43.124+0000] {processor.py:927} WARNING - No viable dags retrieved from /opt/airflow/dags/2_dag_versioning.py
[2026-08-03T15:33:43.442+0000] {processor.py:208} INFO - Processing /opt/airflow/dags/2_dag_versioning.py took 0.437 seconds
[2026-08-03T15:34:13.736+0000] {processor.py:186} INFO - Started process (PID=217) to work on /opt/airflow/dags/2_dag_versioning.py
[2026-08-03T15:34:13.740+0000] {processor.py:914} INFO - Processing file /opt/airflow/dags/2_dag_versioning.py for tasks to queue
[2026-08-03T15:34:13.751+0000] {logging_mixin.py:190} INFO - [2026-08-03T15:34:13.750+0000] {dagbag.py:588} INFO - Filling up the DagBag from /opt/airflow/dags/2_dag_versioning.py
[2026-08-03T15:34:13.793+0000] {logging_mixin.py:190} INFO - [2026-08-03T15:34:13.783+0000] {dagbag.py:387} ERROR - Failed to import: /opt/airflow/dags/2_dag_versioning.py
Traceback (most recent call last):
  File "/home/airflow/.local/lib/python3.12/site-packages/airflow/models/dagbag.py", line 383, in parse
    loader.exec_module(new_module)
  File "<frozen importlib._bootstrap_external>", line 999, in exec_module
  File "<frozen importlib._bootstrap>", line 488, in _call_with_frames_removed
  File "/opt/airflow/dags/2_dag_versioning.py", line 1, in <module>
    from airflow.sdk import dag, task
ModuleNotFoundError: No module named 'airflow.sdk'
[2026-08-03T15:34:13.798+0000] {processor.py:927} WARNING - No viable dags retrieved from /opt/airflow/dags/2_dag_versioning.py
[2026-08-03T15:34:13.866+0000] {processor.py:208} INFO - Processing /opt/airflow/dags/2_dag_versioning.py took 0.147 seconds
[2026-08-03T15:34:44.138+0000] {processor.py:186} INFO - Started process (PID=229) to work on /opt/airflow/dags/2_dag_versioning.py
[2026-08-03T15:34:44.141+0000] {processor.py:914} INFO - Processing file /opt/airflow/dags/2_dag_versioning.py for tasks to queue
[2026-08-03T15:34:44.151+0000] {logging_mixin.py:190} INFO - [2026-08-03T15:34:44.150+0000] {dagbag.py:588} INFO - Filling up the DagBag from /opt/airflow/dags/2_dag_versioning.py
[2026-08-03T15:34:44.191+0000] {logging_mixin.py:190} INFO - [2026-08-03T15:34:44.182+0000] {dagbag.py:387} ERROR - Failed to import: /opt/airflow/dags/2_dag_versioning.py
Traceback (most recent call last):
  File "/home/airflow/.local/lib/python3.12/site-packages/airflow/models/dagbag.py", line 383, in parse
    loader.exec_module(new_module)
  File "<frozen importlib._bootstrap_external>", line 999, in exec_module
  File "<frozen importlib._bootstrap>", line 488, in _call_with_frames_removed
  File "/opt/airflow/dags/2_dag_versioning.py", line 1, in <module>
    from airflow.sdk import dag, task
ModuleNotFoundError: No module named 'airflow.sdk'
[2026-08-03T15:34:44.195+0000] {processor.py:927} WARNING - No viable dags retrieved from /opt/airflow/dags/2_dag_versioning.py
[2026-08-03T15:34:44.252+0000] {processor.py:208} INFO - Processing /opt/airflow/dags/2_dag_versioning.py took 0.130 seconds
[2026-08-03T15:35:14.557+0000] {processor.py:186} INFO - Started process (PID=239) to work on /opt/airflow/dags/2_dag_versioning.py
[2026-08-03T15:35:14.560+0000] {processor.py:914} INFO - Processing file /opt/airflow/dags/2_dag_versioning.py for tasks to queue
[2026-08-03T15:35:14.568+0000] {logging_mixin.py:190} INFO - [2026-08-03T15:35:14.566+0000] {dagbag.py:588} INFO - Filling up the DagBag from /opt/airflow/dags/2_dag_versioning.py
[2026-08-03T15:35:14.609+0000] {logging_mixin.py:190} INFO - [2026-08-03T15:35:14.599+0000] {dagbag.py:387} ERROR - Failed to import: /opt/airflow/dags/2_dag_versioning.py
Traceback (most recent call last):
  File "/home/airflow/.local/lib/python3.12/site-packages/airflow/models/dagbag.py", line 383, in parse
    loader.exec_module(new_module)
  File "<frozen importlib._bootstrap_external>", line 999, in exec_module
  File "<frozen importlib._bootstrap>", line 488, in _call_with_frames_removed
  File "/opt/airflow/dags/2_dag_versioning.py", line 1, in <module>
    from airflow.sdk import dag, task
ModuleNotFoundError: No module named 'airflow.sdk'
[2026-08-03T15:35:14.614+0000] {processor.py:927} WARNING - No viable dags retrieved from /opt/airflow/dags/2_dag_versioning.py
[2026-08-03T15:35:14.718+0000] {processor.py:208} INFO - Processing /opt/airflow/dags/2_dag_versioning.py took 0.181 seconds
[2026-08-03T15:35:44.931+0000] {processor.py:186} INFO - Started process (PID=250) to work on /opt/airflow/dags/2_dag_versioning.py
[2026-08-03T15:35:44.934+0000] {processor.py:914} INFO - Processing file /opt/airflow/dags/2_dag_versioning.py for tasks to queue
[2026-08-03T15:35:44.946+0000] {logging_mixin.py:190} INFO - [2026-08-03T15:35:44.945+0000] {dagbag.py:588} INFO - Filling up the DagBag from /opt/airflow/dags/2_dag_versioning.py
[2026-08-03T15:35:44.989+0000] {logging_mixin.py:190} INFO - [2026-08-03T15:35:44.978+0000] {dagbag.py:387} ERROR - Failed to import: /opt/airflow/dags/2_dag_versioning.py
Traceback (most recent call last):
  File "/home/airflow/.local/lib/python3.12/site-packages/airflow/models/dagbag.py", line 383, in parse
    loader.exec_module(new_module)
  File "<frozen importlib._bootstrap_external>", line 999, in exec_module
  File "<frozen importlib._bootstrap>", line 488, in _call_with_frames_removed
  File "/opt/airflow/dags/2_dag_versioning.py", line 1, in <module>
    from airflow.sdk import dag, task
ModuleNotFoundError: No module named 'airflow.sdk'
[2026-08-03T15:35:44.994+0000] {processor.py:927} WARNING - No viable dags retrieved from /opt/airflow/dags/2_dag_versioning.py
[2026-08-03T15:35:45.060+0000] {processor.py:208} INFO - Processing /opt/airflow/dags/2_dag_versioning.py took 0.152 seconds
[2026-08-03T15:36:15.873+0000] {processor.py:186} INFO - Started process (PID=261) to work on /opt/airflow/dags/2_dag_versioning.py
[2026-08-03T15:36:15.879+0000] {processor.py:914} INFO - Processing file /opt/airflow/dags/2_dag_versioning.py for tasks to queue
[2026-08-03T15:36:15.889+0000] {logging_mixin.py:190} INFO - [2026-08-03T15:36:15.888+0000] {dagbag.py:588} INFO - Filling up the DagBag from /opt/airflow/dags/2_dag_versioning.py
[2026-08-03T15:36:16.043+0000] {logging_mixin.py:190} INFO - [2026-08-03T15:36:16.025+0000] {dagbag.py:387} ERROR - Failed to import: /opt/airflow/dags/2_dag_versioning.py
Traceback (most recent call last):
  File "/home/airflow/.local/lib/python3.12/site-packages/airflow/models/dagbag.py", line 383, in parse
    loader.exec_module(new_module)
  File "<frozen importlib._bootstrap_external>", line 999, in exec_module
  File "<frozen importlib._bootstrap>", line 488, in _call_with_frames_removed
  File "/opt/airflow/dags/2_dag_versioning.py", line 1, in <module>
    from airflow.sdk import dag, task
ModuleNotFoundError: No module named 'airflow.sdk'
[2026-08-03T15:36:16.053+0000] {processor.py:927} WARNING - No viable dags retrieved from /opt/airflow/dags/2_dag_versioning.py
[2026-08-03T15:36:16.222+0000] {processor.py:208} INFO - Processing /opt/airflow/dags/2_dag_versioning.py took 0.397 seconds
[2026-08-03T15:36:46.939+0000] {processor.py:186} INFO - Started process (PID=272) to work on /opt/airflow/dags/2_dag_versioning.py
[2026-08-03T15:36:46.942+0000] {processor.py:914} INFO - Processing file /opt/airflow/dags/2_dag_versioning.py for tasks to queue
[2026-08-03T15:36:46.949+0000] {logging_mixin.py:190} INFO - [2026-08-03T15:36:46.948+0000] {dagbag.py:588} INFO - Filling up the DagBag from /opt/airflow/dags/2_dag_versioning.py
[2026-08-03T15:36:46.988+0000] {logging_mixin.py:190} INFO - [2026-08-03T15:36:46.979+0000] {dagbag.py:387} ERROR - Failed to import: /opt/airflow/dags/2_dag_versioning.py
Traceback (most recent call last):
  File "/home/airflow/.local/lib/python3.12/site-packages/airflow/models/dagbag.py", line 383, in parse
    loader.exec_module(new_module)
  File "<frozen importlib._bootstrap_external>", line 999, in exec_module
  File "<frozen importlib._bootstrap>", line 488, in _call_with_frames_removed
  File "/opt/airflow/dags/2_dag_versioning.py", line 1, in <module>
    from airflow.sdk import dag, task
ModuleNotFoundError: No module named 'airflow.sdk'
[2026-08-03T15:36:46.992+0000] {processor.py:927} WARNING - No viable dags retrieved from /opt/airflow/dags/2_dag_versioning.py
[2026-08-03T15:36:47.060+0000] {processor.py:208} INFO - Processing /opt/airflow/dags/2_dag_versioning.py took 0.140 seconds
[2026-08-03T15:45:38.394+0000] {processor.py:186} INFO - Started process (PID=225) to work on /opt/airflow/dags/2_dag_versioning.py
[2026-08-03T15:45:38.402+0000] {processor.py:914} INFO - Processing file /opt/airflow/dags/2_dag_versioning.py for tasks to queue
[2026-08-03T15:45:38.488+0000] {logging_mixin.py:190} INFO - [2026-08-03T15:45:38.480+0000] {dagbag.py:588} INFO - Filling up the DagBag from /opt/airflow/dags/2_dag_versioning.py
[2026-08-03T15:45:38.576+0000] {logging_mixin.py:190} INFO - [2026-08-03T15:45:38.553+0000] {dagbag.py:387} ERROR - Failed to import: /opt/airflow/dags/2_dag_versioning.py
Traceback (most recent call last):
  File "/home/airflow/.local/lib/python3.12/site-packages/airflow/models/dagbag.py", line 383, in parse
    loader.exec_module(new_module)
  File "<frozen importlib._bootstrap_external>", line 999, in exec_module
  File "<frozen importlib._bootstrap>", line 488, in _call_with_frames_removed
  File "/opt/airflow/dags/2_dag_versioning.py", line 1, in <module>
    from airflow.sdk import dag, task
ModuleNotFoundError: No module named 'airflow.sdk'
[2026-08-03T15:45:38.581+0000] {processor.py:927} WARNING - No viable dags retrieved from /opt/airflow/dags/2_dag_versioning.py
[2026-08-03T15:45:38.730+0000] {processor.py:208} INFO - Processing /opt/airflow/dags/2_dag_versioning.py took 0.623 seconds
[2026-08-03T15:46:08.945+0000] {processor.py:186} INFO - Started process (PID=254) to work on /opt/airflow/dags/2_dag_versioning.py
[2026-08-03T15:46:08.958+0000] {processor.py:914} INFO - Processing file /opt/airflow/dags/2_dag_versioning.py for tasks to queue
[2026-08-03T15:46:08.975+0000] {logging_mixin.py:190} INFO - [2026-08-03T15:46:08.973+0000] {dagbag.py:588} INFO - Filling up the DagBag from /opt/airflow/dags/2_dag_versioning.py
[2026-08-03T15:46:09.016+0000] {logging_mixin.py:190} INFO - [2026-08-03T15:46:09.005+0000] {dagbag.py:387} ERROR - Failed to import: /opt/airflow/dags/2_dag_versioning.py
Traceback (most recent call last):
  File "/home/airflow/.local/lib/python3.12/site-packages/airflow/models/dagbag.py", line 383, in parse
    loader.exec_module(new_module)
  File "<frozen importlib._bootstrap_external>", line 999, in exec_module
  File "<frozen importlib._bootstrap>", line 488, in _call_with_frames_removed
  File "/opt/airflow/dags/2_dag_versioning.py", line 1, in <module>
    from airflow.sdk import dag, task
ModuleNotFoundError: No module named 'airflow.sdk'
[2026-08-03T15:46:09.022+0000] {processor.py:927} WARNING - No viable dags retrieved from /opt/airflow/dags/2_dag_versioning.py
[2026-08-03T15:46:09.154+0000] {processor.py:208} INFO - Processing /opt/airflow/dags/2_dag_versioning.py took 0.249 seconds
