[2026-08-03T12:38:44.598+0000] {processor.py:186} INFO - Started process (PID=65) to work on /opt/airflow/dags/3_operator.py
[2026-08-03T12:38:44.611+0000] {processor.py:914} INFO - Processing file /opt/airflow/dags/3_operator.py for tasks to queue
[2026-08-03T12:38:44.672+0000] {logging_mixin.py:190} INFO - [2026-08-03T12:38:44.661+0000] {dagbag.py:588} INFO - Filling up the DagBag from /opt/airflow/dags/3_operator.py
[2026-08-03T12:38:44.959+0000] {logging_mixin.py:190} INFO - [2026-08-03T12:38:44.928+0000] {dagbag.py:387} ERROR - Failed to import: /opt/airflow/dags/3_operator.py
Traceback (most recent call last):
  File "/home/airflow/.local/lib/python3.12/site-packages/airflow/models/dagbag.py", line 383, in parse
    loader.exec_module(new_module)
  File "<frozen importlib._bootstrap_external>", line 995, in exec_module
  File "<frozen importlib._bootstrap>", line 488, in _call_with_frames_removed
  File "/opt/airflow/dags/3_operator.py", line 1, in <module>
    from airflow.sdk import dag, task
ModuleNotFoundError: No module named 'airflow.sdk'
[2026-08-03T12:38:43.065+0000] {processor.py:927} WARNING - No viable dags retrieved from /opt/airflow/dags/3_operator.py
[2026-08-03T12:38:48.251+0000] {processor.py:208} INFO - Processing /opt/airflow/dags/3_operator.py took 0.902 seconds
[2026-08-03T12:39:22.349+0000] {processor.py:186} INFO - Started process (PID=76) to work on /opt/airflow/dags/3_operator.py
[2026-08-03T12:39:22.354+0000] {processor.py:914} INFO - Processing file /opt/airflow/dags/3_operator.py for tasks to queue
[2026-08-03T12:39:22.378+0000] {logging_mixin.py:190} INFO - [2026-08-03T12:39:22.375+0000] {dagbag.py:588} INFO - Filling up the DagBag from /opt/airflow/dags/3_operator.py
[2026-08-03T12:39:22.479+0000] {logging_mixin.py:190} INFO - [2026-08-03T12:39:22.410+0000] {dagbag.py:387} ERROR - Failed to import: /opt/airflow/dags/3_operator.py
Traceback (most recent call last):
  File "/home/airflow/.local/lib/python3.12/site-packages/airflow/models/dagbag.py", line 383, in parse
    loader.exec_module(new_module)
  File "<frozen importlib._bootstrap_external>", line 995, in exec_module
  File "<frozen importlib._bootstrap>", line 488, in _call_with_frames_removed
  File "/opt/airflow/dags/3_operator.py", line 1, in <module>
    from airflow.sdk import dag, task
ModuleNotFoundError: No module named 'airflow.sdk'
[2026-08-03T12:39:22.489+0000] {processor.py:927} WARNING - No viable dags retrieved from /opt/airflow/dags/3_operator.py
[2026-08-03T12:39:22.627+0000] {processor.py:208} INFO - Processing /opt/airflow/dags/3_operator.py took 0.326 seconds
[2026-08-03T12:39:54.102+0000] {processor.py:186} INFO - Started process (PID=88) to work on /opt/airflow/dags/3_operator.py
[2026-08-03T12:39:54.108+0000] {processor.py:914} INFO - Processing file /opt/airflow/dags/3_operator.py for tasks to queue
[2026-08-03T12:39:54.127+0000] {logging_mixin.py:190} INFO - [2026-08-03T12:39:54.125+0000] {dagbag.py:588} INFO - Filling up the DagBag from /opt/airflow/dags/3_operator.py
[2026-08-03T12:39:54.230+0000] {logging_mixin.py:190} INFO - [2026-08-03T12:39:54.167+0000] {dagbag.py:387} ERROR - Failed to import: /opt/airflow/dags/3_operator.py
Traceback (most recent call last):
  File "/home/airflow/.local/lib/python3.12/site-packages/airflow/models/dagbag.py", line 383, in parse
    loader.exec_module(new_module)
  File "<frozen importlib._bootstrap_external>", line 995, in exec_module
  File "<frozen importlib._bootstrap>", line 488, in _call_with_frames_removed
  File "/opt/airflow/dags/3_operator.py", line 1, in <module>
    from airflow.sdk import dag, task
ModuleNotFoundError: No module named 'airflow.sdk'
[2026-08-03T12:39:54.235+0000] {processor.py:927} WARNING - No viable dags retrieved from /opt/airflow/dags/3_operator.py
[2026-08-03T12:39:54.407+0000] {processor.py:208} INFO - Processing /opt/airflow/dags/3_operator.py took 0.344 seconds
[2026-08-03T12:40:27.338+0000] {processor.py:186} INFO - Started process (PID=99) to work on /opt/airflow/dags/3_operator.py
[2026-08-03T12:40:27.342+0000] {processor.py:914} INFO - Processing file /opt/airflow/dags/3_operator.py for tasks to queue
[2026-08-03T12:40:27.353+0000] {logging_mixin.py:190} INFO - [2026-08-03T12:40:27.353+0000] {dagbag.py:588} INFO - Filling up the DagBag from /opt/airflow/dags/3_operator.py
[2026-08-03T12:40:27.396+0000] {logging_mixin.py:190} INFO - [2026-08-03T12:40:27.385+0000] {dagbag.py:387} ERROR - Failed to import: /opt/airflow/dags/3_operator.py
Traceback (most recent call last):
  File "/home/airflow/.local/lib/python3.12/site-packages/airflow/models/dagbag.py", line 383, in parse
    loader.exec_module(new_module)
  File "<frozen importlib._bootstrap_external>", line 995, in exec_module
  File "<frozen importlib._bootstrap>", line 488, in _call_with_frames_removed
  File "/opt/airflow/dags/3_operator.py", line 1, in <module>
    from airflow.sdk import dag, task
ModuleNotFoundError: No module named 'airflow.sdk'
[2026-08-03T12:40:27.400+0000] {processor.py:927} WARNING - No viable dags retrieved from /opt/airflow/dags/3_operator.py
[2026-08-03T12:40:27.465+0000] {processor.py:208} INFO - Processing /opt/airflow/dags/3_operator.py took 0.144 seconds
[2026-08-03T12:41:00.393+0000] {processor.py:186} INFO - Started process (PID=110) to work on /opt/airflow/dags/3_operator.py
[2026-08-03T12:41:00.410+0000] {processor.py:914} INFO - Processing file /opt/airflow/dags/3_operator.py for tasks to queue
[2026-08-03T12:41:00.471+0000] {logging_mixin.py:190} INFO - [2026-08-03T12:41:00.467+0000] {dagbag.py:588} INFO - Filling up the DagBag from /opt/airflow/dags/3_operator.py
[2026-08-03T12:41:00.557+0000] {logging_mixin.py:190} INFO - [2026-08-03T12:41:00.547+0000] {dagbag.py:387} ERROR - Failed to import: /opt/airflow/dags/3_operator.py
Traceback (most recent call last):
  File "/home/airflow/.local/lib/python3.12/site-packages/airflow/models/dagbag.py", line 383, in parse
    loader.exec_module(new_module)
  File "<frozen importlib._bootstrap_external>", line 995, in exec_module
  File "<frozen importlib._bootstrap>", line 488, in _call_with_frames_removed
  File "/opt/airflow/dags/3_operator.py", line 1, in <module>
    from airflow.sdk import dag, task
ModuleNotFoundError: No module named 'airflow.sdk'
[2026-08-03T12:41:00.562+0000] {processor.py:927} WARNING - No viable dags retrieved from /opt/airflow/dags/3_operator.py
[2026-08-03T12:41:00.907+0000] {processor.py:208} INFO - Processing /opt/airflow/dags/3_operator.py took 0.673 seconds
[2026-08-03T12:41:33.042+0000] {processor.py:186} INFO - Started process (PID=121) to work on /opt/airflow/dags/3_operator.py
[2026-08-03T12:41:33.061+0000] {processor.py:914} INFO - Processing file /opt/airflow/dags/3_operator.py for tasks to queue
[2026-08-03T12:41:33.094+0000] {logging_mixin.py:190} INFO - [2026-08-03T12:41:33.093+0000] {dagbag.py:588} INFO - Filling up the DagBag from /opt/airflow/dags/3_operator.py
[2026-08-03T12:41:33.415+0000] {logging_mixin.py:190} INFO - [2026-08-03T12:41:33.391+0000] {dagbag.py:387} ERROR - Failed to import: /opt/airflow/dags/3_operator.py
Traceback (most recent call last):
  File "/home/airflow/.local/lib/python3.12/site-packages/airflow/models/dagbag.py", line 383, in parse
    loader.exec_module(new_module)
  File "<frozen importlib._bootstrap_external>", line 995, in exec_module
  File "<frozen importlib._bootstrap>", line 488, in _call_with_frames_removed
  File "/opt/airflow/dags/3_operator.py", line 1, in <module>
    from airflow.sdk import dag, task
ModuleNotFoundError: No module named 'airflow.sdk'
[2026-08-03T12:41:33.429+0000] {processor.py:927} WARNING - No viable dags retrieved from /opt/airflow/dags/3_operator.py
[2026-08-03T12:41:33.549+0000] {processor.py:208} INFO - Processing /opt/airflow/dags/3_operator.py took 0.579 seconds
[2026-08-03T15:10:11.542+0000] {processor.py:186} INFO - Started process (PID=86) to work on /opt/airflow/dags/3_operator.py
[2026-08-03T15:10:11.937+0000] {processor.py:914} INFO - Processing file /opt/airflow/dags/3_operator.py for tasks to queue
[2026-08-03T15:10:12.000+0000] {logging_mixin.py:190} INFO - [2026-08-03T15:10:11.993+0000] {dagbag.py:588} INFO - Filling up the DagBag from /opt/airflow/dags/3_operator.py
[2026-08-03T15:10:12.215+0000] {logging_mixin.py:190} INFO - [2026-08-03T15:10:12.150+0000] {dagbag.py:387} ERROR - Failed to import: /opt/airflow/dags/3_operator.py
Traceback (most recent call last):
  File "/home/airflow/.local/lib/python3.12/site-packages/airflow/models/dagbag.py", line 383, in parse
    loader.exec_module(new_module)
  File "<frozen importlib._bootstrap_external>", line 995, in exec_module
  File "<frozen importlib._bootstrap>", line 488, in _call_with_frames_removed
  File "/opt/airflow/dags/3_operator.py", line 1, in <module>
    from airflow.sdk import dag, task
ModuleNotFoundError: No module named 'airflow.sdk'
[2026-08-03T15:10:12.228+0000] {processor.py:927} WARNING - No viable dags retrieved from /opt/airflow/dags/3_operator.py
[2026-08-03T15:10:12.632+0000] {processor.py:208} INFO - Processing /opt/airflow/dags/3_operator.py took 1.734 seconds
[2026-08-03T15:10:44.280+0000] {processor.py:186} INFO - Started process (PID=97) to work on /opt/airflow/dags/3_operator.py
[2026-08-03T15:10:44.302+0000] {processor.py:914} INFO - Processing file /opt/airflow/dags/3_operator.py for tasks to queue
[2026-08-03T15:10:44.441+0000] {logging_mixin.py:190} INFO - [2026-08-03T15:10:44.432+0000] {dagbag.py:588} INFO - Filling up the DagBag from /opt/airflow/dags/3_operator.py
[2026-08-03T15:10:44.652+0000] {logging_mixin.py:190} INFO - [2026-08-03T15:10:44.609+0000] {dagbag.py:387} ERROR - Failed to import: /opt/airflow/dags/3_operator.py
Traceback (most recent call last):
  File "/home/airflow/.local/lib/python3.12/site-packages/airflow/models/dagbag.py", line 383, in parse
    loader.exec_module(new_module)
  File "<frozen importlib._bootstrap_external>", line 995, in exec_module
  File "<frozen importlib._bootstrap>", line 488, in _call_with_frames_removed
  File "/opt/airflow/dags/3_operator.py", line 1, in <module>
    from airflow.sdk import dag, task
ModuleNotFoundError: No module named 'airflow.sdk'
[2026-08-03T15:10:44.684+0000] {processor.py:927} WARNING - No viable dags retrieved from /opt/airflow/dags/3_operator.py
[2026-08-03T15:10:45.367+0000] {processor.py:208} INFO - Processing /opt/airflow/dags/3_operator.py took 1.291 seconds
[2026-08-03T15:11:16.558+0000] {processor.py:186} INFO - Started process (PID=108) to work on /opt/airflow/dags/3_operator.py
[2026-08-03T15:11:16.576+0000] {processor.py:914} INFO - Processing file /opt/airflow/dags/3_operator.py for tasks to queue
[2026-08-03T15:11:16.595+0000] {logging_mixin.py:190} INFO - [2026-08-03T15:11:16.594+0000] {dagbag.py:588} INFO - Filling up the DagBag from /opt/airflow/dags/3_operator.py
[2026-08-03T15:11:16.878+0000] {logging_mixin.py:190} INFO - [2026-08-03T15:11:16.823+0000] {dagbag.py:387} ERROR - Failed to import: /opt/airflow/dags/3_operator.py
Traceback (most recent call last):
  File "/home/airflow/.local/lib/python3.12/site-packages/airflow/models/dagbag.py", line 383, in parse
    loader.exec_module(new_module)
  File "<frozen importlib._bootstrap_external>", line 995, in exec_module
  File "<frozen importlib._bootstrap>", line 488, in _call_with_frames_removed
  File "/opt/airflow/dags/3_operator.py", line 1, in <module>
    from airflow.sdk import dag, task
ModuleNotFoundError: No module named 'airflow.sdk'
[2026-08-03T15:11:16.884+0000] {processor.py:927} WARNING - No viable dags retrieved from /opt/airflow/dags/3_operator.py
[2026-08-03T15:11:17.070+0000] {processor.py:208} INFO - Processing /opt/airflow/dags/3_operator.py took 0.608 seconds
[2026-08-03T15:11:47.839+0000] {processor.py:186} INFO - Started process (PID=119) to work on /opt/airflow/dags/3_operator.py
[2026-08-03T15:11:47.915+0000] {processor.py:914} INFO - Processing file /opt/airflow/dags/3_operator.py for tasks to queue
[2026-08-03T15:11:48.063+0000] {logging_mixin.py:190} INFO - [2026-08-03T15:11:48.062+0000] {dagbag.py:588} INFO - Filling up the DagBag from /opt/airflow/dags/3_operator.py
[2026-08-03T15:11:48.118+0000] {logging_mixin.py:190} INFO - [2026-08-03T15:11:48.105+0000] {dagbag.py:387} ERROR - Failed to import: /opt/airflow/dags/3_operator.py
Traceback (most recent call last):
  File "/home/airflow/.local/lib/python3.12/site-packages/airflow/models/dagbag.py", line 383, in parse
    loader.exec_module(new_module)
  File "<frozen importlib._bootstrap_external>", line 995, in exec_module
  File "<frozen importlib._bootstrap>", line 488, in _call_with_frames_removed
  File "/opt/airflow/dags/3_operator.py", line 1, in <module>
    from airflow.sdk import dag, task
ModuleNotFoundError: No module named 'airflow.sdk'
[2026-08-03T15:11:48.130+0000] {processor.py:927} WARNING - No viable dags retrieved from /opt/airflow/dags/3_operator.py
[2026-08-03T15:11:48.213+0000] {processor.py:208} INFO - Processing /opt/airflow/dags/3_operator.py took 0.412 seconds
[2026-08-03T15:27:59.426+0000] {processor.py:186} INFO - Started process (PID=80) to work on /opt/airflow/dags/3_operator.py
[2026-08-03T15:27:59.431+0000] {processor.py:914} INFO - Processing file /opt/airflow/dags/3_operator.py for tasks to queue
[2026-08-03T15:27:59.441+0000] {logging_mixin.py:190} INFO - [2026-08-03T15:27:59.439+0000] {dagbag.py:588} INFO - Filling up the DagBag from /opt/airflow/dags/3_operator.py
[2026-08-03T15:27:59.543+0000] {logging_mixin.py:190} INFO - [2026-08-03T15:27:59.507+0000] {dagbag.py:387} ERROR - Failed to import: /opt/airflow/dags/3_operator.py
Traceback (most recent call last):
  File "/home/airflow/.local/lib/python3.12/site-packages/airflow/models/dagbag.py", line 383, in parse
    loader.exec_module(new_module)
  File "<frozen importlib._bootstrap_external>", line 999, in exec_module
  File "<frozen importlib._bootstrap>", line 488, in _call_with_frames_removed
  File "/opt/airflow/dags/3_operator.py", line 1, in <module>
    from airflow.sdk import dag, task
ModuleNotFoundError: No module named 'airflow.sdk'
[2026-08-03T15:27:59.555+0000] {processor.py:927} WARNING - No viable dags retrieved from /opt/airflow/dags/3_operator.py
[2026-08-03T15:27:59.692+0000] {processor.py:208} INFO - Processing /opt/airflow/dags/3_operator.py took 0.288 seconds
[2026-08-03T15:28:32.547+0000] {processor.py:186} INFO - Started process (PID=91) to work on /opt/airflow/dags/3_operator.py
[2026-08-03T15:28:32.605+0000] {processor.py:914} INFO - Processing file /opt/airflow/dags/3_operator.py for tasks to queue
[2026-08-03T15:28:32.661+0000] {logging_mixin.py:190} INFO - [2026-08-03T15:28:32.660+0000] {dagbag.py:588} INFO - Filling up the DagBag from /opt/airflow/dags/3_operator.py
[2026-08-03T15:28:33.037+0000] {logging_mixin.py:190} INFO - [2026-08-03T15:28:32.997+0000] {dagbag.py:387} ERROR - Failed to import: /opt/airflow/dags/3_operator.py
Traceback (most recent call last):
  File "/home/airflow/.local/lib/python3.12/site-packages/airflow/models/dagbag.py", line 383, in parse
    loader.exec_module(new_module)
  File "<frozen importlib._bootstrap_external>", line 999, in exec_module
  File "<frozen importlib._bootstrap>", line 488, in _call_with_frames_removed
  File "/opt/airflow/dags/3_operator.py", line 1, in <module>
    from airflow.sdk import dag, task
ModuleNotFoundError: No module named 'airflow.sdk'
[2026-08-03T15:28:33.042+0000] {processor.py:927} WARNING - No viable dags retrieved from /opt/airflow/dags/3_operator.py
[2026-08-03T15:28:33.185+0000] {processor.py:208} INFO - Processing /opt/airflow/dags/3_operator.py took 0.657 seconds
[2026-08-03T15:29:03.761+0000] {processor.py:186} INFO - Started process (PID=102) to work on /opt/airflow/dags/3_operator.py
[2026-08-03T15:29:03.765+0000] {processor.py:914} INFO - Processing file /opt/airflow/dags/3_operator.py for tasks to queue
[2026-08-03T15:29:03.784+0000] {logging_mixin.py:190} INFO - [2026-08-03T15:29:03.781+0000] {dagbag.py:588} INFO - Filling up the DagBag from /opt/airflow/dags/3_operator.py
[2026-08-03T15:29:03.892+0000] {logging_mixin.py:190} INFO - [2026-08-03T15:29:03.860+0000] {dagbag.py:387} ERROR - Failed to import: /opt/airflow/dags/3_operator.py
Traceback (most recent call last):
  File "/home/airflow/.local/lib/python3.12/site-packages/airflow/models/dagbag.py", line 383, in parse
    loader.exec_module(new_module)
  File "<frozen importlib._bootstrap_external>", line 999, in exec_module
  File "<frozen importlib._bootstrap>", line 488, in _call_with_frames_removed
  File "/opt/airflow/dags/3_operator.py", line 1, in <module>
    from airflow.sdk import dag, task
ModuleNotFoundError: No module named 'airflow.sdk'
[2026-08-03T15:29:03.896+0000] {processor.py:927} WARNING - No viable dags retrieved from /opt/airflow/dags/3_operator.py
[2026-08-03T15:29:04.071+0000] {processor.py:208} INFO - Processing /opt/airflow/dags/3_operator.py took 0.340 seconds
[2026-08-03T15:29:34.762+0000] {processor.py:186} INFO - Started process (PID=113) to work on /opt/airflow/dags/3_operator.py
[2026-08-03T15:29:34.768+0000] {processor.py:914} INFO - Processing file /opt/airflow/dags/3_operator.py for tasks to queue
[2026-08-03T15:29:34.790+0000] {logging_mixin.py:190} INFO - [2026-08-03T15:29:34.787+0000] {dagbag.py:588} INFO - Filling up the DagBag from /opt/airflow/dags/3_operator.py
[2026-08-03T15:29:34.872+0000] {logging_mixin.py:190} INFO - [2026-08-03T15:29:34.857+0000] {dagbag.py:387} ERROR - Failed to import: /opt/airflow/dags/3_operator.py
Traceback (most recent call last):
  File "/home/airflow/.local/lib/python3.12/site-packages/airflow/models/dagbag.py", line 383, in parse
    loader.exec_module(new_module)
  File "<frozen importlib._bootstrap_external>", line 999, in exec_module
  File "<frozen importlib._bootstrap>", line 488, in _call_with_frames_removed
  File "/opt/airflow/dags/3_operator.py", line 1, in <module>
    from airflow.sdk import dag, task
ModuleNotFoundError: No module named 'airflow.sdk'
[2026-08-03T15:29:34.879+0000] {processor.py:927} WARNING - No viable dags retrieved from /opt/airflow/dags/3_operator.py
[2026-08-03T15:29:35.020+0000] {processor.py:208} INFO - Processing /opt/airflow/dags/3_operator.py took 0.299 seconds
[2026-08-03T15:30:05.754+0000] {processor.py:186} INFO - Started process (PID=124) to work on /opt/airflow/dags/3_operator.py
[2026-08-03T15:30:05.758+0000] {processor.py:914} INFO - Processing file /opt/airflow/dags/3_operator.py for tasks to queue
[2026-08-03T15:30:05.767+0000] {logging_mixin.py:190} INFO - [2026-08-03T15:30:05.766+0000] {dagbag.py:588} INFO - Filling up the DagBag from /opt/airflow/dags/3_operator.py
[2026-08-03T15:30:05.818+0000] {logging_mixin.py:190} INFO - [2026-08-03T15:30:05.805+0000] {dagbag.py:387} ERROR - Failed to import: /opt/airflow/dags/3_operator.py
Traceback (most recent call last):
  File "/home/airflow/.local/lib/python3.12/site-packages/airflow/models/dagbag.py", line 383, in parse
    loader.exec_module(new_module)
  File "<frozen importlib._bootstrap_external>", line 999, in exec_module
  File "<frozen importlib._bootstrap>", line 488, in _call_with_frames_removed
  File "/opt/airflow/dags/3_operator.py", line 1, in <module>
    from airflow.sdk import dag, task
ModuleNotFoundError: No module named 'airflow.sdk'
[2026-08-03T15:30:05.825+0000] {processor.py:927} WARNING - No viable dags retrieved from /opt/airflow/dags/3_operator.py
[2026-08-03T15:30:05.907+0000] {processor.py:208} INFO - Processing /opt/airflow/dags/3_operator.py took 0.174 seconds
[2026-08-03T15:30:37.115+0000] {processor.py:186} INFO - Started process (PID=135) to work on /opt/airflow/dags/3_operator.py
[2026-08-03T15:30:37.118+0000] {processor.py:914} INFO - Processing file /opt/airflow/dags/3_operator.py for tasks to queue
[2026-08-03T15:30:37.127+0000] {logging_mixin.py:190} INFO - [2026-08-03T15:30:37.126+0000] {dagbag.py:588} INFO - Filling up the DagBag from /opt/airflow/dags/3_operator.py
[2026-08-03T15:30:37.176+0000] {logging_mixin.py:190} INFO - [2026-08-03T15:30:37.165+0000] {dagbag.py:387} ERROR - Failed to import: /opt/airflow/dags/3_operator.py
Traceback (most recent call last):
  File "/home/airflow/.local/lib/python3.12/site-packages/airflow/models/dagbag.py", line 383, in parse
    loader.exec_module(new_module)
  File "<frozen importlib._bootstrap_external>", line 999, in exec_module
  File "<frozen importlib._bootstrap>", line 488, in _call_with_frames_removed
  File "/opt/airflow/dags/3_operator.py", line 1, in <module>
    from airflow.sdk import dag, task
ModuleNotFoundError: No module named 'airflow.sdk'
[2026-08-03T15:30:37.181+0000] {processor.py:927} WARNING - No viable dags retrieved from /opt/airflow/dags/3_operator.py
[2026-08-03T15:30:37.331+0000] {processor.py:208} INFO - Processing /opt/airflow/dags/3_operator.py took 0.231 seconds
[2026-08-03T15:31:07.874+0000] {processor.py:186} INFO - Started process (PID=147) to work on /opt/airflow/dags/3_operator.py
[2026-08-03T15:31:07.877+0000] {processor.py:914} INFO - Processing file /opt/airflow/dags/3_operator.py for tasks to queue
[2026-08-03T15:31:07.885+0000] {logging_mixin.py:190} INFO - [2026-08-03T15:31:07.884+0000] {dagbag.py:588} INFO - Filling up the DagBag from /opt/airflow/dags/3_operator.py
[2026-08-03T15:31:07.929+0000] {logging_mixin.py:190} INFO - [2026-08-03T15:31:07.918+0000] {dagbag.py:387} ERROR - Failed to import: /opt/airflow/dags/3_operator.py
Traceback (most recent call last):
  File "/home/airflow/.local/lib/python3.12/site-packages/airflow/models/dagbag.py", line 383, in parse
    loader.exec_module(new_module)
  File "<frozen importlib._bootstrap_external>", line 999, in exec_module
  File "<frozen importlib._bootstrap>", line 488, in _call_with_frames_removed
  File "/opt/airflow/dags/3_operator.py", line 1, in <module>
    from airflow.sdk import dag, task
ModuleNotFoundError: No module named 'airflow.sdk'
[2026-08-03T15:31:07.935+0000] {processor.py:927} WARNING - No viable dags retrieved from /opt/airflow/dags/3_operator.py
[2026-08-03T15:31:08.002+0000] {processor.py:208} INFO - Processing /opt/airflow/dags/3_operator.py took 0.144 seconds
[2026-08-03T15:31:39.098+0000] {processor.py:186} INFO - Started process (PID=159) to work on /opt/airflow/dags/3_operator.py
[2026-08-03T15:31:39.106+0000] {processor.py:914} INFO - Processing file /opt/airflow/dags/3_operator.py for tasks to queue
[2026-08-03T15:31:39.132+0000] {logging_mixin.py:190} INFO - [2026-08-03T15:31:39.130+0000] {dagbag.py:588} INFO - Filling up the DagBag from /opt/airflow/dags/3_operator.py
[2026-08-03T15:31:39.259+0000] {logging_mixin.py:190} INFO - [2026-08-03T15:31:39.220+0000] {dagbag.py:387} ERROR - Failed to import: /opt/airflow/dags/3_operator.py
Traceback (most recent call last):
  File "/home/airflow/.local/lib/python3.12/site-packages/airflow/models/dagbag.py", line 383, in parse
    loader.exec_module(new_module)
  File "<frozen importlib._bootstrap_external>", line 999, in exec_module
  File "<frozen importlib._bootstrap>", line 488, in _call_with_frames_removed
  File "/opt/airflow/dags/3_operator.py", line 1, in <module>
    from airflow.sdk import dag, task
ModuleNotFoundError: No module named 'airflow.sdk'
[2026-08-03T15:31:39.305+0000] {processor.py:927} WARNING - No viable dags retrieved from /opt/airflow/dags/3_operator.py
[2026-08-03T15:31:39.442+0000] {processor.py:208} INFO - Processing /opt/airflow/dags/3_operator.py took 0.381 seconds
[2026-08-03T15:32:09.624+0000] {processor.py:186} INFO - Started process (PID=170) to work on /opt/airflow/dags/3_operator.py
[2026-08-03T15:32:09.684+0000] {processor.py:914} INFO - Processing file /opt/airflow/dags/3_operator.py for tasks to queue
[2026-08-03T15:32:09.704+0000] {logging_mixin.py:190} INFO - [2026-08-03T15:32:09.702+0000] {dagbag.py:588} INFO - Filling up the DagBag from /opt/airflow/dags/3_operator.py
[2026-08-03T15:32:09.805+0000] {logging_mixin.py:190} INFO - [2026-08-03T15:32:09.794+0000] {dagbag.py:387} ERROR - Failed to import: /opt/airflow/dags/3_operator.py
Traceback (most recent call last):
  File "/home/airflow/.local/lib/python3.12/site-packages/airflow/models/dagbag.py", line 383, in parse
    loader.exec_module(new_module)
  File "<frozen importlib._bootstrap_external>", line 999, in exec_module
  File "<frozen importlib._bootstrap>", line 488, in _call_with_frames_removed
  File "/opt/airflow/dags/3_operator.py", line 1, in <module>
    from airflow.sdk import dag, task
ModuleNotFoundError: No module named 'airflow.sdk'
[2026-08-03T15:32:09.855+0000] {processor.py:927} WARNING - No viable dags retrieved from /opt/airflow/dags/3_operator.py
[2026-08-03T15:32:10.033+0000] {processor.py:208} INFO - Processing /opt/airflow/dags/3_operator.py took 0.428 seconds
[2026-08-03T15:32:40.278+0000] {processor.py:186} INFO - Started process (PID=181) to work on /opt/airflow/dags/3_operator.py
[2026-08-03T15:32:40.280+0000] {processor.py:914} INFO - Processing file /opt/airflow/dags/3_operator.py for tasks to queue
[2026-08-03T15:32:40.287+0000] {logging_mixin.py:190} INFO - [2026-08-03T15:32:40.286+0000] {dagbag.py:588} INFO - Filling up the DagBag from /opt/airflow/dags/3_operator.py
[2026-08-03T15:32:40.320+0000] {logging_mixin.py:190} INFO - [2026-08-03T15:32:40.311+0000] {dagbag.py:387} ERROR - Failed to import: /opt/airflow/dags/3_operator.py
Traceback (most recent call last):
  File "/home/airflow/.local/lib/python3.12/site-packages/airflow/models/dagbag.py", line 383, in parse
    loader.exec_module(new_module)
  File "<frozen importlib._bootstrap_external>", line 999, in exec_module
  File "<frozen importlib._bootstrap>", line 488, in _call_with_frames_removed
  File "/opt/airflow/dags/3_operator.py", line 1, in <module>
    from airflow.sdk import dag, task
ModuleNotFoundError: No module named 'airflow.sdk'
[2026-08-03T15:32:40.324+0000] {processor.py:927} WARNING - No viable dags retrieved from /opt/airflow/dags/3_operator.py
[2026-08-03T15:32:40.384+0000] {processor.py:208} INFO - Processing /opt/airflow/dags/3_operator.py took 0.123 seconds
[2026-08-03T15:33:10.605+0000] {processor.py:186} INFO - Started process (PID=192) to work on /opt/airflow/dags/3_operator.py
[2026-08-03T15:33:10.609+0000] {processor.py:914} INFO - Processing file /opt/airflow/dags/3_operator.py for tasks to queue
[2026-08-03T15:33:10.622+0000] {logging_mixin.py:190} INFO - [2026-08-03T15:33:10.621+0000] {dagbag.py:588} INFO - Filling up the DagBag from /opt/airflow/dags/3_operator.py
[2026-08-03T15:33:10.679+0000] {logging_mixin.py:190} INFO - [2026-08-03T15:33:10.667+0000] {dagbag.py:387} ERROR - Failed to import: /opt/airflow/dags/3_operator.py
Traceback (most recent call last):
  File "/home/airflow/.local/lib/python3.12/site-packages/airflow/models/dagbag.py", line 383, in parse
    loader.exec_module(new_module)
  File "<frozen importlib._bootstrap_external>", line 999, in exec_module
  File "<frozen importlib._bootstrap>", line 488, in _call_with_frames_removed
  File "/opt/airflow/dags/3_operator.py", line 1, in <module>
    from airflow.sdk import dag, task
ModuleNotFoundError: No module named 'airflow.sdk'
[2026-08-03T15:33:10.683+0000] {processor.py:927} WARNING - No viable dags retrieved from /opt/airflow/dags/3_operator.py
[2026-08-03T15:33:10.773+0000] {processor.py:208} INFO - Processing /opt/airflow/dags/3_operator.py took 0.191 seconds
[2026-08-03T15:33:42.544+0000] {processor.py:186} INFO - Started process (PID=204) to work on /opt/airflow/dags/3_operator.py
[2026-08-03T15:33:42.569+0000] {processor.py:914} INFO - Processing file /opt/airflow/dags/3_operator.py for tasks to queue
[2026-08-03T15:33:42.582+0000] {logging_mixin.py:190} INFO - [2026-08-03T15:33:42.580+0000] {dagbag.py:588} INFO - Filling up the DagBag from /opt/airflow/dags/3_operator.py
[2026-08-03T15:33:42.648+0000] {logging_mixin.py:190} INFO - [2026-08-03T15:33:42.635+0000] {dagbag.py:387} ERROR - Failed to import: /opt/airflow/dags/3_operator.py
Traceback (most recent call last):
  File "/home/airflow/.local/lib/python3.12/site-packages/airflow/models/dagbag.py", line 383, in parse
    loader.exec_module(new_module)
  File "<frozen importlib._bootstrap_external>", line 999, in exec_module
  File "<frozen importlib._bootstrap>", line 488, in _call_with_frames_removed
  File "/opt/airflow/dags/3_operator.py", line 1, in <module>
    from airflow.sdk import dag, task
ModuleNotFoundError: No module named 'airflow.sdk'
[2026-08-03T15:33:42.652+0000] {processor.py:927} WARNING - No viable dags retrieved from /opt/airflow/dags/3_operator.py
[2026-08-03T15:33:42.858+0000] {processor.py:208} INFO - Processing /opt/airflow/dags/3_operator.py took 0.353 seconds
[2026-08-03T15:34:13.494+0000] {processor.py:186} INFO - Started process (PID=215) to work on /opt/airflow/dags/3_operator.py
[2026-08-03T15:34:13.496+0000] {processor.py:914} INFO - Processing file /opt/airflow/dags/3_operator.py for tasks to queue
[2026-08-03T15:34:13.506+0000] {logging_mixin.py:190} INFO - [2026-08-03T15:34:13.505+0000] {dagbag.py:588} INFO - Filling up the DagBag from /opt/airflow/dags/3_operator.py
[2026-08-03T15:34:13.542+0000] {logging_mixin.py:190} INFO - [2026-08-03T15:34:13.533+0000] {dagbag.py:387} ERROR - Failed to import: /opt/airflow/dags/3_operator.py
Traceback (most recent call last):
  File "/home/airflow/.local/lib/python3.12/site-packages/airflow/models/dagbag.py", line 383, in parse
    loader.exec_module(new_module)
  File "<frozen importlib._bootstrap_external>", line 999, in exec_module
  File "<frozen importlib._bootstrap>", line 488, in _call_with_frames_removed
  File "/opt/airflow/dags/3_operator.py", line 1, in <module>
    from airflow.sdk import dag, task
ModuleNotFoundError: No module named 'airflow.sdk'
[2026-08-03T15:34:13.547+0000] {processor.py:927} WARNING - No viable dags retrieved from /opt/airflow/dags/3_operator.py
[2026-08-03T15:34:13.610+0000] {processor.py:208} INFO - Processing /opt/airflow/dags/3_operator.py took 0.136 seconds
[2026-08-03T15:34:43.908+0000] {processor.py:186} INFO - Started process (PID=227) to work on /opt/airflow/dags/3_operator.py
[2026-08-03T15:34:43.910+0000] {processor.py:914} INFO - Processing file /opt/airflow/dags/3_operator.py for tasks to queue
[2026-08-03T15:34:43.918+0000] {logging_mixin.py:190} INFO - [2026-08-03T15:34:43.917+0000] {dagbag.py:588} INFO - Filling up the DagBag from /opt/airflow/dags/3_operator.py
[2026-08-03T15:34:43.963+0000] {logging_mixin.py:190} INFO - [2026-08-03T15:34:43.952+0000] {dagbag.py:387} ERROR - Failed to import: /opt/airflow/dags/3_operator.py
Traceback (most recent call last):
  File "/home/airflow/.local/lib/python3.12/site-packages/airflow/models/dagbag.py", line 383, in parse
    loader.exec_module(new_module)
  File "<frozen importlib._bootstrap_external>", line 999, in exec_module
  File "<frozen importlib._bootstrap>", line 488, in _call_with_frames_removed
  File "/opt/airflow/dags/3_operator.py", line 1, in <module>
    from airflow.sdk import dag, task
ModuleNotFoundError: No module named 'airflow.sdk'
[2026-08-03T15:34:43.967+0000] {processor.py:927} WARNING - No viable dags retrieved from /opt/airflow/dags/3_operator.py
[2026-08-03T15:34:44.041+0000] {processor.py:208} INFO - Processing /opt/airflow/dags/3_operator.py took 0.155 seconds
[2026-08-03T15:35:14.180+0000] {processor.py:186} INFO - Started process (PID=238) to work on /opt/airflow/dags/3_operator.py
[2026-08-03T15:35:14.183+0000] {processor.py:914} INFO - Processing file /opt/airflow/dags/3_operator.py for tasks to queue
[2026-08-03T15:35:14.192+0000] {logging_mixin.py:190} INFO - [2026-08-03T15:35:14.191+0000] {dagbag.py:588} INFO - Filling up the DagBag from /opt/airflow/dags/3_operator.py
[2026-08-03T15:35:14.227+0000] {logging_mixin.py:190} INFO - [2026-08-03T15:35:14.217+0000] {dagbag.py:387} ERROR - Failed to import: /opt/airflow/dags/3_operator.py
Traceback (most recent call last):
  File "/home/airflow/.local/lib/python3.12/site-packages/airflow/models/dagbag.py", line 383, in parse
    loader.exec_module(new_module)
  File "<frozen importlib._bootstrap_external>", line 999, in exec_module
  File "<frozen importlib._bootstrap>", line 488, in _call_with_frames_removed
  File "/opt/airflow/dags/3_operator.py", line 1, in <module>
    from airflow.sdk import dag, task
ModuleNotFoundError: No module named 'airflow.sdk'
[2026-08-03T15:35:14.232+0000] {processor.py:927} WARNING - No viable dags retrieved from /opt/airflow/dags/3_operator.py
[2026-08-03T15:35:14.297+0000] {processor.py:208} INFO - Processing /opt/airflow/dags/3_operator.py took 0.131 seconds
[2026-08-03T15:35:44.689+0000] {processor.py:186} INFO - Started process (PID=249) to work on /opt/airflow/dags/3_operator.py
[2026-08-03T15:35:44.692+0000] {processor.py:914} INFO - Processing file /opt/airflow/dags/3_operator.py for tasks to queue
[2026-08-03T15:35:44.700+0000] {logging_mixin.py:190} INFO - [2026-08-03T15:35:44.699+0000] {dagbag.py:588} INFO - Filling up the DagBag from /opt/airflow/dags/3_operator.py
[2026-08-03T15:35:44.744+0000] {logging_mixin.py:190} INFO - [2026-08-03T15:35:44.732+0000] {dagbag.py:387} ERROR - Failed to import: /opt/airflow/dags/3_operator.py
Traceback (most recent call last):
  File "/home/airflow/.local/lib/python3.12/site-packages/airflow/models/dagbag.py", line 383, in parse
    loader.exec_module(new_module)
  File "<frozen importlib._bootstrap_external>", line 999, in exec_module
  File "<frozen importlib._bootstrap>", line 488, in _call_with_frames_removed
  File "/opt/airflow/dags/3_operator.py", line 1, in <module>
    from airflow.sdk import dag, task
ModuleNotFoundError: No module named 'airflow.sdk'
[2026-08-03T15:35:44.748+0000] {processor.py:927} WARNING - No viable dags retrieved from /opt/airflow/dags/3_operator.py
[2026-08-03T15:35:44.813+0000] {processor.py:208} INFO - Processing /opt/airflow/dags/3_operator.py took 0.148 seconds
[2026-08-03T15:36:15.372+0000] {processor.py:186} INFO - Started process (PID=260) to work on /opt/airflow/dags/3_operator.py
[2026-08-03T15:36:15.376+0000] {processor.py:914} INFO - Processing file /opt/airflow/dags/3_operator.py for tasks to queue
[2026-08-03T15:36:15.396+0000] {logging_mixin.py:190} INFO - [2026-08-03T15:36:15.394+0000] {dagbag.py:588} INFO - Filling up the DagBag from /opt/airflow/dags/3_operator.py
[2026-08-03T15:36:15.472+0000] {logging_mixin.py:190} INFO - [2026-08-03T15:36:15.459+0000] {dagbag.py:387} ERROR - Failed to import: /opt/airflow/dags/3_operator.py
Traceback (most recent call last):
  File "/home/airflow/.local/lib/python3.12/site-packages/airflow/models/dagbag.py", line 383, in parse
    loader.exec_module(new_module)
  File "<frozen importlib._bootstrap_external>", line 999, in exec_module
  File "<frozen importlib._bootstrap>", line 488, in _call_with_frames_removed
  File "/opt/airflow/dags/3_operator.py", line 1, in <module>
    from airflow.sdk import dag, task
ModuleNotFoundError: No module named 'airflow.sdk'
[2026-08-03T15:36:15.478+0000] {processor.py:927} WARNING - No viable dags retrieved from /opt/airflow/dags/3_operator.py
[2026-08-03T15:36:15.561+0000] {processor.py:208} INFO - Processing /opt/airflow/dags/3_operator.py took 0.226 seconds
[2026-08-03T15:36:46.594+0000] {processor.py:186} INFO - Started process (PID=271) to work on /opt/airflow/dags/3_operator.py
[2026-08-03T15:36:46.597+0000] {processor.py:914} INFO - Processing file /opt/airflow/dags/3_operator.py for tasks to queue
[2026-08-03T15:36:46.603+0000] {logging_mixin.py:190} INFO - [2026-08-03T15:36:46.602+0000] {dagbag.py:588} INFO - Filling up the DagBag from /opt/airflow/dags/3_operator.py
[2026-08-03T15:36:46.644+0000] {logging_mixin.py:190} INFO - [2026-08-03T15:36:46.632+0000] {dagbag.py:387} ERROR - Failed to import: /opt/airflow/dags/3_operator.py
Traceback (most recent call last):
  File "/home/airflow/.local/lib/python3.12/site-packages/airflow/models/dagbag.py", line 383, in parse
    loader.exec_module(new_module)
  File "<frozen importlib._bootstrap_external>", line 999, in exec_module
  File "<frozen importlib._bootstrap>", line 488, in _call_with_frames_removed
  File "/opt/airflow/dags/3_operator.py", line 1, in <module>
    from airflow.sdk import dag, task
ModuleNotFoundError: No module named 'airflow.sdk'
[2026-08-03T15:36:46.648+0000] {processor.py:927} WARNING - No viable dags retrieved from /opt/airflow/dags/3_operator.py
[2026-08-03T15:36:46.700+0000] {processor.py:208} INFO - Processing /opt/airflow/dags/3_operator.py took 0.121 seconds
[2026-08-03T15:45:37.709+0000] {processor.py:186} INFO - Started process (PID=220) to work on /opt/airflow/dags/3_operator.py
[2026-08-03T15:45:37.721+0000] {processor.py:914} INFO - Processing file /opt/airflow/dags/3_operator.py for tasks to queue
[2026-08-03T15:45:37.732+0000] {logging_mixin.py:190} INFO - [2026-08-03T15:45:37.731+0000] {dagbag.py:588} INFO - Filling up the DagBag from /opt/airflow/dags/3_operator.py
[2026-08-03T15:45:37.775+0000] {logging_mixin.py:190} INFO - [2026-08-03T15:45:37.766+0000] {dagbag.py:387} ERROR - Failed to import: /opt/airflow/dags/3_operator.py
Traceback (most recent call last):
  File "/home/airflow/.local/lib/python3.12/site-packages/airflow/models/dagbag.py", line 383, in parse
    loader.exec_module(new_module)
  File "<frozen importlib._bootstrap_external>", line 999, in exec_module
  File "<frozen importlib._bootstrap>", line 488, in _call_with_frames_removed
  File "/opt/airflow/dags/3_operator.py", line 1, in <module>
    from airflow.sdk import dag, task
ModuleNotFoundError: No module named 'airflow.sdk'
[2026-08-03T15:45:37.780+0000] {processor.py:927} WARNING - No viable dags retrieved from /opt/airflow/dags/3_operator.py
[2026-08-03T15:45:37.876+0000] {processor.py:208} INFO - Processing /opt/airflow/dags/3_operator.py took 0.192 seconds
[2026-08-03T15:46:08.768+0000] {processor.py:186} INFO - Started process (PID=249) to work on /opt/airflow/dags/3_operator.py
[2026-08-03T15:46:08.774+0000] {processor.py:914} INFO - Processing file /opt/airflow/dags/3_operator.py for tasks to queue
[2026-08-03T15:46:08.792+0000] {logging_mixin.py:190} INFO - [2026-08-03T15:46:08.791+0000] {dagbag.py:588} INFO - Filling up the DagBag from /opt/airflow/dags/3_operator.py
[2026-08-03T15:46:08.870+0000] {logging_mixin.py:190} INFO - [2026-08-03T15:46:08.847+0000] {dagbag.py:387} ERROR - Failed to import: /opt/airflow/dags/3_operator.py
Traceback (most recent call last):
  File "/home/airflow/.local/lib/python3.12/site-packages/airflow/models/dagbag.py", line 383, in parse
    loader.exec_module(new_module)
  File "<frozen importlib._bootstrap_external>", line 999, in exec_module
  File "<frozen importlib._bootstrap>", line 488, in _call_with_frames_removed
  File "/opt/airflow/dags/3_operator.py", line 1, in <module>
    from airflow.sdk import dag, task
ModuleNotFoundError: No module named 'airflow.sdk'
[2026-08-03T15:46:08.891+0000] {processor.py:927} WARNING - No viable dags retrieved from /opt/airflow/dags/3_operator.py
[2026-08-03T15:46:09.004+0000] {processor.py:208} INFO - Processing /opt/airflow/dags/3_operator.py took 0.276 seconds
[2026-08-03T15:46:40.043+0000] {processor.py:186} INFO - Started process (PID=280) to work on /opt/airflow/dags/3_operator.py
[2026-08-03T15:46:40.061+0000] {processor.py:914} INFO - Processing file /opt/airflow/dags/3_operator.py for tasks to queue
[2026-08-03T15:46:40.173+0000] {logging_mixin.py:190} INFO - [2026-08-03T15:46:40.165+0000] {dagbag.py:588} INFO - Filling up the DagBag from /opt/airflow/dags/3_operator.py
[2026-08-03T15:46:40.654+0000] {logging_mixin.py:190} INFO - [2026-08-03T15:46:40.437+0000] {dagbag.py:387} ERROR - Failed to import: /opt/airflow/dags/3_operator.py
Traceback (most recent call last):
  File "/home/airflow/.local/lib/python3.12/site-packages/airflow/models/dagbag.py", line 383, in parse
    loader.exec_module(new_module)
  File "<frozen importlib._bootstrap_external>", line 999, in exec_module
  File "<frozen importlib._bootstrap>", line 488, in _call_with_frames_removed
  File "/opt/airflow/dags/3_operator.py", line 1, in <module>
    from airflow.sdk import dag, task
ModuleNotFoundError: No module named 'airflow.sdk'
[2026-08-03T15:46:40.711+0000] {processor.py:927} WARNING - No viable dags retrieved from /opt/airflow/dags/3_operator.py
[2026-08-03T15:46:41.140+0000] {processor.py:208} INFO - Processing /opt/airflow/dags/3_operator.py took 1.279 seconds
