[2026-08-03T12:38:43.037+0000] {processor.py:186} INFO - Started process (PID=63) to work on /opt/airflow/dags/5_XCOMs_kwargs.py
[2026-08-03T12:38:43.046+0000] {processor.py:914} INFO - Processing file /opt/airflow/dags/5_XCOMs_kwargs.py for tasks to queue
[2026-08-03T12:38:43.147+0000] {logging_mixin.py:190} INFO - [2026-08-03T12:38:43.140+0000] {dagbag.py:588} INFO - Filling up the DagBag from /opt/airflow/dags/5_XCOMs_kwargs.py
[2026-08-03T12:38:43.317+0000] {logging_mixin.py:190} INFO - [2026-08-03T12:38:43.252+0000] {dagbag.py:387} ERROR - Failed to import: /opt/airflow/dags/5_XCOMs_kwargs.py
Traceback (most recent call last):
  File "/home/airflow/.local/lib/python3.12/site-packages/airflow/models/dagbag.py", line 383, in parse
    loader.exec_module(new_module)
  File "<frozen importlib._bootstrap_external>", line 995, in exec_module
  File "<frozen importlib._bootstrap>", line 488, in _call_with_frames_removed
  File "/opt/airflow/dags/5_XCOMs_kwargs.py", line 1, in <module>
    from airflow.sdk import dag, task
ModuleNotFoundError: No module named 'airflow.sdk'
[2026-08-03T12:38:43.490+0000] {processor.py:927} WARNING - No viable dags retrieved from /opt/airflow/dags/5_XCOMs_kwargs.py
[2026-08-03T12:38:44.270+0000] {processor.py:208} INFO - Processing /opt/airflow/dags/5_XCOMs_kwargs.py took 1.366 seconds
[2026-08-03T12:39:14.803+0000] {processor.py:186} INFO - Started process (PID=74) to work on /opt/airflow/dags/5_XCOMs_kwargs.py
[2026-08-03T12:39:14.806+0000] {processor.py:914} INFO - Processing file /opt/airflow/dags/5_XCOMs_kwargs.py for tasks to queue
[2026-08-03T12:39:14.831+0000] {logging_mixin.py:190} INFO - [2026-08-03T12:39:14.829+0000] {dagbag.py:588} INFO - Filling up the DagBag from /opt/airflow/dags/5_XCOMs_kwargs.py
[2026-08-03T12:39:14.994+0000] {logging_mixin.py:190} INFO - [2026-08-03T12:39:14.981+0000] {dagbag.py:387} ERROR - Failed to import: /opt/airflow/dags/5_XCOMs_kwargs.py
Traceback (most recent call last):
  File "/home/airflow/.local/lib/python3.12/site-packages/airflow/models/dagbag.py", line 383, in parse
    loader.exec_module(new_module)
  File "<frozen importlib._bootstrap_external>", line 995, in exec_module
  File "<frozen importlib._bootstrap>", line 488, in _call_with_frames_removed
  File "/opt/airflow/dags/5_XCOMs_kwargs.py", line 1, in <module>
    from airflow.sdk import dag, task
ModuleNotFoundError: No module named 'airflow.sdk'
[2026-08-03T12:39:14.998+0000] {processor.py:927} WARNING - No viable dags retrieved from /opt/airflow/dags/5_XCOMs_kwargs.py
[2026-08-03T12:39:15.181+0000] {processor.py:208} INFO - Processing /opt/airflow/dags/5_XCOMs_kwargs.py took 0.429 seconds
[2026-08-03T12:39:45.699+0000] {processor.py:186} INFO - Started process (PID=86) to work on /opt/airflow/dags/5_XCOMs_kwargs.py
[2026-08-03T12:39:45.758+0000] {processor.py:914} INFO - Processing file /opt/airflow/dags/5_XCOMs_kwargs.py for tasks to queue
[2026-08-03T12:39:45.774+0000] {logging_mixin.py:190} INFO - [2026-08-03T12:39:45.772+0000] {dagbag.py:588} INFO - Filling up the DagBag from /opt/airflow/dags/5_XCOMs_kwargs.py
[2026-08-03T12:39:45.830+0000] {logging_mixin.py:190} INFO - [2026-08-03T12:39:45.819+0000] {dagbag.py:387} ERROR - Failed to import: /opt/airflow/dags/5_XCOMs_kwargs.py
Traceback (most recent call last):
  File "/home/airflow/.local/lib/python3.12/site-packages/airflow/models/dagbag.py", line 383, in parse
    loader.exec_module(new_module)
  File "<frozen importlib._bootstrap_external>", line 995, in exec_module
  File "<frozen importlib._bootstrap>", line 488, in _call_with_frames_removed
  File "/opt/airflow/dags/5_XCOMs_kwargs.py", line 1, in <module>
    from airflow.sdk import dag, task
ModuleNotFoundError: No module named 'airflow.sdk'
[2026-08-03T12:39:45.834+0000] {processor.py:927} WARNING - No viable dags retrieved from /opt/airflow/dags/5_XCOMs_kwargs.py
[2026-08-03T12:39:46.015+0000] {processor.py:208} INFO - Processing /opt/airflow/dags/5_XCOMs_kwargs.py took 0.360 seconds
[2026-08-03T12:40:16.320+0000] {processor.py:186} INFO - Started process (PID=97) to work on /opt/airflow/dags/5_XCOMs_kwargs.py
[2026-08-03T12:40:16.322+0000] {processor.py:914} INFO - Processing file /opt/airflow/dags/5_XCOMs_kwargs.py for tasks to queue
[2026-08-03T12:40:16.329+0000] {logging_mixin.py:190} INFO - [2026-08-03T12:40:16.328+0000] {dagbag.py:588} INFO - Filling up the DagBag from /opt/airflow/dags/5_XCOMs_kwargs.py
[2026-08-03T12:40:16.361+0000] {logging_mixin.py:190} INFO - [2026-08-03T12:40:16.355+0000] {dagbag.py:387} ERROR - Failed to import: /opt/airflow/dags/5_XCOMs_kwargs.py
Traceback (most recent call last):
  File "/home/airflow/.local/lib/python3.12/site-packages/airflow/models/dagbag.py", line 383, in parse
    loader.exec_module(new_module)
  File "<frozen importlib._bootstrap_external>", line 995, in exec_module
  File "<frozen importlib._bootstrap>", line 488, in _call_with_frames_removed
  File "/opt/airflow/dags/5_XCOMs_kwargs.py", line 1, in <module>
    from airflow.sdk import dag, task
ModuleNotFoundError: No module named 'airflow.sdk'
[2026-08-03T12:40:16.364+0000] {processor.py:927} WARNING - No viable dags retrieved from /opt/airflow/dags/5_XCOMs_kwargs.py
[2026-08-03T12:40:16.398+0000] {processor.py:208} INFO - Processing /opt/airflow/dags/5_XCOMs_kwargs.py took 0.088 seconds
[2026-08-03T12:40:47.016+0000] {processor.py:186} INFO - Started process (PID=108) to work on /opt/airflow/dags/5_XCOMs_kwargs.py
[2026-08-03T12:40:47.018+0000] {processor.py:914} INFO - Processing file /opt/airflow/dags/5_XCOMs_kwargs.py for tasks to queue
[2026-08-03T12:40:47.025+0000] {logging_mixin.py:190} INFO - [2026-08-03T12:40:47.023+0000] {dagbag.py:588} INFO - Filling up the DagBag from /opt/airflow/dags/5_XCOMs_kwargs.py
[2026-08-03T12:40:47.057+0000] {logging_mixin.py:190} INFO - [2026-08-03T12:40:47.048+0000] {dagbag.py:387} ERROR - Failed to import: /opt/airflow/dags/5_XCOMs_kwargs.py
Traceback (most recent call last):
  File "/home/airflow/.local/lib/python3.12/site-packages/airflow/models/dagbag.py", line 383, in parse
    loader.exec_module(new_module)
  File "<frozen importlib._bootstrap_external>", line 995, in exec_module
  File "<frozen importlib._bootstrap>", line 488, in _call_with_frames_removed
  File "/opt/airflow/dags/5_XCOMs_kwargs.py", line 1, in <module>
    from airflow.sdk import dag, task
ModuleNotFoundError: No module named 'airflow.sdk'
[2026-08-03T12:40:47.060+0000] {processor.py:927} WARNING - No viable dags retrieved from /opt/airflow/dags/5_XCOMs_kwargs.py
[2026-08-03T12:40:47.117+0000] {processor.py:208} INFO - Processing /opt/airflow/dags/5_XCOMs_kwargs.py took 0.119 seconds
[2026-08-03T12:41:17.206+0000] {processor.py:186} INFO - Started process (PID=119) to work on /opt/airflow/dags/5_XCOMs_kwargs.py
[2026-08-03T12:41:17.208+0000] {processor.py:914} INFO - Processing file /opt/airflow/dags/5_XCOMs_kwargs.py for tasks to queue
[2026-08-03T12:41:17.212+0000] {logging_mixin.py:190} INFO - [2026-08-03T12:41:17.211+0000] {dagbag.py:588} INFO - Filling up the DagBag from /opt/airflow/dags/5_XCOMs_kwargs.py
[2026-08-03T12:41:17.236+0000] {logging_mixin.py:190} INFO - [2026-08-03T12:41:17.230+0000] {dagbag.py:387} ERROR - Failed to import: /opt/airflow/dags/5_XCOMs_kwargs.py
Traceback (most recent call last):
  File "/home/airflow/.local/lib/python3.12/site-packages/airflow/models/dagbag.py", line 383, in parse
    loader.exec_module(new_module)
  File "<frozen importlib._bootstrap_external>", line 995, in exec_module
  File "<frozen importlib._bootstrap>", line 488, in _call_with_frames_removed
  File "/opt/airflow/dags/5_XCOMs_kwargs.py", line 1, in <module>
    from airflow.sdk import dag, task
ModuleNotFoundError: No module named 'airflow.sdk'
[2026-08-03T12:41:17.239+0000] {processor.py:927} WARNING - No viable dags retrieved from /opt/airflow/dags/5_XCOMs_kwargs.py
[2026-08-03T12:41:17.273+0000] {processor.py:208} INFO - Processing /opt/airflow/dags/5_XCOMs_kwargs.py took 0.075 seconds
[2026-08-03T15:10:08.077+0000] {processor.py:186} INFO - Started process (PID=84) to work on /opt/airflow/dags/5_XCOMs_kwargs.py
[2026-08-03T15:10:08.203+0000] {processor.py:914} INFO - Processing file /opt/airflow/dags/5_XCOMs_kwargs.py for tasks to queue
[2026-08-03T15:10:08.407+0000] {logging_mixin.py:190} INFO - [2026-08-03T15:10:08.387+0000] {dagbag.py:588} INFO - Filling up the DagBag from /opt/airflow/dags/5_XCOMs_kwargs.py
[2026-08-03T15:10:09.010+0000] {logging_mixin.py:190} INFO - [2026-08-03T15:10:08.890+0000] {dagbag.py:387} ERROR - Failed to import: /opt/airflow/dags/5_XCOMs_kwargs.py
Traceback (most recent call last):
  File "/home/airflow/.local/lib/python3.12/site-packages/airflow/models/dagbag.py", line 383, in parse
    loader.exec_module(new_module)
  File "<frozen importlib._bootstrap_external>", line 995, in exec_module
  File "<frozen importlib._bootstrap>", line 488, in _call_with_frames_removed
  File "/opt/airflow/dags/5_XCOMs_kwargs.py", line 1, in <module>
    from airflow.sdk import dag, task
ModuleNotFoundError: No module named 'airflow.sdk'
[2026-08-03T15:10:09.017+0000] {processor.py:927} WARNING - No viable dags retrieved from /opt/airflow/dags/5_XCOMs_kwargs.py
[2026-08-03T15:10:10.142+0000] {processor.py:208} INFO - Processing /opt/airflow/dags/5_XCOMs_kwargs.py took 2.365 seconds
[2026-08-03T15:10:41.179+0000] {processor.py:186} INFO - Started process (PID=96) to work on /opt/airflow/dags/5_XCOMs_kwargs.py
[2026-08-03T15:10:41.198+0000] {processor.py:914} INFO - Processing file /opt/airflow/dags/5_XCOMs_kwargs.py for tasks to queue
[2026-08-03T15:10:41.217+0000] {logging_mixin.py:190} INFO - [2026-08-03T15:10:41.216+0000] {dagbag.py:588} INFO - Filling up the DagBag from /opt/airflow/dags/5_XCOMs_kwargs.py
[2026-08-03T15:10:41.344+0000] {logging_mixin.py:190} INFO - [2026-08-03T15:10:41.297+0000] {dagbag.py:387} ERROR - Failed to import: /opt/airflow/dags/5_XCOMs_kwargs.py
Traceback (most recent call last):
  File "/home/airflow/.local/lib/python3.12/site-packages/airflow/models/dagbag.py", line 383, in parse
    loader.exec_module(new_module)
  File "<frozen importlib._bootstrap_external>", line 995, in exec_module
  File "<frozen importlib._bootstrap>", line 488, in _call_with_frames_removed
  File "/opt/airflow/dags/5_XCOMs_kwargs.py", line 1, in <module>
    from airflow.sdk import dag, task
ModuleNotFoundError: No module named 'airflow.sdk'
[2026-08-03T15:10:41.349+0000] {processor.py:927} WARNING - No viable dags retrieved from /opt/airflow/dags/5_XCOMs_kwargs.py
[2026-08-03T15:10:41.563+0000] {processor.py:208} INFO - Processing /opt/airflow/dags/5_XCOMs_kwargs.py took 0.473 seconds
[2026-08-03T15:11:12.142+0000] {processor.py:186} INFO - Started process (PID=107) to work on /opt/airflow/dags/5_XCOMs_kwargs.py
[2026-08-03T15:11:12.155+0000] {processor.py:914} INFO - Processing file /opt/airflow/dags/5_XCOMs_kwargs.py for tasks to queue
[2026-08-03T15:11:12.177+0000] {logging_mixin.py:190} INFO - [2026-08-03T15:11:12.175+0000] {dagbag.py:588} INFO - Filling up the DagBag from /opt/airflow/dags/5_XCOMs_kwargs.py
[2026-08-03T15:11:12.451+0000] {logging_mixin.py:190} INFO - [2026-08-03T15:11:12.356+0000] {dagbag.py:387} ERROR - Failed to import: /opt/airflow/dags/5_XCOMs_kwargs.py
Traceback (most recent call last):
  File "/home/airflow/.local/lib/python3.12/site-packages/airflow/models/dagbag.py", line 383, in parse
    loader.exec_module(new_module)
  File "<frozen importlib._bootstrap_external>", line 995, in exec_module
  File "<frozen importlib._bootstrap>", line 488, in _call_with_frames_removed
  File "/opt/airflow/dags/5_XCOMs_kwargs.py", line 1, in <module>
    from airflow.sdk import dag, task
ModuleNotFoundError: No module named 'airflow.sdk'
[2026-08-03T15:11:12.462+0000] {processor.py:927} WARNING - No viable dags retrieved from /opt/airflow/dags/5_XCOMs_kwargs.py
[2026-08-03T15:11:12.612+0000] {processor.py:208} INFO - Processing /opt/airflow/dags/5_XCOMs_kwargs.py took 0.515 seconds
[2026-08-03T15:11:43.484+0000] {processor.py:186} INFO - Started process (PID=118) to work on /opt/airflow/dags/5_XCOMs_kwargs.py
[2026-08-03T15:11:43.493+0000] {processor.py:914} INFO - Processing file /opt/airflow/dags/5_XCOMs_kwargs.py for tasks to queue
[2026-08-03T15:11:43.514+0000] {logging_mixin.py:190} INFO - [2026-08-03T15:11:43.512+0000] {dagbag.py:588} INFO - Filling up the DagBag from /opt/airflow/dags/5_XCOMs_kwargs.py
[2026-08-03T15:11:43.598+0000] {logging_mixin.py:190} INFO - [2026-08-03T15:11:43.572+0000] {dagbag.py:387} ERROR - Failed to import: /opt/airflow/dags/5_XCOMs_kwargs.py
Traceback (most recent call last):
  File "/home/airflow/.local/lib/python3.12/site-packages/airflow/models/dagbag.py", line 383, in parse
    loader.exec_module(new_module)
  File "<frozen importlib._bootstrap_external>", line 995, in exec_module
  File "<frozen importlib._bootstrap>", line 488, in _call_with_frames_removed
  File "/opt/airflow/dags/5_XCOMs_kwargs.py", line 1, in <module>
    from airflow.sdk import dag, task
ModuleNotFoundError: No module named 'airflow.sdk'
[2026-08-03T15:11:43.604+0000] {processor.py:927} WARNING - No viable dags retrieved from /opt/airflow/dags/5_XCOMs_kwargs.py
[2026-08-03T15:11:43.689+0000] {processor.py:208} INFO - Processing /opt/airflow/dags/5_XCOMs_kwargs.py took 0.236 seconds
[2026-08-03T15:12:14.505+0000] {processor.py:186} INFO - Started process (PID=130) to work on /opt/airflow/dags/5_XCOMs_kwargs.py
[2026-08-03T15:12:14.509+0000] {processor.py:914} INFO - Processing file /opt/airflow/dags/5_XCOMs_kwargs.py for tasks to queue
[2026-08-03T15:12:14.516+0000] {logging_mixin.py:190} INFO - [2026-08-03T15:12:14.515+0000] {dagbag.py:588} INFO - Filling up the DagBag from /opt/airflow/dags/5_XCOMs_kwargs.py
[2026-08-03T15:12:14.567+0000] {logging_mixin.py:190} INFO - [2026-08-03T15:12:14.554+0000] {dagbag.py:387} ERROR - Failed to import: /opt/airflow/dags/5_XCOMs_kwargs.py
Traceback (most recent call last):
  File "/home/airflow/.local/lib/python3.12/site-packages/airflow/models/dagbag.py", line 383, in parse
    loader.exec_module(new_module)
  File "<frozen importlib._bootstrap_external>", line 995, in exec_module
  File "<frozen importlib._bootstrap>", line 488, in _call_with_frames_removed
  File "/opt/airflow/dags/5_XCOMs_kwargs.py", line 1, in <module>
    from airflow.sdk import dag, task
ModuleNotFoundError: No module named 'airflow.sdk'
[2026-08-03T15:12:14.572+0000] {processor.py:927} WARNING - No viable dags retrieved from /opt/airflow/dags/5_XCOMs_kwargs.py
[2026-08-03T15:12:14.692+0000] {processor.py:208} INFO - Processing /opt/airflow/dags/5_XCOMs_kwargs.py took 0.206 seconds
[2026-08-03T15:27:58.801+0000] {processor.py:186} INFO - Started process (PID=72) to work on /opt/airflow/dags/5_XCOMs_kwargs.py
[2026-08-03T15:27:58.810+0000] {processor.py:914} INFO - Processing file /opt/airflow/dags/5_XCOMs_kwargs.py for tasks to queue
[2026-08-03T15:27:58.835+0000] {logging_mixin.py:190} INFO - [2026-08-03T15:27:58.833+0000] {dagbag.py:588} INFO - Filling up the DagBag from /opt/airflow/dags/5_XCOMs_kwargs.py
[2026-08-03T15:27:58.926+0000] {logging_mixin.py:190} INFO - [2026-08-03T15:27:58.896+0000] {dagbag.py:387} ERROR - Failed to import: /opt/airflow/dags/5_XCOMs_kwargs.py
Traceback (most recent call last):
  File "/home/airflow/.local/lib/python3.12/site-packages/airflow/models/dagbag.py", line 383, in parse
    loader.exec_module(new_module)
  File "<frozen importlib._bootstrap_external>", line 999, in exec_module
  File "<frozen importlib._bootstrap>", line 488, in _call_with_frames_removed
  File "/opt/airflow/dags/5_XCOMs_kwargs.py", line 1, in <module>
    from airflow.sdk import dag, task
ModuleNotFoundError: No module named 'airflow.sdk'
[2026-08-03T15:27:58.931+0000] {processor.py:927} WARNING - No viable dags retrieved from /opt/airflow/dags/5_XCOMs_kwargs.py
[2026-08-03T15:27:59.173+0000] {processor.py:208} INFO - Processing /opt/airflow/dags/5_XCOMs_kwargs.py took 0.473 seconds
[2026-08-03T15:28:30.491+0000] {processor.py:186} INFO - Started process (PID=89) to work on /opt/airflow/dags/5_XCOMs_kwargs.py
[2026-08-03T15:28:30.509+0000] {processor.py:914} INFO - Processing file /opt/airflow/dags/5_XCOMs_kwargs.py for tasks to queue
[2026-08-03T15:28:30.602+0000] {logging_mixin.py:190} INFO - [2026-08-03T15:28:30.601+0000] {dagbag.py:588} INFO - Filling up the DagBag from /opt/airflow/dags/5_XCOMs_kwargs.py
[2026-08-03T15:28:30.720+0000] {logging_mixin.py:190} INFO - [2026-08-03T15:28:30.702+0000] {dagbag.py:387} ERROR - Failed to import: /opt/airflow/dags/5_XCOMs_kwargs.py
Traceback (most recent call last):
  File "/home/airflow/.local/lib/python3.12/site-packages/airflow/models/dagbag.py", line 383, in parse
    loader.exec_module(new_module)
  File "<frozen importlib._bootstrap_external>", line 999, in exec_module
  File "<frozen importlib._bootstrap>", line 488, in _call_with_frames_removed
  File "/opt/airflow/dags/5_XCOMs_kwargs.py", line 1, in <module>
    from airflow.sdk import dag, task
ModuleNotFoundError: No module named 'airflow.sdk'
[2026-08-03T15:28:30.730+0000] {processor.py:927} WARNING - No viable dags retrieved from /opt/airflow/dags/5_XCOMs_kwargs.py
[2026-08-03T15:28:32.130+0000] {processor.py:208} INFO - Processing /opt/airflow/dags/5_XCOMs_kwargs.py took 1.762 seconds
[2026-08-03T15:29:02.658+0000] {processor.py:186} INFO - Started process (PID=100) to work on /opt/airflow/dags/5_XCOMs_kwargs.py
[2026-08-03T15:29:02.675+0000] {processor.py:914} INFO - Processing file /opt/airflow/dags/5_XCOMs_kwargs.py for tasks to queue
[2026-08-03T15:29:02.738+0000] {logging_mixin.py:190} INFO - [2026-08-03T15:29:02.736+0000] {dagbag.py:588} INFO - Filling up the DagBag from /opt/airflow/dags/5_XCOMs_kwargs.py
[2026-08-03T15:29:02.832+0000] {logging_mixin.py:190} INFO - [2026-08-03T15:29:02.815+0000] {dagbag.py:387} ERROR - Failed to import: /opt/airflow/dags/5_XCOMs_kwargs.py
Traceback (most recent call last):
  File "/home/airflow/.local/lib/python3.12/site-packages/airflow/models/dagbag.py", line 383, in parse
    loader.exec_module(new_module)
  File "<frozen importlib._bootstrap_external>", line 999, in exec_module
  File "<frozen importlib._bootstrap>", line 488, in _call_with_frames_removed
  File "/opt/airflow/dags/5_XCOMs_kwargs.py", line 1, in <module>
    from airflow.sdk import dag, task
ModuleNotFoundError: No module named 'airflow.sdk'
[2026-08-03T15:29:02.839+0000] {processor.py:927} WARNING - No viable dags retrieved from /opt/airflow/dags/5_XCOMs_kwargs.py
[2026-08-03T15:29:03.163+0000] {processor.py:208} INFO - Processing /opt/airflow/dags/5_XCOMs_kwargs.py took 0.565 seconds
[2026-08-03T15:29:34.048+0000] {processor.py:186} INFO - Started process (PID=111) to work on /opt/airflow/dags/5_XCOMs_kwargs.py
[2026-08-03T15:29:34.051+0000] {processor.py:914} INFO - Processing file /opt/airflow/dags/5_XCOMs_kwargs.py for tasks to queue
[2026-08-03T15:29:34.069+0000] {logging_mixin.py:190} INFO - [2026-08-03T15:29:34.067+0000] {dagbag.py:588} INFO - Filling up the DagBag from /opt/airflow/dags/5_XCOMs_kwargs.py
[2026-08-03T15:29:34.171+0000] {logging_mixin.py:190} INFO - [2026-08-03T15:29:34.107+0000] {dagbag.py:387} ERROR - Failed to import: /opt/airflow/dags/5_XCOMs_kwargs.py
Traceback (most recent call last):
  File "/home/airflow/.local/lib/python3.12/site-packages/airflow/models/dagbag.py", line 383, in parse
    loader.exec_module(new_module)
  File "<frozen importlib._bootstrap_external>", line 999, in exec_module
  File "<frozen importlib._bootstrap>", line 488, in _call_with_frames_removed
  File "/opt/airflow/dags/5_XCOMs_kwargs.py", line 1, in <module>
    from airflow.sdk import dag, task
ModuleNotFoundError: No module named 'airflow.sdk'
[2026-08-03T15:29:34.177+0000] {processor.py:927} WARNING - No viable dags retrieved from /opt/airflow/dags/5_XCOMs_kwargs.py
[2026-08-03T15:29:34.653+0000] {processor.py:208} INFO - Processing /opt/airflow/dags/5_XCOMs_kwargs.py took 0.631 seconds
[2026-08-03T15:30:05.492+0000] {processor.py:186} INFO - Started process (PID=122) to work on /opt/airflow/dags/5_XCOMs_kwargs.py
[2026-08-03T15:30:05.497+0000] {processor.py:914} INFO - Processing file /opt/airflow/dags/5_XCOMs_kwargs.py for tasks to queue
[2026-08-03T15:30:05.505+0000] {logging_mixin.py:190} INFO - [2026-08-03T15:30:05.504+0000] {dagbag.py:588} INFO - Filling up the DagBag from /opt/airflow/dags/5_XCOMs_kwargs.py
[2026-08-03T15:30:05.543+0000] {logging_mixin.py:190} INFO - [2026-08-03T15:30:05.534+0000] {dagbag.py:387} ERROR - Failed to import: /opt/airflow/dags/5_XCOMs_kwargs.py
Traceback (most recent call last):
  File "/home/airflow/.local/lib/python3.12/site-packages/airflow/models/dagbag.py", line 383, in parse
    loader.exec_module(new_module)
  File "<frozen importlib._bootstrap_external>", line 999, in exec_module
  File "<frozen importlib._bootstrap>", line 488, in _call_with_frames_removed
  File "/opt/airflow/dags/5_XCOMs_kwargs.py", line 1, in <module>
    from airflow.sdk import dag, task
ModuleNotFoundError: No module named 'airflow.sdk'
[2026-08-03T15:30:05.548+0000] {processor.py:927} WARNING - No viable dags retrieved from /opt/airflow/dags/5_XCOMs_kwargs.py
[2026-08-03T15:30:05.638+0000] {processor.py:208} INFO - Processing /opt/airflow/dags/5_XCOMs_kwargs.py took 0.169 seconds
[2026-08-03T15:30:36.489+0000] {processor.py:186} INFO - Started process (PID=133) to work on /opt/airflow/dags/5_XCOMs_kwargs.py
[2026-08-03T15:30:36.493+0000] {processor.py:914} INFO - Processing file /opt/airflow/dags/5_XCOMs_kwargs.py for tasks to queue
[2026-08-03T15:30:36.533+0000] {logging_mixin.py:190} INFO - [2026-08-03T15:30:36.530+0000] {dagbag.py:588} INFO - Filling up the DagBag from /opt/airflow/dags/5_XCOMs_kwargs.py
[2026-08-03T15:30:36.640+0000] {logging_mixin.py:190} INFO - [2026-08-03T15:30:36.604+0000] {dagbag.py:387} ERROR - Failed to import: /opt/airflow/dags/5_XCOMs_kwargs.py
Traceback (most recent call last):
  File "/home/airflow/.local/lib/python3.12/site-packages/airflow/models/dagbag.py", line 383, in parse
    loader.exec_module(new_module)
  File "<frozen importlib._bootstrap_external>", line 999, in exec_module
  File "<frozen importlib._bootstrap>", line 488, in _call_with_frames_removed
  File "/opt/airflow/dags/5_XCOMs_kwargs.py", line 1, in <module>
    from airflow.sdk import dag, task
ModuleNotFoundError: No module named 'airflow.sdk'
[2026-08-03T15:30:36.647+0000] {processor.py:927} WARNING - No viable dags retrieved from /opt/airflow/dags/5_XCOMs_kwargs.py
[2026-08-03T15:30:36.917+0000] {processor.py:208} INFO - Processing /opt/airflow/dags/5_XCOMs_kwargs.py took 0.484 seconds
[2026-08-03T15:31:07.610+0000] {processor.py:186} INFO - Started process (PID=145) to work on /opt/airflow/dags/5_XCOMs_kwargs.py
[2026-08-03T15:31:07.614+0000] {processor.py:914} INFO - Processing file /opt/airflow/dags/5_XCOMs_kwargs.py for tasks to queue
[2026-08-03T15:31:07.630+0000] {logging_mixin.py:190} INFO - [2026-08-03T15:31:07.627+0000] {dagbag.py:588} INFO - Filling up the DagBag from /opt/airflow/dags/5_XCOMs_kwargs.py
[2026-08-03T15:31:07.690+0000] {logging_mixin.py:190} INFO - [2026-08-03T15:31:07.675+0000] {dagbag.py:387} ERROR - Failed to import: /opt/airflow/dags/5_XCOMs_kwargs.py
Traceback (most recent call last):
  File "/home/airflow/.local/lib/python3.12/site-packages/airflow/models/dagbag.py", line 383, in parse
    loader.exec_module(new_module)
  File "<frozen importlib._bootstrap_external>", line 999, in exec_module
  File "<frozen importlib._bootstrap>", line 488, in _call_with_frames_removed
  File "/opt/airflow/dags/5_XCOMs_kwargs.py", line 1, in <module>
    from airflow.sdk import dag, task
ModuleNotFoundError: No module named 'airflow.sdk'
[2026-08-03T15:31:07.696+0000] {processor.py:927} WARNING - No viable dags retrieved from /opt/airflow/dags/5_XCOMs_kwargs.py
[2026-08-03T15:31:07.765+0000] {processor.py:208} INFO - Processing /opt/airflow/dags/5_XCOMs_kwargs.py took 0.187 seconds
[2026-08-03T15:31:38.389+0000] {processor.py:186} INFO - Started process (PID=157) to work on /opt/airflow/dags/5_XCOMs_kwargs.py
[2026-08-03T15:31:38.401+0000] {processor.py:914} INFO - Processing file /opt/airflow/dags/5_XCOMs_kwargs.py for tasks to queue
[2026-08-03T15:31:38.432+0000] {logging_mixin.py:190} INFO - [2026-08-03T15:31:38.427+0000] {dagbag.py:588} INFO - Filling up the DagBag from /opt/airflow/dags/5_XCOMs_kwargs.py
[2026-08-03T15:31:38.628+0000] {logging_mixin.py:190} INFO - [2026-08-03T15:31:38.598+0000] {dagbag.py:387} ERROR - Failed to import: /opt/airflow/dags/5_XCOMs_kwargs.py
Traceback (most recent call last):
  File "/home/airflow/.local/lib/python3.12/site-packages/airflow/models/dagbag.py", line 383, in parse
    loader.exec_module(new_module)
  File "<frozen importlib._bootstrap_external>", line 999, in exec_module
  File "<frozen importlib._bootstrap>", line 488, in _call_with_frames_removed
  File "/opt/airflow/dags/5_XCOMs_kwargs.py", line 1, in <module>
    from airflow.sdk import dag, task
ModuleNotFoundError: No module named 'airflow.sdk'
[2026-08-03T15:31:38.648+0000] {processor.py:927} WARNING - No viable dags retrieved from /opt/airflow/dags/5_XCOMs_kwargs.py
[2026-08-03T15:31:38.816+0000] {processor.py:208} INFO - Processing /opt/airflow/dags/5_XCOMs_kwargs.py took 0.542 seconds
[2026-08-03T15:32:09.220+0000] {processor.py:186} INFO - Started process (PID=168) to work on /opt/airflow/dags/5_XCOMs_kwargs.py
[2026-08-03T15:32:09.223+0000] {processor.py:914} INFO - Processing file /opt/airflow/dags/5_XCOMs_kwargs.py for tasks to queue
[2026-08-03T15:32:09.238+0000] {logging_mixin.py:190} INFO - [2026-08-03T15:32:09.237+0000] {dagbag.py:588} INFO - Filling up the DagBag from /opt/airflow/dags/5_XCOMs_kwargs.py
[2026-08-03T15:32:09.277+0000] {logging_mixin.py:190} INFO - [2026-08-03T15:32:09.267+0000] {dagbag.py:387} ERROR - Failed to import: /opt/airflow/dags/5_XCOMs_kwargs.py
Traceback (most recent call last):
  File "/home/airflow/.local/lib/python3.12/site-packages/airflow/models/dagbag.py", line 383, in parse
    loader.exec_module(new_module)
  File "<frozen importlib._bootstrap_external>", line 999, in exec_module
  File "<frozen importlib._bootstrap>", line 488, in _call_with_frames_removed
  File "/opt/airflow/dags/5_XCOMs_kwargs.py", line 1, in <module>
    from airflow.sdk import dag, task
ModuleNotFoundError: No module named 'airflow.sdk'
[2026-08-03T15:32:09.281+0000] {processor.py:927} WARNING - No viable dags retrieved from /opt/airflow/dags/5_XCOMs_kwargs.py
[2026-08-03T15:32:09.494+0000] {processor.py:208} INFO - Processing /opt/airflow/dags/5_XCOMs_kwargs.py took 0.303 seconds
[2026-08-03T15:32:39.982+0000] {processor.py:186} INFO - Started process (PID=179) to work on /opt/airflow/dags/5_XCOMs_kwargs.py
[2026-08-03T15:32:39.986+0000] {processor.py:914} INFO - Processing file /opt/airflow/dags/5_XCOMs_kwargs.py for tasks to queue
[2026-08-03T15:32:40.002+0000] {logging_mixin.py:190} INFO - [2026-08-03T15:32:40.000+0000] {dagbag.py:588} INFO - Filling up the DagBag from /opt/airflow/dags/5_XCOMs_kwargs.py
[2026-08-03T15:32:40.050+0000] {logging_mixin.py:190} INFO - [2026-08-03T15:32:40.040+0000] {dagbag.py:387} ERROR - Failed to import: /opt/airflow/dags/5_XCOMs_kwargs.py
Traceback (most recent call last):
  File "/home/airflow/.local/lib/python3.12/site-packages/airflow/models/dagbag.py", line 383, in parse
    loader.exec_module(new_module)
  File "<frozen importlib._bootstrap_external>", line 999, in exec_module
  File "<frozen importlib._bootstrap>", line 488, in _call_with_frames_removed
  File "/opt/airflow/dags/5_XCOMs_kwargs.py", line 1, in <module>
    from airflow.sdk import dag, task
ModuleNotFoundError: No module named 'airflow.sdk'
[2026-08-03T15:32:40.055+0000] {processor.py:927} WARNING - No viable dags retrieved from /opt/airflow/dags/5_XCOMs_kwargs.py
[2026-08-03T15:32:40.142+0000] {processor.py:208} INFO - Processing /opt/airflow/dags/5_XCOMs_kwargs.py took 0.212 seconds
[2026-08-03T15:33:10.295+0000] {processor.py:186} INFO - Started process (PID=190) to work on /opt/airflow/dags/5_XCOMs_kwargs.py
[2026-08-03T15:33:10.299+0000] {processor.py:914} INFO - Processing file /opt/airflow/dags/5_XCOMs_kwargs.py for tasks to queue
[2026-08-03T15:33:10.309+0000] {logging_mixin.py:190} INFO - [2026-08-03T15:33:10.308+0000] {dagbag.py:588} INFO - Filling up the DagBag from /opt/airflow/dags/5_XCOMs_kwargs.py
[2026-08-03T15:33:10.362+0000] {logging_mixin.py:190} INFO - [2026-08-03T15:33:10.349+0000] {dagbag.py:387} ERROR - Failed to import: /opt/airflow/dags/5_XCOMs_kwargs.py
Traceback (most recent call last):
  File "/home/airflow/.local/lib/python3.12/site-packages/airflow/models/dagbag.py", line 383, in parse
    loader.exec_module(new_module)
  File "<frozen importlib._bootstrap_external>", line 999, in exec_module
  File "<frozen importlib._bootstrap>", line 488, in _call_with_frames_removed
  File "/opt/airflow/dags/5_XCOMs_kwargs.py", line 1, in <module>
    from airflow.sdk import dag, task
ModuleNotFoundError: No module named 'airflow.sdk'
[2026-08-03T15:33:10.367+0000] {processor.py:927} WARNING - No viable dags retrieved from /opt/airflow/dags/5_XCOMs_kwargs.py
[2026-08-03T15:33:10.443+0000] {processor.py:208} INFO - Processing /opt/airflow/dags/5_XCOMs_kwargs.py took 0.168 seconds
[2026-08-03T15:33:41.300+0000] {processor.py:186} INFO - Started process (PID=202) to work on /opt/airflow/dags/5_XCOMs_kwargs.py
[2026-08-03T15:33:41.318+0000] {processor.py:914} INFO - Processing file /opt/airflow/dags/5_XCOMs_kwargs.py for tasks to queue
[2026-08-03T15:33:41.408+0000] {logging_mixin.py:190} INFO - [2026-08-03T15:33:41.404+0000] {dagbag.py:588} INFO - Filling up the DagBag from /opt/airflow/dags/5_XCOMs_kwargs.py
[2026-08-03T15:33:41.798+0000] {logging_mixin.py:190} INFO - [2026-08-03T15:33:41.785+0000] {dagbag.py:387} ERROR - Failed to import: /opt/airflow/dags/5_XCOMs_kwargs.py
Traceback (most recent call last):
  File "/home/airflow/.local/lib/python3.12/site-packages/airflow/models/dagbag.py", line 383, in parse
    loader.exec_module(new_module)
  File "<frozen importlib._bootstrap_external>", line 999, in exec_module
  File "<frozen importlib._bootstrap>", line 488, in _call_with_frames_removed
  File "/opt/airflow/dags/5_XCOMs_kwargs.py", line 1, in <module>
    from airflow.sdk import dag, task
ModuleNotFoundError: No module named 'airflow.sdk'
[2026-08-03T15:33:41.804+0000] {processor.py:927} WARNING - No viable dags retrieved from /opt/airflow/dags/5_XCOMs_kwargs.py
[2026-08-03T15:33:41.959+0000] {processor.py:208} INFO - Processing /opt/airflow/dags/5_XCOMs_kwargs.py took 0.775 seconds
[2026-08-03T15:34:12.221+0000] {processor.py:186} INFO - Started process (PID=213) to work on /opt/airflow/dags/5_XCOMs_kwargs.py
[2026-08-03T15:34:12.225+0000] {processor.py:914} INFO - Processing file /opt/airflow/dags/5_XCOMs_kwargs.py for tasks to queue
[2026-08-03T15:34:12.236+0000] {logging_mixin.py:190} INFO - [2026-08-03T15:34:12.235+0000] {dagbag.py:588} INFO - Filling up the DagBag from /opt/airflow/dags/5_XCOMs_kwargs.py
[2026-08-03T15:34:12.274+0000] {logging_mixin.py:190} INFO - [2026-08-03T15:34:12.265+0000] {dagbag.py:387} ERROR - Failed to import: /opt/airflow/dags/5_XCOMs_kwargs.py
Traceback (most recent call last):
  File "/home/airflow/.local/lib/python3.12/site-packages/airflow/models/dagbag.py", line 383, in parse
    loader.exec_module(new_module)
  File "<frozen importlib._bootstrap_external>", line 999, in exec_module
  File "<frozen importlib._bootstrap>", line 488, in _call_with_frames_removed
  File "/opt/airflow/dags/5_XCOMs_kwargs.py", line 1, in <module>
    from airflow.sdk import dag, task
ModuleNotFoundError: No module named 'airflow.sdk'
[2026-08-03T15:34:12.278+0000] {processor.py:927} WARNING - No viable dags retrieved from /opt/airflow/dags/5_XCOMs_kwargs.py
[2026-08-03T15:34:12.341+0000] {processor.py:208} INFO - Processing /opt/airflow/dags/5_XCOMs_kwargs.py took 0.149 seconds
[2026-08-03T15:34:42.786+0000] {processor.py:186} INFO - Started process (PID=225) to work on /opt/airflow/dags/5_XCOMs_kwargs.py
[2026-08-03T15:34:42.789+0000] {processor.py:914} INFO - Processing file /opt/airflow/dags/5_XCOMs_kwargs.py for tasks to queue
[2026-08-03T15:34:42.800+0000] {logging_mixin.py:190} INFO - [2026-08-03T15:34:42.799+0000] {dagbag.py:588} INFO - Filling up the DagBag from /opt/airflow/dags/5_XCOMs_kwargs.py
[2026-08-03T15:34:42.839+0000] {logging_mixin.py:190} INFO - [2026-08-03T15:34:42.830+0000] {dagbag.py:387} ERROR - Failed to import: /opt/airflow/dags/5_XCOMs_kwargs.py
Traceback (most recent call last):
  File "/home/airflow/.local/lib/python3.12/site-packages/airflow/models/dagbag.py", line 383, in parse
    loader.exec_module(new_module)
  File "<frozen importlib._bootstrap_external>", line 999, in exec_module
  File "<frozen importlib._bootstrap>", line 488, in _call_with_frames_removed
  File "/opt/airflow/dags/5_XCOMs_kwargs.py", line 1, in <module>
    from airflow.sdk import dag, task
ModuleNotFoundError: No module named 'airflow.sdk'
[2026-08-03T15:34:42.844+0000] {processor.py:927} WARNING - No viable dags retrieved from /opt/airflow/dags/5_XCOMs_kwargs.py
[2026-08-03T15:34:42.913+0000] {processor.py:208} INFO - Processing /opt/airflow/dags/5_XCOMs_kwargs.py took 0.159 seconds
[2026-08-03T15:35:13.875+0000] {processor.py:186} INFO - Started process (PID=236) to work on /opt/airflow/dags/5_XCOMs_kwargs.py
[2026-08-03T15:35:13.877+0000] {processor.py:914} INFO - Processing file /opt/airflow/dags/5_XCOMs_kwargs.py for tasks to queue
[2026-08-03T15:35:13.886+0000] {logging_mixin.py:190} INFO - [2026-08-03T15:35:13.885+0000] {dagbag.py:588} INFO - Filling up the DagBag from /opt/airflow/dags/5_XCOMs_kwargs.py
[2026-08-03T15:35:13.921+0000] {logging_mixin.py:190} INFO - [2026-08-03T15:35:13.913+0000] {dagbag.py:387} ERROR - Failed to import: /opt/airflow/dags/5_XCOMs_kwargs.py
Traceback (most recent call last):
  File "/home/airflow/.local/lib/python3.12/site-packages/airflow/models/dagbag.py", line 383, in parse
    loader.exec_module(new_module)
  File "<frozen importlib._bootstrap_external>", line 999, in exec_module
  File "<frozen importlib._bootstrap>", line 488, in _call_with_frames_removed
  File "/opt/airflow/dags/5_XCOMs_kwargs.py", line 1, in <module>
    from airflow.sdk import dag, task
ModuleNotFoundError: No module named 'airflow.sdk'
[2026-08-03T15:35:13.925+0000] {processor.py:927} WARNING - No viable dags retrieved from /opt/airflow/dags/5_XCOMs_kwargs.py
[2026-08-03T15:35:14.015+0000] {processor.py:208} INFO - Processing /opt/airflow/dags/5_XCOMs_kwargs.py took 0.157 seconds
[2026-08-03T15:35:44.422+0000] {processor.py:186} INFO - Started process (PID=247) to work on /opt/airflow/dags/5_XCOMs_kwargs.py
[2026-08-03T15:35:44.425+0000] {processor.py:914} INFO - Processing file /opt/airflow/dags/5_XCOMs_kwargs.py for tasks to queue
[2026-08-03T15:35:44.434+0000] {logging_mixin.py:190} INFO - [2026-08-03T15:35:44.433+0000] {dagbag.py:588} INFO - Filling up the DagBag from /opt/airflow/dags/5_XCOMs_kwargs.py
[2026-08-03T15:35:44.481+0000] {logging_mixin.py:190} INFO - [2026-08-03T15:35:44.471+0000] {dagbag.py:387} ERROR - Failed to import: /opt/airflow/dags/5_XCOMs_kwargs.py
Traceback (most recent call last):
  File "/home/airflow/.local/lib/python3.12/site-packages/airflow/models/dagbag.py", line 383, in parse
    loader.exec_module(new_module)
  File "<frozen importlib._bootstrap_external>", line 999, in exec_module
  File "<frozen importlib._bootstrap>", line 488, in _call_with_frames_removed
  File "/opt/airflow/dags/5_XCOMs_kwargs.py", line 1, in <module>
    from airflow.sdk import dag, task
ModuleNotFoundError: No module named 'airflow.sdk'
[2026-08-03T15:35:44.486+0000] {processor.py:927} WARNING - No viable dags retrieved from /opt/airflow/dags/5_XCOMs_kwargs.py
[2026-08-03T15:35:44.574+0000] {processor.py:208} INFO - Processing /opt/airflow/dags/5_XCOMs_kwargs.py took 0.174 seconds
[2026-08-03T15:36:15.076+0000] {processor.py:186} INFO - Started process (PID=258) to work on /opt/airflow/dags/5_XCOMs_kwargs.py
[2026-08-03T15:36:15.080+0000] {processor.py:914} INFO - Processing file /opt/airflow/dags/5_XCOMs_kwargs.py for tasks to queue
[2026-08-03T15:36:15.091+0000] {logging_mixin.py:190} INFO - [2026-08-03T15:36:15.090+0000] {dagbag.py:588} INFO - Filling up the DagBag from /opt/airflow/dags/5_XCOMs_kwargs.py
[2026-08-03T15:36:15.135+0000] {logging_mixin.py:190} INFO - [2026-08-03T15:36:15.124+0000] {dagbag.py:387} ERROR - Failed to import: /opt/airflow/dags/5_XCOMs_kwargs.py
Traceback (most recent call last):
  File "/home/airflow/.local/lib/python3.12/site-packages/airflow/models/dagbag.py", line 383, in parse
    loader.exec_module(new_module)
  File "<frozen importlib._bootstrap_external>", line 999, in exec_module
  File "<frozen importlib._bootstrap>", line 488, in _call_with_frames_removed
  File "/opt/airflow/dags/5_XCOMs_kwargs.py", line 1, in <module>
    from airflow.sdk import dag, task
ModuleNotFoundError: No module named 'airflow.sdk'
[2026-08-03T15:36:15.141+0000] {processor.py:927} WARNING - No viable dags retrieved from /opt/airflow/dags/5_XCOMs_kwargs.py
[2026-08-03T15:36:15.232+0000] {processor.py:208} INFO - Processing /opt/airflow/dags/5_XCOMs_kwargs.py took 0.181 seconds
[2026-08-03T15:36:46.330+0000] {processor.py:186} INFO - Started process (PID=269) to work on /opt/airflow/dags/5_XCOMs_kwargs.py
[2026-08-03T15:36:46.333+0000] {processor.py:914} INFO - Processing file /opt/airflow/dags/5_XCOMs_kwargs.py for tasks to queue
[2026-08-03T15:36:46.350+0000] {logging_mixin.py:190} INFO - [2026-08-03T15:36:46.348+0000] {dagbag.py:588} INFO - Filling up the DagBag from /opt/airflow/dags/5_XCOMs_kwargs.py
[2026-08-03T15:36:46.392+0000] {logging_mixin.py:190} INFO - [2026-08-03T15:36:46.379+0000] {dagbag.py:387} ERROR - Failed to import: /opt/airflow/dags/5_XCOMs_kwargs.py
Traceback (most recent call last):
  File "/home/airflow/.local/lib/python3.12/site-packages/airflow/models/dagbag.py", line 383, in parse
    loader.exec_module(new_module)
  File "<frozen importlib._bootstrap_external>", line 999, in exec_module
  File "<frozen importlib._bootstrap>", line 488, in _call_with_frames_removed
  File "/opt/airflow/dags/5_XCOMs_kwargs.py", line 1, in <module>
    from airflow.sdk import dag, task
ModuleNotFoundError: No module named 'airflow.sdk'
[2026-08-03T15:36:46.397+0000] {processor.py:927} WARNING - No viable dags retrieved from /opt/airflow/dags/5_XCOMs_kwargs.py
[2026-08-03T15:36:46.478+0000] {processor.py:208} INFO - Processing /opt/airflow/dags/5_XCOMs_kwargs.py took 0.184 seconds
[2026-08-03T15:45:36.677+0000] {processor.py:186} INFO - Started process (PID=210) to work on /opt/airflow/dags/5_XCOMs_kwargs.py
[2026-08-03T15:45:36.689+0000] {processor.py:914} INFO - Processing file /opt/airflow/dags/5_XCOMs_kwargs.py for tasks to queue
[2026-08-03T15:45:36.749+0000] {logging_mixin.py:190} INFO - [2026-08-03T15:45:36.742+0000] {dagbag.py:588} INFO - Filling up the DagBag from /opt/airflow/dags/5_XCOMs_kwargs.py
[2026-08-03T15:45:36.987+0000] {logging_mixin.py:190} INFO - [2026-08-03T15:45:36.900+0000] {dagbag.py:387} ERROR - Failed to import: /opt/airflow/dags/5_XCOMs_kwargs.py
Traceback (most recent call last):
  File "/home/airflow/.local/lib/python3.12/site-packages/airflow/models/dagbag.py", line 383, in parse
    loader.exec_module(new_module)
  File "<frozen importlib._bootstrap_external>", line 999, in exec_module
  File "<frozen importlib._bootstrap>", line 488, in _call_with_frames_removed
  File "/opt/airflow/dags/5_XCOMs_kwargs.py", line 1, in <module>
    from airflow.sdk import dag, task
ModuleNotFoundError: No module named 'airflow.sdk'
[2026-08-03T15:45:36.993+0000] {processor.py:927} WARNING - No viable dags retrieved from /opt/airflow/dags/5_XCOMs_kwargs.py
[2026-08-03T15:45:37.279+0000] {processor.py:208} INFO - Processing /opt/airflow/dags/5_XCOMs_kwargs.py took 0.792 seconds
[2026-08-03T15:46:08.041+0000] {processor.py:186} INFO - Started process (PID=241) to work on /opt/airflow/dags/5_XCOMs_kwargs.py
[2026-08-03T15:46:08.053+0000] {processor.py:914} INFO - Processing file /opt/airflow/dags/5_XCOMs_kwargs.py for tasks to queue
[2026-08-03T15:46:08.080+0000] {logging_mixin.py:190} INFO - [2026-08-03T15:46:08.079+0000] {dagbag.py:588} INFO - Filling up the DagBag from /opt/airflow/dags/5_XCOMs_kwargs.py
[2026-08-03T15:46:08.178+0000] {logging_mixin.py:190} INFO - [2026-08-03T15:46:08.145+0000] {dagbag.py:387} ERROR - Failed to import: /opt/airflow/dags/5_XCOMs_kwargs.py
Traceback (most recent call last):
  File "/home/airflow/.local/lib/python3.12/site-packages/airflow/models/dagbag.py", line 383, in parse
    loader.exec_module(new_module)
  File "<frozen importlib._bootstrap_external>", line 999, in exec_module
  File "<frozen importlib._bootstrap>", line 488, in _call_with_frames_removed
  File "/opt/airflow/dags/5_XCOMs_kwargs.py", line 1, in <module>
    from airflow.sdk import dag, task
ModuleNotFoundError: No module named 'airflow.sdk'
[2026-08-03T15:46:08.183+0000] {processor.py:927} WARNING - No viable dags retrieved from /opt/airflow/dags/5_XCOMs_kwargs.py
[2026-08-03T15:46:08.310+0000] {processor.py:208} INFO - Processing /opt/airflow/dags/5_XCOMs_kwargs.py took 0.312 seconds
[2026-08-03T15:46:38.927+0000] {processor.py:186} INFO - Started process (PID=272) to work on /opt/airflow/dags/5_XCOMs_kwargs.py
[2026-08-03T15:46:38.950+0000] {processor.py:914} INFO - Processing file /opt/airflow/dags/5_XCOMs_kwargs.py for tasks to queue
[2026-08-03T15:46:39.027+0000] {logging_mixin.py:190} INFO - [2026-08-03T15:46:39.020+0000] {dagbag.py:588} INFO - Filling up the DagBag from /opt/airflow/dags/5_XCOMs_kwargs.py
[2026-08-03T15:46:39.123+0000] {logging_mixin.py:190} INFO - [2026-08-03T15:46:39.103+0000] {dagbag.py:387} ERROR - Failed to import: /opt/airflow/dags/5_XCOMs_kwargs.py
Traceback (most recent call last):
  File "/home/airflow/.local/lib/python3.12/site-packages/airflow/models/dagbag.py", line 383, in parse
    loader.exec_module(new_module)
  File "<frozen importlib._bootstrap_external>", line 999, in exec_module
  File "<frozen importlib._bootstrap>", line 488, in _call_with_frames_removed
  File "/opt/airflow/dags/5_XCOMs_kwargs.py", line 1, in <module>
    from airflow.sdk import dag, task
ModuleNotFoundError: No module named 'airflow.sdk'
[2026-08-03T15:46:39.129+0000] {processor.py:927} WARNING - No viable dags retrieved from /opt/airflow/dags/5_XCOMs_kwargs.py
[2026-08-03T15:46:39.333+0000] {processor.py:208} INFO - Processing /opt/airflow/dags/5_XCOMs_kwargs.py took 0.589 seconds
