[2026-08-03T12:38:41.432+0000] {manager.py:483} INFO - Processing files using up to 2 processes at a time 
[2026-08-03T12:38:41.471+0000] {manager.py:484} INFO - Process each file at most once every 30 seconds
[2026-08-03T12:38:41.482+0000] {manager.py:485} INFO - Checking for new files in /opt/airflow/dags every 300 seconds
[2026-08-03T12:38:41.487+0000] {manager.py:821} INFO - Searching for files in /opt/airflow/dags
[2026-08-03T12:38:42.076+0000] {manager.py:824} INFO - There are 5 files in /opt/airflow/dags
[2026-08-03T12:38:43.242+0000] {manager.py:997} INFO - 
================================================================================
DAG File Processing Stats

File Path                                PID  Runtime      # DAGs    # Errors  Last Runtime    Last Run      Last # of DB Queries
-------------------------------------  -----  ---------  --------  ----------  --------------  ----------  ----------------------
/opt/airflow/dags/1_first_dag.py                                0           0                                                   0
/opt/airflow/dags/2_dag_versioning.py                           0           0                                                   0
/opt/airflow/dags/3_operator.py                                 0           0                                                   0
/opt/airflow/dags/4_XCOMs_auto.py         64  0.38s             0           0                                                   0
/opt/airflow/dags/5_XCOMs_kwargs.py       63  0.54s             0           0                                                   0
================================================================================
[2026-08-03T12:39:16.263+0000] {manager.py:997} INFO - 
================================================================================
DAG File Processing Stats

File Path                              PID    Runtime      # DAGs    # Errors  Last Runtime    Last Run               Last # of DB Queries
-------------------------------------  -----  ---------  --------  ----------  --------------  -------------------  ----------------------
/opt/airflow/dags/3_operator.py                                 0           1  3.94s           2026-08-03T12:38:48                       3
/opt/airflow/dags/1_first_dag.py                                0           1  1.02s           2026-08-03T12:38:49                       3
/opt/airflow/dags/2_dag_versioning.py                           0           1  0.88s           2026-08-03T12:38:49                       3
/opt/airflow/dags/4_XCOMs_auto.py                               0           1  0.61s           2026-08-03T12:39:15                       5
/opt/airflow/dags/5_XCOMs_kwargs.py                             0           1  0.58s           2026-08-03T12:39:15                       5
================================================================================
[2026-08-03T12:39:49.116+0000] {manager.py:997} INFO - 
================================================================================
DAG File Processing Stats

File Path                              PID    Runtime      # DAGs    # Errors  Last Runtime    Last Run               Last # of DB Queries
-------------------------------------  -----  ---------  --------  ----------  --------------  -------------------  ----------------------
/opt/airflow/dags/1_first_dag.py                                0           1  0.67s           2026-08-03T12:39:23                       5
/opt/airflow/dags/5_XCOMs_kwargs.py                             0           1  0.49s           2026-08-03T12:39:46                       5
/opt/airflow/dags/4_XCOMs_auto.py                               0           1  0.44s           2026-08-03T12:39:46                       5
/opt/airflow/dags/3_operator.py                                 0           1  0.43s           2026-08-03T12:39:22                       5
/opt/airflow/dags/2_dag_versioning.py                           0           1  0.34s           2026-08-03T12:39:22                       5
================================================================================
[2026-08-03T12:40:22.392+0000] {manager.py:997} INFO - 
================================================================================
DAG File Processing Stats

File Path                              PID    Runtime      # DAGs    # Errors  Last Runtime    Last Run               Last # of DB Queries
-------------------------------------  -----  ---------  --------  ----------  --------------  -------------------  ----------------------
/opt/airflow/dags/3_operator.py                                 0           1  0.41s           2026-08-03T12:39:54                       5
/opt/airflow/dags/2_dag_versioning.py                           0           1  0.41s           2026-08-03T12:39:54                       5
/opt/airflow/dags/1_first_dag.py                                0           1  0.20s           2026-08-03T12:39:54                       5
/opt/airflow/dags/5_XCOMs_kwargs.py                             0           1  0.14s           2026-08-03T12:40:16                       5
/opt/airflow/dags/4_XCOMs_auto.py                               0           1  0.11s           2026-08-03T12:40:16                       5
================================================================================
[2026-08-03T12:40:55.384+0000] {manager.py:997} INFO - 
================================================================================
DAG File Processing Stats

File Path                              PID    Runtime      # DAGs    # Errors  Last Runtime    Last Run               Last # of DB Queries
-------------------------------------  -----  ---------  --------  ----------  --------------  -------------------  ----------------------
/opt/airflow/dags/2_dag_versioning.py                           0           1  0.20s           2026-08-03T12:40:27                       5
/opt/airflow/dags/3_operator.py                                 0           1  0.20s           2026-08-03T12:40:27                       5
/opt/airflow/dags/1_first_dag.py                                0           1  0.18s           2026-08-03T12:40:27                       5
/opt/airflow/dags/5_XCOMs_kwargs.py                             0           1  0.17s           2026-08-03T12:40:47                       5
/opt/airflow/dags/4_XCOMs_auto.py                               0           1  0.15s           2026-08-03T12:40:47                       5
================================================================================
[2026-08-03T12:41:28.438+0000] {manager.py:997} INFO - 
================================================================================
DAG File Processing Stats

File Path                              PID    Runtime      # DAGs    # Errors  Last Runtime    Last Run               Last # of DB Queries
-------------------------------------  -----  ---------  --------  ----------  --------------  -------------------  ----------------------
/opt/airflow/dags/3_operator.py                                 0           1  0.90s           2026-08-03T12:41:00                       5
/opt/airflow/dags/2_dag_versioning.py                           0           1  0.81s           2026-08-03T12:41:01                       5
/opt/airflow/dags/1_first_dag.py                                0           1  0.21s           2026-08-03T12:41:01                       5
/opt/airflow/dags/4_XCOMs_auto.py                               0           1  0.11s           2026-08-03T12:41:17                       5
/opt/airflow/dags/5_XCOMs_kwargs.py                             0           1  0.10s           2026-08-03T12:41:17                       5
================================================================================
[2026-08-03T12:41:41.485+0000] {manager.py:465} INFO - Exiting gracefully upon receiving signal 15
[2026-08-03T15:10:06.723+0000] {manager.py:483} INFO - Processing files using up to 2 processes at a time 
[2026-08-03T15:10:06.731+0000] {manager.py:484} INFO - Process each file at most once every 30 seconds
[2026-08-03T15:10:06.745+0000] {manager.py:485} INFO - Checking for new files in /opt/airflow/dags every 300 seconds
[2026-08-03T15:10:06.754+0000] {manager.py:821} INFO - Searching for files in /opt/airflow/dags
[2026-08-03T15:10:07.199+0000] {manager.py:824} INFO - There are 5 files in /opt/airflow/dags
[2026-08-03T15:10:08.421+0000] {manager.py:997} INFO - 
================================================================================
DAG File Processing Stats

File Path                                PID  Runtime      # DAGs    # Errors  Last Runtime    Last Run      Last # of DB Queries
-------------------------------------  -----  ---------  --------  ----------  --------------  ----------  ----------------------
/opt/airflow/dags/1_first_dag.py                                0           0                                                   0
/opt/airflow/dags/2_dag_versioning.py                           0           0                                                   0
/opt/airflow/dags/3_operator.py                                 0           0                                                   0
/opt/airflow/dags/4_XCOMs_auto.py         85  0.55s             0           0                                                   0
/opt/airflow/dags/5_XCOMs_kwargs.py       84  0.73s             0           0                                                   0
================================================================================
[2026-08-03T15:10:39.215+0000] {manager.py:997} INFO - 
================================================================================
DAG File Processing Stats

File Path                              PID    Runtime      # DAGs    # Errors  Last Runtime    Last Run               Last # of DB Queries
-------------------------------------  -----  ---------  --------  ----------  --------------  -------------------  ----------------------
/opt/airflow/dags/5_XCOMs_kwargs.py                             0           1  3.04s           2026-08-03T15:10:10                       5
/opt/airflow/dags/4_XCOMs_auto.py                               0           1  2.18s           2026-08-03T15:10:09                       5
/opt/airflow/dags/3_operator.py                                 0           1  2.12s           2026-08-03T15:10:12                       5
/opt/airflow/dags/2_dag_versioning.py                           0           1  1.30s           2026-08-03T15:10:13                       5
/opt/airflow/dags/1_first_dag.py                                0           1  1.26s           2026-08-03T15:10:13                       5
================================================================================
[2026-08-03T15:11:09.398+0000] {manager.py:997} INFO - 
================================================================================
DAG File Processing Stats

File Path                              PID    Runtime      # DAGs    # Errors  Last Runtime    Last Run               Last # of DB Queries
-------------------------------------  -----  ---------  --------  ----------  --------------  -------------------  ----------------------
/opt/airflow/dags/3_operator.py                                 0           1  1.74s           2026-08-03T15:10:45                       5
/opt/airflow/dags/2_dag_versioning.py                           0           1  1.56s           2026-08-03T15:10:45                       5
/opt/airflow/dags/4_XCOMs_auto.py                               0           1  0.73s           2026-08-03T15:10:40                       5
/opt/airflow/dags/1_first_dag.py                                0           1  0.73s           2026-08-03T15:10:46                       5
/opt/airflow/dags/5_XCOMs_kwargs.py                             0           1  0.56s           2026-08-03T15:10:41                       5
================================================================================
[2026-08-03T15:11:39.830+0000] {manager.py:997} INFO - 
================================================================================
DAG File Processing Stats

File Path                              PID    Runtime      # DAGs    # Errors  Last Runtime    Last Run               Last # of DB Queries
-------------------------------------  -----  ---------  --------  ----------  --------------  -------------------  ----------------------
/opt/airflow/dags/3_operator.py                                 0           1  0.94s           2026-08-03T15:11:17                       5
/opt/airflow/dags/5_XCOMs_kwargs.py                             0           1  0.73s           2026-08-03T15:11:12                       5
/opt/airflow/dags/4_XCOMs_auto.py                               0           1  0.68s           2026-08-03T15:11:11                       5
/opt/airflow/dags/2_dag_versioning.py                           0           1  0.66s           2026-08-03T15:11:17                       5
/opt/airflow/dags/1_first_dag.py                                0           1  0.52s           2026-08-03T15:11:17                       5
================================================================================
[2026-08-03T15:12:09.871+0000] {manager.py:997} INFO - 
================================================================================
DAG File Processing Stats

File Path                              PID    Runtime      # DAGs    # Errors  Last Runtime    Last Run               Last # of DB Queries
-------------------------------------  -----  ---------  --------  ----------  --------------  -------------------  ----------------------
/opt/airflow/dags/2_dag_versioning.py                           0           1  0.51s           2026-08-03T15:11:48                       5
/opt/airflow/dags/3_operator.py                                 0           1  0.49s           2026-08-03T15:11:48                       5
/opt/airflow/dags/5_XCOMs_kwargs.py                             0           1  0.31s           2026-08-03T15:11:43                       5
/opt/airflow/dags/1_first_dag.py                                0           1  0.28s           2026-08-03T15:11:48                       5
/opt/airflow/dags/4_XCOMs_auto.py                               0           1  0.24s           2026-08-03T15:11:42                       5
================================================================================
[2026-08-03T15:12:16.297+0000] {manager.py:465} INFO - Exiting gracefully upon receiving signal 15
[2026-08-03T15:27:57.835+0000] {manager.py:483} INFO - Processing files using up to 2 processes at a time 
[2026-08-03T15:27:57.845+0000] {manager.py:484} INFO - Process each file at most once every 30 seconds
[2026-08-03T15:27:57.848+0000] {manager.py:485} INFO - Checking for new files in /opt/airflow/dags every 300 seconds
[2026-08-03T15:27:57.852+0000] {manager.py:821} INFO - Searching for files in /opt/airflow/dags
[2026-08-03T15:27:58.145+0000] {manager.py:824} INFO - There are 5 files in /opt/airflow/dags
[2026-08-03T15:27:58.982+0000] {manager.py:997} INFO - 
================================================================================
DAG File Processing Stats

File Path                                PID  Runtime      # DAGs    # Errors  Last Runtime    Last Run      Last # of DB Queries
-------------------------------------  -----  ---------  --------  ----------  --------------  ----------  ----------------------
/opt/airflow/dags/1_first_dag.py                                0           0                                                   0
/opt/airflow/dags/2_dag_versioning.py                           0           0                                                   0
/opt/airflow/dags/3_operator.py                                 0           0                                                   0
/opt/airflow/dags/4_XCOMs_auto.py         73  0.24s             0           0                                                   0
/opt/airflow/dags/5_XCOMs_kwargs.py       72  0.47s             0           0                                                   0
================================================================================
[2026-08-03T15:28:29.067+0000] {manager.py:997} INFO - 
================================================================================
DAG File Processing Stats

File Path                              PID    Runtime      # DAGs    # Errors  Last Runtime    Last Run               Last # of DB Queries
-------------------------------------  -----  ---------  --------  ----------  --------------  -------------------  ----------------------
/opt/airflow/dags/5_XCOMs_kwargs.py                             0           1  0.73s           2026-08-03T15:27:59                       3
/opt/airflow/dags/2_dag_versioning.py                           0           1  0.66s           2026-08-03T15:28:00                       3
/opt/airflow/dags/4_XCOMs_auto.py                               0           1  0.65s           2026-08-03T15:27:59                       3
/opt/airflow/dags/1_first_dag.py                                0           1  0.64s           2026-08-03T15:28:00                       3
/opt/airflow/dags/3_operator.py                                 0           1  0.39s           2026-08-03T15:27:59                       3
================================================================================
[2026-08-03T15:29:00.367+0000] {manager.py:997} INFO - 
================================================================================
DAG File Processing Stats

File Path                              PID    Runtime      # DAGs    # Errors  Last Runtime    Last Run               Last # of DB Queries
-------------------------------------  -----  ---------  --------  ----------  --------------  -------------------  ----------------------
/opt/airflow/dags/4_XCOMs_auto.py                               0           1  2.64s           2026-08-03T15:28:32                       5
/opt/airflow/dags/5_XCOMs_kwargs.py                             0           1  2.03s           2026-08-03T15:28:32                       5
/opt/airflow/dags/1_first_dag.py                                0           1  0.93s           2026-08-03T15:28:34                       5
/opt/airflow/dags/3_operator.py                                 0           1  0.87s           2026-08-03T15:28:33                       5
/opt/airflow/dags/2_dag_versioning.py                           0           1  0.84s           2026-08-03T15:28:33                       5
================================================================================
[2026-08-03T15:29:30.772+0000] {manager.py:997} INFO - 
================================================================================
DAG File Processing Stats

File Path                              PID    Runtime      # DAGs    # Errors  Last Runtime    Last Run               Last # of DB Queries
-------------------------------------  -----  ---------  --------  ----------  --------------  -------------------  ----------------------
/opt/airflow/dags/1_first_dag.py                                0           1  0.97s           2026-08-03T15:29:05                       5
/opt/airflow/dags/2_dag_versioning.py                           0           1  0.88s           2026-08-03T15:29:05                       5
/opt/airflow/dags/5_XCOMs_kwargs.py                             0           1  0.74s           2026-08-03T15:29:03                       5
/opt/airflow/dags/4_XCOMs_auto.py                               0           1  0.47s           2026-08-03T15:29:03                       5
/opt/airflow/dags/3_operator.py                                 0           1  0.42s           2026-08-03T15:29:04                       5
================================================================================
[2026-08-03T15:30:01.320+0000] {manager.py:997} INFO - 
================================================================================
DAG File Processing Stats

File Path                              PID    Runtime      # DAGs    # Errors  Last Runtime    Last Run               Last # of DB Queries
-------------------------------------  -----  ---------  --------  ----------  --------------  -------------------  ----------------------
/opt/airflow/dags/5_XCOMs_kwargs.py                             0           1  0.75s           2026-08-03T15:29:34                       5
/opt/airflow/dags/4_XCOMs_auto.py                               0           1  0.58s           2026-08-03T15:29:34                       5
/opt/airflow/dags/3_operator.py                                 0           1  0.41s           2026-08-03T15:29:35                       5
/opt/airflow/dags/1_first_dag.py                                0           1  0.24s           2026-08-03T15:29:36                       5
/opt/airflow/dags/2_dag_versioning.py                           0           1  0.22s           2026-08-03T15:29:35                       5
================================================================================
[2026-08-03T15:30:32.240+0000] {manager.py:997} INFO - 
================================================================================
DAG File Processing Stats

File Path                              PID    Runtime      # DAGs    # Errors  Last Runtime    Last Run               Last # of DB Queries
-------------------------------------  -----  ---------  --------  ----------  --------------  -------------------  ----------------------
/opt/airflow/dags/1_first_dag.py                                0           1  0.33s           2026-08-03T15:30:07                       5
/opt/airflow/dags/2_dag_versioning.py                           0           1  0.28s           2026-08-03T15:30:06                       5
/opt/airflow/dags/3_operator.py                                 0           1  0.25s           2026-08-03T15:30:05                       5
/opt/airflow/dags/4_XCOMs_auto.py                               0           1  0.24s           2026-08-03T15:30:05                       5
/opt/airflow/dags/5_XCOMs_kwargs.py                             0           1  0.23s           2026-08-03T15:30:05                       5
================================================================================
[2026-08-03T15:31:02.405+0000] {manager.py:997} INFO - 
================================================================================
DAG File Processing Stats

File Path                              PID    Runtime      # DAGs    # Errors  Last Runtime    Last Run               Last # of DB Queries
-------------------------------------  -----  ---------  --------  ----------  --------------  -------------------  ----------------------
/opt/airflow/dags/4_XCOMs_auto.py                               0           1  0.65s           2026-08-03T15:30:37                       5
/opt/airflow/dags/5_XCOMs_kwargs.py                             0           1  0.59s           2026-08-03T15:30:36                       5
/opt/airflow/dags/2_dag_versioning.py                           0           1  0.31s           2026-08-03T15:30:37                       5
/opt/airflow/dags/3_operator.py                                 0           1  0.31s           2026-08-03T15:30:37                       5
/opt/airflow/dags/1_first_dag.py                                0           1  0.28s           2026-08-03T15:30:38                       5
================================================================================
[2026-08-03T15:31:32.934+0000] {manager.py:997} INFO - 
================================================================================
DAG File Processing Stats

File Path                              PID    Runtime      # DAGs    # Errors  Last Runtime    Last Run               Last # of DB Queries
-------------------------------------  -----  ---------  --------  ----------  --------------  -------------------  ----------------------
/opt/airflow/dags/2_dag_versioning.py                           0           1  0.29s           2026-08-03T15:31:08                       5
/opt/airflow/dags/4_XCOMs_auto.py                               0           1  0.27s           2026-08-03T15:31:07                       5
/opt/airflow/dags/1_first_dag.py                                0           1  0.26s           2026-08-03T15:31:08                       5
/opt/airflow/dags/5_XCOMs_kwargs.py                             0           1  0.25s           2026-08-03T15:31:07                       5
/opt/airflow/dags/3_operator.py                                 0           1  0.20s           2026-08-03T15:31:08                       5
================================================================================
[2026-08-03T15:32:03.782+0000] {manager.py:997} INFO - 
================================================================================
DAG File Processing Stats

File Path                              PID    Runtime      # DAGs    # Errors  Last Runtime    Last Run               Last # of DB Queries
-------------------------------------  -----  ---------  --------  ----------  --------------  -------------------  ----------------------
/opt/airflow/dags/5_XCOMs_kwargs.py                             0           1  0.86s           2026-08-03T15:31:39                       5
/opt/airflow/dags/3_operator.py                                 0           1  0.53s           2026-08-03T15:31:39                       5
/opt/airflow/dags/2_dag_versioning.py                           0           1  0.51s           2026-08-03T15:31:40                       5
/opt/airflow/dags/4_XCOMs_auto.py                               0           1  0.48s           2026-08-03T15:31:38                       5
/opt/airflow/dags/1_first_dag.py                                0           1  0.45s           2026-08-03T15:31:40                       5
================================================================================
[2026-08-03T15:32:34.072+0000] {manager.py:997} INFO - 
================================================================================
DAG File Processing Stats

File Path                              PID    Runtime      # DAGs    # Errors  Last Runtime    Last Run               Last # of DB Queries
-------------------------------------  -----  ---------  --------  ----------  --------------  -------------------  ----------------------
/opt/airflow/dags/2_dag_versioning.py                           0           1  0.83s           2026-08-03T15:32:10                       5
/opt/airflow/dags/4_XCOMs_auto.py                               0           1  0.51s           2026-08-03T15:32:09                       5
/opt/airflow/dags/3_operator.py                                 0           1  0.49s           2026-08-03T15:32:10                       5
/opt/airflow/dags/1_first_dag.py                                0           1  0.41s           2026-08-03T15:32:11                       5
/opt/airflow/dags/5_XCOMs_kwargs.py                             0           1  0.36s           2026-08-03T15:32:09                       5
================================================================================
[2026-08-03T15:32:58.197+0000] {manager.py:821} INFO - Searching for files in /opt/airflow/dags
[2026-08-03T15:32:58.439+0000] {manager.py:824} INFO - There are 5 files in /opt/airflow/dags
[2026-08-03T15:33:04.692+0000] {manager.py:997} INFO - 
================================================================================
DAG File Processing Stats

File Path                              PID    Runtime      # DAGs    # Errors  Last Runtime    Last Run               Last # of DB Queries
-------------------------------------  -----  ---------  --------  ----------  --------------  -------------------  ----------------------
/opt/airflow/dags/4_XCOMs_auto.py                               0           1  0.33s           2026-08-03T15:32:40                       5
/opt/airflow/dags/5_XCOMs_kwargs.py                             0           1  0.32s           2026-08-03T15:32:40                       5
/opt/airflow/dags/2_dag_versioning.py                           0           1  0.21s           2026-08-03T15:32:41                       5
/opt/airflow/dags/1_first_dag.py                                0           1  0.20s           2026-08-03T15:32:41                       5
/opt/airflow/dags/3_operator.py                                 0           1  0.18s           2026-08-03T15:32:40                       5
================================================================================
[2026-08-03T15:33:35.554+0000] {manager.py:997} INFO - 
================================================================================
DAG File Processing Stats

File Path                              PID    Runtime      # DAGs    # Errors  Last Runtime    Last Run               Last # of DB Queries
-------------------------------------  -----  ---------  --------  ----------  --------------  -------------------  ----------------------
/opt/airflow/dags/4_XCOMs_auto.py                               0           1  0.32s           2026-08-03T15:33:10                       5
/opt/airflow/dags/3_operator.py                                 0           1  0.24s           2026-08-03T15:33:10                       5
/opt/airflow/dags/5_XCOMs_kwargs.py                             0           1  0.23s           2026-08-03T15:33:10                       5
/opt/airflow/dags/2_dag_versioning.py                           0           1  0.22s           2026-08-03T15:33:12                       5
/opt/airflow/dags/1_first_dag.py                                0           1  0.21s           2026-08-03T15:33:12                       5
================================================================================
[2026-08-03T15:34:05.890+0000] {manager.py:997} INFO - 
================================================================================
DAG File Processing Stats

File Path                              PID    Runtime      # DAGs    # Errors  Last Runtime    Last Run               Last # of DB Queries
-------------------------------------  -----  ---------  --------  ----------  --------------  -------------------  ----------------------
/opt/airflow/dags/4_XCOMs_auto.py                               0           1  1.11s           2026-08-03T15:33:42                       5
/opt/airflow/dags/5_XCOMs_kwargs.py                             0           1  1.11s           2026-08-03T15:33:42                       5
/opt/airflow/dags/2_dag_versioning.py                           0           1  0.56s           2026-08-03T15:33:43                       5
/opt/airflow/dags/3_operator.py                                 0           1  0.56s           2026-08-03T15:33:42                       5
/opt/airflow/dags/1_first_dag.py                                0           1  0.39s           2026-08-03T15:33:43                       5
================================================================================
[2026-08-03T15:34:36.195+0000] {manager.py:997} INFO - 
================================================================================
DAG File Processing Stats

File Path                              PID    Runtime      # DAGs    # Errors  Last Runtime    Last Run               Last # of DB Queries
-------------------------------------  -----  ---------  --------  ----------  --------------  -------------------  ----------------------
/opt/airflow/dags/4_XCOMs_auto.py                               0           1  0.23s           2026-08-03T15:34:12                       5
/opt/airflow/dags/1_first_dag.py                                0           1  0.22s           2026-08-03T15:34:13                       5
/opt/airflow/dags/5_XCOMs_kwargs.py                             0           1  0.22s           2026-08-03T15:34:12                       5
/opt/airflow/dags/2_dag_versioning.py                           0           1  0.21s           2026-08-03T15:34:13                       5
/opt/airflow/dags/3_operator.py                                 0           1  0.19s           2026-08-03T15:34:13                       5
================================================================================
[2026-08-03T15:35:06.614+0000] {manager.py:997} INFO - 
================================================================================
DAG File Processing Stats

File Path                              PID    Runtime      # DAGs    # Errors  Last Runtime    Last Run               Last # of DB Queries
-------------------------------------  -----  ---------  --------  ----------  --------------  -------------------  ----------------------
/opt/airflow/dags/5_XCOMs_kwargs.py                             0           1  0.23s           2026-08-03T15:34:42                       5
/opt/airflow/dags/3_operator.py                                 0           1  0.23s           2026-08-03T15:34:44                       5
/opt/airflow/dags/1_first_dag.py                                0           1  0.22s           2026-08-03T15:34:44                       5
/opt/airflow/dags/4_XCOMs_auto.py                               0           1  0.20s           2026-08-03T15:34:42                       5
/opt/airflow/dags/2_dag_versioning.py                           0           1  0.18s           2026-08-03T15:34:44                       5
================================================================================
[2026-08-03T15:35:37.091+0000] {manager.py:997} INFO - 
================================================================================
DAG File Processing Stats

File Path                              PID    Runtime      # DAGs    # Errors  Last Runtime    Last Run               Last # of DB Queries
-------------------------------------  -----  ---------  --------  ----------  --------------  -------------------  ----------------------
/opt/airflow/dags/2_dag_versioning.py                           0           1  0.36s           2026-08-03T15:35:14                       5
/opt/airflow/dags/4_XCOMs_auto.py                               0           1  0.29s           2026-08-03T15:35:14                       5
/opt/airflow/dags/1_first_dag.py                                0           1  0.25s           2026-08-03T15:35:14                       5
/opt/airflow/dags/5_XCOMs_kwargs.py                             0           1  0.24s           2026-08-03T15:35:14                       5
/opt/airflow/dags/3_operator.py                                 0           1  0.20s           2026-08-03T15:35:14                       5
================================================================================
[2026-08-03T15:36:07.718+0000] {manager.py:997} INFO - 
================================================================================
DAG File Processing Stats

File Path                              PID    Runtime      # DAGs    # Errors  Last Runtime    Last Run               Last # of DB Queries
-------------------------------------  -----  ---------  --------  ----------  --------------  -------------------  ----------------------
/opt/airflow/dags/5_XCOMs_kwargs.py                             0           1  0.29s           2026-08-03T15:35:44                       5
/opt/airflow/dags/1_first_dag.py                                0           1  0.22s           2026-08-03T15:35:45                       5
/opt/airflow/dags/2_dag_versioning.py                           0           1  0.22s           2026-08-03T15:35:45                       5
/opt/airflow/dags/4_XCOMs_auto.py                               0           1  0.21s           2026-08-03T15:35:44                       5
/opt/airflow/dags/3_operator.py                                 0           1  0.20s           2026-08-03T15:35:44                       5
================================================================================
[2026-08-03T15:36:38.049+0000] {manager.py:997} INFO - 
================================================================================
DAG File Processing Stats

File Path                              PID    Runtime      # DAGs    # Errors  Last Runtime    Last Run               Last # of DB Queries
-------------------------------------  -----  ---------  --------  ----------  --------------  -------------------  ----------------------
/opt/airflow/dags/1_first_dag.py                                0           1  0.57s           2026-08-03T15:36:16                       5
/opt/airflow/dags/2_dag_versioning.py                           0           1  0.50s           2026-08-03T15:36:16                       5
/opt/airflow/dags/3_operator.py                                 0           1  0.30s           2026-08-03T15:36:15                       5
/opt/airflow/dags/4_XCOMs_auto.py                               0           1  0.26s           2026-08-03T15:36:15                       5
/opt/airflow/dags/5_XCOMs_kwargs.py                             0           1  0.25s           2026-08-03T15:36:15                       5
================================================================================
[2026-08-03T15:36:50.380+0000] {manager.py:465} INFO - Exiting gracefully upon receiving signal 15
[2026-08-03T15:45:35.136+0000] {manager.py:483} INFO - Processing files using up to 2 processes at a time 
[2026-08-03T15:45:35.151+0000] {manager.py:484} INFO - Process each file at most once every 30 seconds
[2026-08-03T15:45:35.170+0000] {manager.py:485} INFO - Checking for new files in /opt/airflow/dags every 300 seconds
[2026-08-03T15:45:35.177+0000] {manager.py:821} INFO - Searching for files in /opt/airflow/dags
[2026-08-03T15:45:35.811+0000] {manager.py:824} INFO - There are 5 files in /opt/airflow/dags
[2026-08-03T15:45:36.984+0000] {manager.py:997} INFO - 
================================================================================
DAG File Processing Stats

File Path                                PID  Runtime      # DAGs    # Errors  Last Runtime    Last Run      Last # of DB Queries
-------------------------------------  -----  ---------  --------  ----------  --------------  ----------  ----------------------
/opt/airflow/dags/1_first_dag.py                                0           0                                                   0
/opt/airflow/dags/2_dag_versioning.py                           0           0                                                   0
/opt/airflow/dags/3_operator.py                                 0           0                                                   0
/opt/airflow/dags/4_XCOMs_auto.py        213  0.36s             0           0                                                   0
/opt/airflow/dags/5_XCOMs_kwargs.py      210  0.63s             0           0                                                   0
================================================================================
[2026-08-03T15:46:07.115+0000] {manager.py:997} INFO - 
================================================================================
DAG File Processing Stats

File Path                              PID    Runtime      # DAGs    # Errors  Last Runtime    Last Run               Last # of DB Queries
-------------------------------------  -----  ---------  --------  ----------  --------------  -------------------  ----------------------
/opt/airflow/dags/5_XCOMs_kwargs.py                             0           1  1.03s           2026-08-03T15:45:37                       5
/opt/airflow/dags/4_XCOMs_auto.py                               0           1  1.02s           2026-08-03T15:45:37                       5
/opt/airflow/dags/1_first_dag.py                                0           1  0.87s           2026-08-03T15:45:38                       5
/opt/airflow/dags/2_dag_versioning.py                           0           1  0.77s           2026-08-03T15:45:38                       5
/opt/airflow/dags/3_operator.py                                 0           1  0.37s           2026-08-03T15:45:37                       5
================================================================================
[2026-08-03T15:46:37.593+0000] {manager.py:997} INFO - 
================================================================================
DAG File Processing Stats

File Path                              PID    Runtime      # DAGs    # Errors  Last Runtime    Last Run               Last # of DB Queries
-------------------------------------  -----  ---------  --------  ----------  --------------  -------------------  ----------------------
/opt/airflow/dags/4_XCOMs_auto.py                               0           1  0.75s           2026-08-03T15:46:08                       5
/opt/airflow/dags/5_XCOMs_kwargs.py                             0           1  0.43s           2026-08-03T15:46:08                       5
/opt/airflow/dags/3_operator.py                                 0           1  0.39s           2026-08-03T15:46:09                       5
/opt/airflow/dags/2_dag_versioning.py                           0           1  0.36s           2026-08-03T15:46:09                       5
/opt/airflow/dags/1_first_dag.py                                0           1  0.34s           2026-08-03T15:46:09                       5
================================================================================
[2026-08-03T15:46:41.953+0000] {manager.py:465} INFO - Exiting gracefully upon receiving signal 15
[2026-08-03T15:46:41.968+0000] {manager.py:465} INFO - Exiting gracefully upon receiving signal 15
[2026-08-03T15:46:43.836+0000] {manager.py:465} INFO - Exiting gracefully upon receiving signal 15
