{"timestamp":"2026-08-03T05:41:00.489981Z","level":"info","event":"Filling up the DagBag from /opt/airflow/dags/1_first_dag.py","logger":"airflow.dag_processing.dagbag.BundleDagBag","filename":"dagbag.py","lineno":460}
{"timestamp":"2026-08-03T05:41:03.944483Z","level":"info","event":"Filling up the DagBag from /opt/airflow/dags/1_first_dag.py","logger":"airflow.dag_processing.dagbag.BundleDagBag","filename":"dagbag.py","lineno":460}
{"timestamp":"2026-08-03T05:41:13.925340Z","level":"info","event":"Filling up the DagBag from /opt/airflow/dags/1_first_dag.py","logger":"airflow.dag_processing.dagbag.BundleDagBag","filename":"dagbag.py","lineno":460}
{"timestamp":"2026-08-03T05:41:20.270607Z","level":"info","event":"Filling up the DagBag from /opt/airflow/dags/1_first_dag.py","logger":"airflow.dag_processing.dagbag.BundleDagBag","filename":"dagbag.py","lineno":460}
{"timestamp":"2026-08-03T05:41:23.708145Z","level":"info","event":"Filling up the DagBag from /opt/airflow/dags/1_first_dag.py","logger":"airflow.dag_processing.dagbag.BundleDagBag","filename":"dagbag.py","lineno":460}
{"timestamp":"2026-08-03T05:41:28.999297Z","level":"info","event":"Filling up the DagBag from /opt/airflow/dags/1_first_dag.py","logger":"airflow.dag_processing.dagbag.BundleDagBag","filename":"dagbag.py","lineno":460}
{"timestamp":"2026-08-03T05:41:35.379620Z","level":"info","event":"Filling up the DagBag from /opt/airflow/dags/1_first_dag.py","logger":"airflow.dag_processing.dagbag.BundleDagBag","filename":"dagbag.py","lineno":460}
{"timestamp":"2026-08-03T05:41:38.780267Z","level":"info","event":"Filling up the DagBag from /opt/airflow/dags/1_first_dag.py","logger":"airflow.dag_processing.dagbag.BundleDagBag","filename":"dagbag.py","lineno":460}
{"timestamp":"2026-08-03T05:41:47.147841Z","level":"info","event":"Filling up the DagBag from /opt/airflow/dags/1_first_dag.py","logger":"airflow.dag_processing.dagbag.BundleDagBag","filename":"dagbag.py","lineno":460}
{"timestamp":"2026-08-03T05:41:53.523944Z","level":"info","event":"Filling up the DagBag from /opt/airflow/dags/1_first_dag.py","logger":"airflow.dag_processing.dagbag.BundleDagBag","filename":"dagbag.py","lineno":460}
{"timestamp":"2026-08-03T05:41:55.779112Z","level":"info","event":"Filling up the DagBag from /opt/airflow/dags/1_first_dag.py","logger":"airflow.dag_processing.dagbag.BundleDagBag","filename":"dagbag.py","lineno":460}
{"timestamp":"2026-08-03T05:42:01.217616Z","level":"info","event":"Filling up the DagBag from /opt/airflow/dags/1_first_dag.py","logger":"airflow.dag_processing.dagbag.BundleDagBag","filename":"dagbag.py","lineno":460}
{"timestamp":"2026-08-03T05:42:04.510463Z","level":"info","event":"Filling up the DagBag from /opt/airflow/dags/1_first_dag.py","logger":"airflow.dag_processing.dagbag.BundleDagBag","filename":"dagbag.py","lineno":460}
{"timestamp":"2026-08-03T05:42:07.758511Z","level":"info","event":"Filling up the DagBag from /opt/airflow/dags/1_first_dag.py","logger":"airflow.dag_processing.dagbag.BundleDagBag","filename":"dagbag.py","lineno":460}
{"timestamp":"2026-08-03T05:42:08.926728Z","level":"info","event":"Filling up the DagBag from /opt/airflow/dags/1_first_dag.py","logger":"airflow.dag_processing.dagbag.BundleDagBag","filename":"dagbag.py","lineno":460}
{"timestamp":"2026-08-03T05:42:11.123534Z","level":"info","event":"Filling up the DagBag from /opt/airflow/dags/1_first_dag.py","logger":"airflow.dag_processing.dagbag.BundleDagBag","filename":"dagbag.py","lineno":460}
{"timestamp":"2026-08-03T05:42:13.215165Z","level":"info","event":"Filling up the DagBag from /opt/airflow/dags/1_first_dag.py","logger":"airflow.dag_processing.dagbag.BundleDagBag","filename":"dagbag.py","lineno":460}
{"timestamp":"2026-08-03T05:42:15.599142Z","level":"info","event":"Filling up the DagBag from /opt/airflow/dags/1_first_dag.py","logger":"airflow.dag_processing.dagbag.BundleDagBag","filename":"dagbag.py","lineno":460}
{"timestamp":"2026-08-03T05:42:19.373093Z","level":"info","event":"Filling up the DagBag from /opt/airflow/dags/1_first_dag.py","logger":"airflow.dag_processing.dagbag.BundleDagBag","filename":"dagbag.py","lineno":460}
{"timestamp":"2026-08-03T05:42:19.405255Z","level":"error","event":"Failed to import: /opt/airflow/dags/1_first_dag.py","logger":"airflow.dag_processing.importers.python_importer","filename":"python_importer.py","lineno":244,"error_detail":[{"exc_type":"SyntaxError","exc_value":"invalid syntax (1_first_dag.py, line 22)","exc_notes":[],"syntax_error":{"offset":14,"filename":"/opt/airflow/dags/1_first_dag.py","line":"    first >> \n","lineno":22,"msg":"invalid syntax"},"is_cause":false,"frames":[{"filename":"/home/airflow/.local/lib/python3.13/site-packages/airflow/dag_processing/importers/python_importer.py","lineno":238,"name":"parse"},{"filename":"<frozen importlib._bootstrap_external>","lineno":1019,"name":"exec_module"},{"filename":"<frozen importlib._bootstrap_external>","lineno":1157,"name":"get_code"},{"filename":"<frozen importlib._bootstrap_external>","lineno":1087,"name":"source_to_code"},{"filename":"<frozen importlib._bootstrap>","lineno":488,"name":"_call_with_frames_removed"}],"is_group":false,"exceptions":[]}]}
{"timestamp":"2026-08-03T05:42:19.421936Z","level":"error","event":"Error loading DAG from 1_first_dag.py: invalid syntax (1_first_dag.py, line 22)","logger":"airflow.dag_processing.dagbag.BundleDagBag","filename":"dagbag.py","lineno":319}
{"timestamp":"2026-08-03T05:42:19.606013Z","level":"info","event":"Filling up the DagBag from /opt/airflow/dags/1_first_dag.py","logger":"airflow.dag_processing.dagbag.BundleDagBag","filename":"dagbag.py","lineno":460}
{"timestamp":"2026-08-03T05:42:19.646308Z","level":"error","event":"Failed to import: /opt/airflow/dags/1_first_dag.py","logger":"airflow.dag_processing.importers.python_importer","filename":"python_importer.py","lineno":244,"error_detail":[{"exc_type":"SyntaxError","exc_value":"invalid syntax (1_first_dag.py, line 22)","exc_notes":[],"syntax_error":{"offset":14,"filename":"/opt/airflow/dags/1_first_dag.py","line":"    first >> \n","lineno":22,"msg":"invalid syntax"},"is_cause":false,"frames":[{"filename":"/home/airflow/.local/lib/python3.13/site-packages/airflow/dag_processing/importers/python_importer.py","lineno":238,"name":"parse"},{"filename":"<frozen importlib._bootstrap_external>","lineno":1019,"name":"exec_module"},{"filename":"<frozen importlib._bootstrap_external>","lineno":1157,"name":"get_code"},{"filename":"<frozen importlib._bootstrap_external>","lineno":1087,"name":"source_to_code"},{"filename":"<frozen importlib._bootstrap>","lineno":488,"name":"_call_with_frames_removed"}],"is_group":false,"exceptions":[]}]}
{"timestamp":"2026-08-03T05:42:19.649575Z","level":"error","event":"Error loading DAG from 1_first_dag.py: invalid syntax (1_first_dag.py, line 22)","logger":"airflow.dag_processing.dagbag.BundleDagBag","filename":"dagbag.py","lineno":319}
{"timestamp":"2026-08-03T05:42:19.831365Z","level":"info","event":"Filling up the DagBag from /opt/airflow/dags/1_first_dag.py","logger":"airflow.dag_processing.dagbag.BundleDagBag","filename":"dagbag.py","lineno":460}
{"timestamp":"2026-08-03T05:42:19.858402Z","level":"error","event":"Failed to import: /opt/airflow/dags/1_first_dag.py","logger":"airflow.dag_processing.importers.python_importer","filename":"python_importer.py","lineno":244,"error_detail":[{"exc_type":"SyntaxError","exc_value":"invalid syntax (1_first_dag.py, line 22)","exc_notes":[],"syntax_error":{"offset":14,"filename":"/opt/airflow/dags/1_first_dag.py","line":"    first >> \n","lineno":22,"msg":"invalid syntax"},"is_cause":false,"frames":[{"filename":"/home/airflow/.local/lib/python3.13/site-packages/airflow/dag_processing/importers/python_importer.py","lineno":238,"name":"parse"},{"filename":"<frozen importlib._bootstrap_external>","lineno":1019,"name":"exec_module"},{"filename":"<frozen importlib._bootstrap_external>","lineno":1157,"name":"get_code"},{"filename":"<frozen importlib._bootstrap_external>","lineno":1087,"name":"source_to_code"},{"filename":"<frozen importlib._bootstrap>","lineno":488,"name":"_call_with_frames_removed"}],"is_group":false,"exceptions":[]}]}
{"timestamp":"2026-08-03T05:42:19.860655Z","level":"error","event":"Error loading DAG from 1_first_dag.py: invalid syntax (1_first_dag.py, line 22)","logger":"airflow.dag_processing.dagbag.BundleDagBag","filename":"dagbag.py","lineno":319}
{"timestamp":"2026-08-03T05:42:19.988170Z","level":"info","event":"Filling up the DagBag from /opt/airflow/dags/1_first_dag.py","logger":"airflow.dag_processing.dagbag.BundleDagBag","filename":"dagbag.py","lineno":460}
{"timestamp":"2026-08-03T05:42:20.022332Z","level":"error","event":"Failed to import: /opt/airflow/dags/1_first_dag.py","logger":"airflow.dag_processing.importers.python_importer","filename":"python_importer.py","lineno":244,"error_detail":[{"exc_type":"SyntaxError","exc_value":"invalid syntax (1_first_dag.py, line 22)","exc_notes":[],"syntax_error":{"offset":14,"filename":"/opt/airflow/dags/1_first_dag.py","line":"    first >> \n","lineno":22,"msg":"invalid syntax"},"is_cause":false,"frames":[{"filename":"/home/airflow/.local/lib/python3.13/site-packages/airflow/dag_processing/importers/python_importer.py","lineno":238,"name":"parse"},{"filename":"<frozen importlib._bootstrap_external>","lineno":1019,"name":"exec_module"},{"filename":"<frozen importlib._bootstrap_external>","lineno":1157,"name":"get_code"},{"filename":"<frozen importlib._bootstrap_external>","lineno":1087,"name":"source_to_code"},{"filename":"<frozen importlib._bootstrap>","lineno":488,"name":"_call_with_frames_removed"}],"is_group":false,"exceptions":[]}]}
{"timestamp":"2026-08-03T05:42:20.024915Z","level":"error","event":"Error loading DAG from 1_first_dag.py: invalid syntax (1_first_dag.py, line 22)","logger":"airflow.dag_processing.dagbag.BundleDagBag","filename":"dagbag.py","lineno":319}
{"timestamp":"2026-08-03T05:42:23.166057Z","level":"info","event":"Filling up the DagBag from /opt/airflow/dags/1_first_dag.py","logger":"airflow.dag_processing.dagbag.BundleDagBag","filename":"dagbag.py","lineno":460}
{"timestamp":"2026-08-03T05:42:27.527175Z","level":"info","event":"Filling up the DagBag from /opt/airflow/dags/1_first_dag.py","logger":"airflow.dag_processing.dagbag.BundleDagBag","filename":"dagbag.py","lineno":460}
{"timestamp":"2026-08-03T05:42:27.734179Z","level":"info","event":"Filling up the DagBag from /opt/airflow/dags/1_first_dag.py","logger":"airflow.dag_processing.dagbag.BundleDagBag","filename":"dagbag.py","lineno":460}
{"timestamp":"2026-08-03T05:42:27.934014Z","level":"info","event":"Filling up the DagBag from /opt/airflow/dags/1_first_dag.py","logger":"airflow.dag_processing.dagbag.BundleDagBag","filename":"dagbag.py","lineno":460}
{"timestamp":"2026-08-03T05:42:28.118599Z","level":"info","event":"Filling up the DagBag from /opt/airflow/dags/1_first_dag.py","logger":"airflow.dag_processing.dagbag.BundleDagBag","filename":"dagbag.py","lineno":460}
{"timestamp":"2026-08-03T05:42:29.290622Z","level":"info","event":"Filling up the DagBag from /opt/airflow/dags/1_first_dag.py","logger":"airflow.dag_processing.dagbag.BundleDagBag","filename":"dagbag.py","lineno":460}
{"timestamp":"2026-08-03T05:42:29.461730Z","level":"info","event":"Filling up the DagBag from /opt/airflow/dags/1_first_dag.py","logger":"airflow.dag_processing.dagbag.BundleDagBag","filename":"dagbag.py","lineno":460}
{"timestamp":"2026-08-03T05:42:29.576313Z","level":"info","event":"Filling up the DagBag from /opt/airflow/dags/1_first_dag.py","logger":"airflow.dag_processing.dagbag.BundleDagBag","filename":"dagbag.py","lineno":460}
{"timestamp":"2026-08-03T05:42:29.746074Z","level":"info","event":"Filling up the DagBag from /opt/airflow/dags/1_first_dag.py","logger":"airflow.dag_processing.dagbag.BundleDagBag","filename":"dagbag.py","lineno":460}
{"timestamp":"2026-08-03T05:42:29.863553Z","level":"info","event":"Filling up the DagBag from /opt/airflow/dags/1_first_dag.py","logger":"airflow.dag_processing.dagbag.BundleDagBag","filename":"dagbag.py","lineno":460}
{"timestamp":"2026-08-03T05:42:29.999727Z","level":"info","event":"Filling up the DagBag from /opt/airflow/dags/1_first_dag.py","logger":"airflow.dag_processing.dagbag.BundleDagBag","filename":"dagbag.py","lineno":460}
{"timestamp":"2026-08-03T05:42:30.121058Z","level":"info","event":"Filling up the DagBag from /opt/airflow/dags/1_first_dag.py","logger":"airflow.dag_processing.dagbag.BundleDagBag","filename":"dagbag.py","lineno":460}
{"timestamp":"2026-08-03T05:42:30.233703Z","level":"info","event":"Filling up the DagBag from /opt/airflow/dags/1_first_dag.py","logger":"airflow.dag_processing.dagbag.BundleDagBag","filename":"dagbag.py","lineno":460}
{"timestamp":"2026-08-03T05:42:30.369993Z","level":"info","event":"Filling up the DagBag from /opt/airflow/dags/1_first_dag.py","logger":"airflow.dag_processing.dagbag.BundleDagBag","filename":"dagbag.py","lineno":460}
{"timestamp":"2026-08-03T05:42:30.497481Z","level":"info","event":"Filling up the DagBag from /opt/airflow/dags/1_first_dag.py","logger":"airflow.dag_processing.dagbag.BundleDagBag","filename":"dagbag.py","lineno":460}
{"timestamp":"2026-08-03T05:42:30.624339Z","level":"info","event":"Filling up the DagBag from /opt/airflow/dags/1_first_dag.py","logger":"airflow.dag_processing.dagbag.BundleDagBag","filename":"dagbag.py","lineno":460}
{"timestamp":"2026-08-03T05:42:30.756530Z","level":"info","event":"Filling up the DagBag from /opt/airflow/dags/1_first_dag.py","logger":"airflow.dag_processing.dagbag.BundleDagBag","filename":"dagbag.py","lineno":460}
{"timestamp":"2026-08-03T05:42:30.911600Z","level":"info","event":"Filling up the DagBag from /opt/airflow/dags/1_first_dag.py","logger":"airflow.dag_processing.dagbag.BundleDagBag","filename":"dagbag.py","lineno":460}
{"timestamp":"2026-08-03T05:42:31.026399Z","level":"info","event":"Filling up the DagBag from /opt/airflow/dags/1_first_dag.py","logger":"airflow.dag_processing.dagbag.BundleDagBag","filename":"dagbag.py","lineno":460}
{"timestamp":"2026-08-03T05:42:31.170552Z","level":"info","event":"Filling up the DagBag from /opt/airflow/dags/1_first_dag.py","logger":"airflow.dag_processing.dagbag.BundleDagBag","filename":"dagbag.py","lineno":460}
{"timestamp":"2026-08-03T05:42:31.339738Z","level":"info","event":"Filling up the DagBag from /opt/airflow/dags/1_first_dag.py","logger":"airflow.dag_processing.dagbag.BundleDagBag","filename":"dagbag.py","lineno":460}
{"timestamp":"2026-08-03T05:42:32.347533Z","level":"info","event":"Filling up the DagBag from /opt/airflow/dags/1_first_dag.py","logger":"airflow.dag_processing.dagbag.BundleDagBag","filename":"dagbag.py","lineno":460}
{"timestamp":"2026-08-03T05:42:32.568320Z","level":"error","event":"Failed to import: /opt/airflow/dags/1_first_dag.py","logger":"airflow.dag_processing.importers.python_importer","filename":"python_importer.py","lineno":244,"error_detail":[{"exc_type":"NameError","exc_value":"name 'fir' is not defined","exc_notes":[],"syntax_error":null,"is_cause":false,"frames":[{"filename":"/home/airflow/.local/lib/python3.13/site-packages/airflow/dag_processing/importers/python_importer.py","lineno":238,"name":"parse"},{"filename":"<frozen importlib._bootstrap_external>","lineno":1023,"name":"exec_module"},{"filename":"<frozen importlib._bootstrap>","lineno":488,"name":"_call_with_frames_removed"},{"filename":"/opt/airflow/dags/1_first_dag.py","lineno":24,"name":"<module>"}],"is_group":false,"exceptions":[]}]}
{"timestamp":"2026-08-03T05:42:32.585460Z","level":"error","event":"Error loading DAG from 1_first_dag.py: name 'fir' is not defined","logger":"airflow.dag_processing.dagbag.BundleDagBag","filename":"dagbag.py","lineno":319}
{"timestamp":"2026-08-03T05:42:32.722193Z","level":"info","event":"Filling up the DagBag from /opt/airflow/dags/1_first_dag.py","logger":"airflow.dag_processing.dagbag.BundleDagBag","filename":"dagbag.py","lineno":460}
{"timestamp":"2026-08-03T05:42:32.813082Z","level":"error","event":"Failed to import: /opt/airflow/dags/1_first_dag.py","logger":"airflow.dag_processing.importers.python_importer","filename":"python_importer.py","lineno":244,"error_detail":[{"exc_type":"NameError","exc_value":"name 'fir' is not defined","exc_notes":[],"syntax_error":null,"is_cause":false,"frames":[{"filename":"/home/airflow/.local/lib/python3.13/site-packages/airflow/dag_processing/importers/python_importer.py","lineno":238,"name":"parse"},{"filename":"<frozen importlib._bootstrap_external>","lineno":1023,"name":"exec_module"},{"filename":"<frozen importlib._bootstrap>","lineno":488,"name":"_call_with_frames_removed"},{"filename":"/opt/airflow/dags/1_first_dag.py","lineno":24,"name":"<module>"}],"is_group":false,"exceptions":[]}]}
{"timestamp":"2026-08-03T05:42:32.823613Z","level":"error","event":"Error loading DAG from 1_first_dag.py: name 'fir' is not defined","logger":"airflow.dag_processing.dagbag.BundleDagBag","filename":"dagbag.py","lineno":319}
{"timestamp":"2026-08-03T05:42:32.962342Z","level":"info","event":"Filling up the DagBag from /opt/airflow/dags/1_first_dag.py","logger":"airflow.dag_processing.dagbag.BundleDagBag","filename":"dagbag.py","lineno":460}
{"timestamp":"2026-08-03T05:42:33.036047Z","level":"error","event":"Failed to import: /opt/airflow/dags/1_first_dag.py","logger":"airflow.dag_processing.importers.python_importer","filename":"python_importer.py","lineno":244,"error_detail":[{"exc_type":"NameError","exc_value":"name 'fir' is not defined","exc_notes":[],"syntax_error":null,"is_cause":false,"frames":[{"filename":"/home/airflow/.local/lib/python3.13/site-packages/airflow/dag_processing/importers/python_importer.py","lineno":238,"name":"parse"},{"filename":"<frozen importlib._bootstrap_external>","lineno":1023,"name":"exec_module"},{"filename":"<frozen importlib._bootstrap>","lineno":488,"name":"_call_with_frames_removed"},{"filename":"/opt/airflow/dags/1_first_dag.py","lineno":24,"name":"<module>"}],"is_group":false,"exceptions":[]}]}
{"timestamp":"2026-08-03T05:42:33.046597Z","level":"error","event":"Error loading DAG from 1_first_dag.py: name 'fir' is not defined","logger":"airflow.dag_processing.dagbag.BundleDagBag","filename":"dagbag.py","lineno":319}
{"timestamp":"2026-08-03T05:42:33.194667Z","level":"info","event":"Filling up the DagBag from /opt/airflow/dags/1_first_dag.py","logger":"airflow.dag_processing.dagbag.BundleDagBag","filename":"dagbag.py","lineno":460}
{"timestamp":"2026-08-03T05:42:33.263863Z","level":"error","event":"Failed to import: /opt/airflow/dags/1_first_dag.py","logger":"airflow.dag_processing.importers.python_importer","filename":"python_importer.py","lineno":244,"error_detail":[{"exc_type":"NameError","exc_value":"name 'fir' is not defined","exc_notes":[],"syntax_error":null,"is_cause":false,"frames":[{"filename":"/home/airflow/.local/lib/python3.13/site-packages/airflow/dag_processing/importers/python_importer.py","lineno":238,"name":"parse"},{"filename":"<frozen importlib._bootstrap_external>","lineno":1023,"name":"exec_module"},{"filename":"<frozen importlib._bootstrap>","lineno":488,"name":"_call_with_frames_removed"},{"filename":"/opt/airflow/dags/1_first_dag.py","lineno":24,"name":"<module>"}],"is_group":false,"exceptions":[]}]}
{"timestamp":"2026-08-03T05:42:33.277887Z","level":"error","event":"Error loading DAG from 1_first_dag.py: name 'fir' is not defined","logger":"airflow.dag_processing.dagbag.BundleDagBag","filename":"dagbag.py","lineno":319}
{"timestamp":"2026-08-03T05:42:33.412710Z","level":"info","event":"Filling up the DagBag from /opt/airflow/dags/1_first_dag.py","logger":"airflow.dag_processing.dagbag.BundleDagBag","filename":"dagbag.py","lineno":460}
{"timestamp":"2026-08-03T05:42:33.519199Z","level":"error","event":"Failed to import: /opt/airflow/dags/1_first_dag.py","logger":"airflow.dag_processing.importers.python_importer","filename":"python_importer.py","lineno":244,"error_detail":[{"exc_type":"NameError","exc_value":"name 'fir' is not defined","exc_notes":[],"syntax_error":null,"is_cause":false,"frames":[{"filename":"/home/airflow/.local/lib/python3.13/site-packages/airflow/dag_processing/importers/python_importer.py","lineno":238,"name":"parse"},{"filename":"<frozen importlib._bootstrap_external>","lineno":1023,"name":"exec_module"},{"filename":"<frozen importlib._bootstrap>","lineno":488,"name":"_call_with_frames_removed"},{"filename":"/opt/airflow/dags/1_first_dag.py","lineno":24,"name":"<module>"}],"is_group":false,"exceptions":[]}]}
{"timestamp":"2026-08-03T05:42:33.528778Z","level":"error","event":"Error loading DAG from 1_first_dag.py: name 'fir' is not defined","logger":"airflow.dag_processing.dagbag.BundleDagBag","filename":"dagbag.py","lineno":319}
{"timestamp":"2026-08-03T05:42:33.650802Z","level":"info","event":"Filling up the DagBag from /opt/airflow/dags/1_first_dag.py","logger":"airflow.dag_processing.dagbag.BundleDagBag","filename":"dagbag.py","lineno":460}
{"timestamp":"2026-08-03T05:42:33.724076Z","level":"error","event":"Failed to import: /opt/airflow/dags/1_first_dag.py","logger":"airflow.dag_processing.importers.python_importer","filename":"python_importer.py","lineno":244,"error_detail":[{"exc_type":"NameError","exc_value":"name 'fir' is not defined","exc_notes":[],"syntax_error":null,"is_cause":false,"frames":[{"filename":"/home/airflow/.local/lib/python3.13/site-packages/airflow/dag_processing/importers/python_importer.py","lineno":238,"name":"parse"},{"filename":"<frozen importlib._bootstrap_external>","lineno":1023,"name":"exec_module"},{"filename":"<frozen importlib._bootstrap>","lineno":488,"name":"_call_with_frames_removed"},{"filename":"/opt/airflow/dags/1_first_dag.py","lineno":24,"name":"<module>"}],"is_group":false,"exceptions":[]}]}
{"timestamp":"2026-08-03T05:42:33.732708Z","level":"error","event":"Error loading DAG from 1_first_dag.py: name 'fir' is not defined","logger":"airflow.dag_processing.dagbag.BundleDagBag","filename":"dagbag.py","lineno":319}
{"timestamp":"2026-08-03T05:42:33.867739Z","level":"info","event":"Filling up the DagBag from /opt/airflow/dags/1_first_dag.py","logger":"airflow.dag_processing.dagbag.BundleDagBag","filename":"dagbag.py","lineno":460}
{"timestamp":"2026-08-03T05:42:33.947642Z","level":"error","event":"Failed to import: /opt/airflow/dags/1_first_dag.py","logger":"airflow.dag_processing.importers.python_importer","filename":"python_importer.py","lineno":244,"error_detail":[{"exc_type":"NameError","exc_value":"name 'fir' is not defined","exc_notes":[],"syntax_error":null,"is_cause":false,"frames":[{"filename":"/home/airflow/.local/lib/python3.13/site-packages/airflow/dag_processing/importers/python_importer.py","lineno":238,"name":"parse"},{"filename":"<frozen importlib._bootstrap_external>","lineno":1023,"name":"exec_module"},{"filename":"<frozen importlib._bootstrap>","lineno":488,"name":"_call_with_frames_removed"},{"filename":"/opt/airflow/dags/1_first_dag.py","lineno":24,"name":"<module>"}],"is_group":false,"exceptions":[]}]}
{"timestamp":"2026-08-03T05:42:33.954193Z","level":"error","event":"Error loading DAG from 1_first_dag.py: name 'fir' is not defined","logger":"airflow.dag_processing.dagbag.BundleDagBag","filename":"dagbag.py","lineno":319}
{"timestamp":"2026-08-03T05:42:34.041993Z","level":"info","event":"Filling up the DagBag from /opt/airflow/dags/1_first_dag.py","logger":"airflow.dag_processing.dagbag.BundleDagBag","filename":"dagbag.py","lineno":460}
{"timestamp":"2026-08-03T05:42:34.097662Z","level":"error","event":"Failed to import: /opt/airflow/dags/1_first_dag.py","logger":"airflow.dag_processing.importers.python_importer","filename":"python_importer.py","lineno":244,"error_detail":[{"exc_type":"NameError","exc_value":"name 'fir' is not defined","exc_notes":[],"syntax_error":null,"is_cause":false,"frames":[{"filename":"/home/airflow/.local/lib/python3.13/site-packages/airflow/dag_processing/importers/python_importer.py","lineno":238,"name":"parse"},{"filename":"<frozen importlib._bootstrap_external>","lineno":1023,"name":"exec_module"},{"filename":"<frozen importlib._bootstrap>","lineno":488,"name":"_call_with_frames_removed"},{"filename":"/opt/airflow/dags/1_first_dag.py","lineno":24,"name":"<module>"}],"is_group":false,"exceptions":[]}]}
{"timestamp":"2026-08-03T05:42:34.104602Z","level":"error","event":"Error loading DAG from 1_first_dag.py: name 'fir' is not defined","logger":"airflow.dag_processing.dagbag.BundleDagBag","filename":"dagbag.py","lineno":319}
{"timestamp":"2026-08-03T05:42:34.190970Z","level":"info","event":"Filling up the DagBag from /opt/airflow/dags/1_first_dag.py","logger":"airflow.dag_processing.dagbag.BundleDagBag","filename":"dagbag.py","lineno":460}
{"timestamp":"2026-08-03T05:42:34.239697Z","level":"error","event":"Failed to import: /opt/airflow/dags/1_first_dag.py","logger":"airflow.dag_processing.importers.python_importer","filename":"python_importer.py","lineno":244,"error_detail":[{"exc_type":"NameError","exc_value":"name 'fir' is not defined","exc_notes":[],"syntax_error":null,"is_cause":false,"frames":[{"filename":"/home/airflow/.local/lib/python3.13/site-packages/airflow/dag_processing/importers/python_importer.py","lineno":238,"name":"parse"},{"filename":"<frozen importlib._bootstrap_external>","lineno":1023,"name":"exec_module"},{"filename":"<frozen importlib._bootstrap>","lineno":488,"name":"_call_with_frames_removed"},{"filename":"/opt/airflow/dags/1_first_dag.py","lineno":24,"name":"<module>"}],"is_group":false,"exceptions":[]}]}
{"timestamp":"2026-08-03T05:42:34.248066Z","level":"error","event":"Error loading DAG from 1_first_dag.py: name 'fir' is not defined","logger":"airflow.dag_processing.dagbag.BundleDagBag","filename":"dagbag.py","lineno":319}
{"timestamp":"2026-08-03T05:42:35.357951Z","level":"info","event":"Filling up the DagBag from /opt/airflow/dags/1_first_dag.py","logger":"airflow.dag_processing.dagbag.BundleDagBag","filename":"dagbag.py","lineno":460}
{"timestamp":"2026-08-03T05:42:38.667568Z","level":"info","event":"Filling up the DagBag from /opt/airflow/dags/1_first_dag.py","logger":"airflow.dag_processing.dagbag.BundleDagBag","filename":"dagbag.py","lineno":460}
{"timestamp":"2026-08-03T05:42:39.375125Z","level":"info","event":"Filling up the DagBag from /opt/airflow/dags/1_first_dag.py","logger":"airflow.dag_processing.dagbag.BundleDagBag","filename":"dagbag.py","lineno":460}
{"timestamp":"2026-08-03T05:42:39.788636Z","level":"info","event":"Filling up the DagBag from /opt/airflow/dags/1_first_dag.py","logger":"airflow.dag_processing.dagbag.BundleDagBag","filename":"dagbag.py","lineno":460}
{"timestamp":"2026-08-03T05:42:40.129425Z","level":"info","event":"Filling up the DagBag from /opt/airflow/dags/1_first_dag.py","logger":"airflow.dag_processing.dagbag.BundleDagBag","filename":"dagbag.py","lineno":460}
{"timestamp":"2026-08-03T05:42:40.469287Z","level":"info","event":"Filling up the DagBag from /opt/airflow/dags/1_first_dag.py","logger":"airflow.dag_processing.dagbag.BundleDagBag","filename":"dagbag.py","lineno":460}
{"timestamp":"2026-08-03T05:42:40.757254Z","level":"info","event":"Filling up the DagBag from /opt/airflow/dags/1_first_dag.py","logger":"airflow.dag_processing.dagbag.BundleDagBag","filename":"dagbag.py","lineno":460}
{"timestamp":"2026-08-03T05:42:41.005896Z","level":"info","event":"Filling up the DagBag from /opt/airflow/dags/1_first_dag.py","logger":"airflow.dag_processing.dagbag.BundleDagBag","filename":"dagbag.py","lineno":460}
{"timestamp":"2026-08-03T05:42:44.884997Z","level":"info","event":"Filling up the DagBag from /opt/airflow/dags/1_first_dag.py","logger":"airflow.dag_processing.dagbag.BundleDagBag","filename":"dagbag.py","lineno":460}
{"timestamp":"2026-08-03T05:42:50.849145Z","level":"info","event":"Filling up the DagBag from /opt/airflow/dags/1_first_dag.py","logger":"airflow.dag_processing.dagbag.BundleDagBag","filename":"dagbag.py","lineno":460}
{"timestamp":"2026-08-03T05:42:57.635489Z","level":"info","event":"Filling up the DagBag from /opt/airflow/dags/1_first_dag.py","logger":"airflow.dag_processing.dagbag.BundleDagBag","filename":"dagbag.py","lineno":460}
{"timestamp":"2026-08-03T05:43:05.097707Z","level":"info","event":"Filling up the DagBag from /opt/airflow/dags/1_first_dag.py","logger":"airflow.dag_processing.dagbag.BundleDagBag","filename":"dagbag.py","lineno":460}
{"timestamp":"2026-08-03T05:43:36.167355Z","level":"info","event":"Filling up the DagBag from /opt/airflow/dags/1_first_dag.py","logger":"airflow.dag_processing.dagbag.BundleDagBag","filename":"dagbag.py","lineno":460}
{"timestamp":"2026-08-03T05:44:06.430066Z","level":"info","event":"Filling up the DagBag from /opt/airflow/dags/1_first_dag.py","logger":"airflow.dag_processing.dagbag.BundleDagBag","filename":"dagbag.py","lineno":460}
{"timestamp":"2026-08-03T05:44:37.869957Z","level":"info","event":"Filling up the DagBag from /opt/airflow/dags/1_first_dag.py","logger":"airflow.dag_processing.dagbag.BundleDagBag","filename":"dagbag.py","lineno":460}
{"timestamp":"2026-08-03T05:45:08.773216Z","level":"info","event":"Filling up the DagBag from /opt/airflow/dags/1_first_dag.py","logger":"airflow.dag_processing.dagbag.BundleDagBag","filename":"dagbag.py","lineno":460}
{"timestamp":"2026-08-03T05:45:39.209810Z","level":"info","event":"Filling up the DagBag from /opt/airflow/dags/1_first_dag.py","logger":"airflow.dag_processing.dagbag.BundleDagBag","filename":"dagbag.py","lineno":460}
{"timestamp":"2026-08-03T05:46:10.254454Z","level":"info","event":"Filling up the DagBag from /opt/airflow/dags/1_first_dag.py","logger":"airflow.dag_processing.dagbag.BundleDagBag","filename":"dagbag.py","lineno":460}
{"timestamp":"2026-08-03T05:46:41.195698Z","level":"info","event":"Filling up the DagBag from /opt/airflow/dags/1_first_dag.py","logger":"airflow.dag_processing.dagbag.BundleDagBag","filename":"dagbag.py","lineno":460}
{"timestamp":"2026-08-03T05:47:11.862627Z","level":"info","event":"Filling up the DagBag from /opt/airflow/dags/1_first_dag.py","logger":"airflow.dag_processing.dagbag.BundleDagBag","filename":"dagbag.py","lineno":460}
{"timestamp":"2026-08-03T05:47:42.341469Z","level":"info","event":"Filling up the DagBag from /opt/airflow/dags/1_first_dag.py","logger":"airflow.dag_processing.dagbag.BundleDagBag","filename":"dagbag.py","lineno":460}
{"timestamp":"2026-08-03T05:48:12.984512Z","level":"info","event":"Filling up the DagBag from /opt/airflow/dags/1_first_dag.py","logger":"airflow.dag_processing.dagbag.BundleDagBag","filename":"dagbag.py","lineno":460}
{"timestamp":"2026-08-03T05:48:43.821551Z","level":"info","event":"Filling up the DagBag from /opt/airflow/dags/1_first_dag.py","logger":"airflow.dag_processing.dagbag.BundleDagBag","filename":"dagbag.py","lineno":460}
{"timestamp":"2026-08-03T05:49:15.206036Z","level":"info","event":"Filling up the DagBag from /opt/airflow/dags/1_first_dag.py","logger":"airflow.dag_processing.dagbag.BundleDagBag","filename":"dagbag.py","lineno":460}
{"timestamp":"2026-08-03T05:49:47.046056Z","level":"info","event":"Filling up the DagBag from /opt/airflow/dags/1_first_dag.py","logger":"airflow.dag_processing.dagbag.BundleDagBag","filename":"dagbag.py","lineno":460}
{"timestamp":"2026-08-03T05:50:19.577593Z","level":"info","event":"Filling up the DagBag from /opt/airflow/dags/1_first_dag.py","logger":"airflow.dag_processing.dagbag.BundleDagBag","filename":"dagbag.py","lineno":460}
{"timestamp":"2026-08-03T05:50:53.213773Z","level":"info","event":"Filling up the DagBag from /opt/airflow/dags/1_first_dag.py","logger":"airflow.dag_processing.dagbag.BundleDagBag","filename":"dagbag.py","lineno":460}
{"timestamp":"2026-08-03T05:51:25.153346Z","level":"info","event":"Filling up the DagBag from /opt/airflow/dags/1_first_dag.py","logger":"airflow.dag_processing.dagbag.BundleDagBag","filename":"dagbag.py","lineno":460}
{"timestamp":"2026-08-03T05:51:57.828935Z","level":"info","event":"Filling up the DagBag from /opt/airflow/dags/1_first_dag.py","logger":"airflow.dag_processing.dagbag.BundleDagBag","filename":"dagbag.py","lineno":460}
{"timestamp":"2026-08-03T05:52:31.134423Z","level":"info","event":"Filling up the DagBag from /opt/airflow/dags/1_first_dag.py","logger":"airflow.dag_processing.dagbag.BundleDagBag","filename":"dagbag.py","lineno":460}
{"timestamp":"2026-08-03T05:53:01.510277Z","level":"info","event":"Filling up the DagBag from /opt/airflow/dags/1_first_dag.py","logger":"airflow.dag_processing.dagbag.BundleDagBag","filename":"dagbag.py","lineno":460}
{"timestamp":"2026-08-03T05:53:36.183403Z","level":"info","event":"Filling up the DagBag from /opt/airflow/dags/1_first_dag.py","logger":"airflow.dag_processing.dagbag.BundleDagBag","filename":"dagbag.py","lineno":460}
{"timestamp":"2026-08-03T05:54:07.052513Z","level":"info","event":"Filling up the DagBag from /opt/airflow/dags/1_first_dag.py","logger":"airflow.dag_processing.dagbag.BundleDagBag","filename":"dagbag.py","lineno":460}
{"timestamp":"2026-08-03T05:54:37.672789Z","level":"info","event":"Filling up the DagBag from /opt/airflow/dags/1_first_dag.py","logger":"airflow.dag_processing.dagbag.BundleDagBag","filename":"dagbag.py","lineno":460}
{"timestamp":"2026-08-03T05:55:08.521081Z","level":"info","event":"Filling up the DagBag from /opt/airflow/dags/1_first_dag.py","logger":"airflow.dag_processing.dagbag.BundleDagBag","filename":"dagbag.py","lineno":460}
{"timestamp":"2026-08-03T05:55:41.050429Z","level":"info","event":"Filling up the DagBag from /opt/airflow/dags/1_first_dag.py","logger":"airflow.dag_processing.dagbag.BundleDagBag","filename":"dagbag.py","lineno":460}
{"timestamp":"2026-08-03T05:56:11.823603Z","level":"info","event":"Filling up the DagBag from /opt/airflow/dags/1_first_dag.py","logger":"airflow.dag_processing.dagbag.BundleDagBag","filename":"dagbag.py","lineno":460}
{"timestamp":"2026-08-03T05:56:45.321982Z","level":"info","event":"Filling up the DagBag from /opt/airflow/dags/1_first_dag.py","logger":"airflow.dag_processing.dagbag.BundleDagBag","filename":"dagbag.py","lineno":460}
{"timestamp":"2026-08-03T05:57:17.221119Z","level":"info","event":"Filling up the DagBag from /opt/airflow/dags/1_first_dag.py","logger":"airflow.dag_processing.dagbag.BundleDagBag","filename":"dagbag.py","lineno":460}
{"timestamp":"2026-08-03T05:57:50.432885Z","level":"info","event":"Filling up the DagBag from /opt/airflow/dags/1_first_dag.py","logger":"airflow.dag_processing.dagbag.BundleDagBag","filename":"dagbag.py","lineno":460}
{"timestamp":"2026-08-03T05:58:23.421684Z","level":"info","event":"Filling up the DagBag from /opt/airflow/dags/1_first_dag.py","logger":"airflow.dag_processing.dagbag.BundleDagBag","filename":"dagbag.py","lineno":460}
{"timestamp":"2026-08-03T05:58:55.271750Z","level":"info","event":"Filling up the DagBag from /opt/airflow/dags/1_first_dag.py","logger":"airflow.dag_processing.dagbag.BundleDagBag","filename":"dagbag.py","lineno":460}
{"timestamp":"2026-08-03T05:59:28.228747Z","level":"info","event":"Filling up the DagBag from /opt/airflow/dags/1_first_dag.py","logger":"airflow.dag_processing.dagbag.BundleDagBag","filename":"dagbag.py","lineno":460}
{"timestamp":"2026-08-03T06:00:01.726517Z","level":"info","event":"Filling up the DagBag from /opt/airflow/dags/1_first_dag.py","logger":"airflow.dag_processing.dagbag.BundleDagBag","filename":"dagbag.py","lineno":460}
{"timestamp":"2026-08-03T06:00:33.674964Z","level":"info","event":"Filling up the DagBag from /opt/airflow/dags/1_first_dag.py","logger":"airflow.dag_processing.dagbag.BundleDagBag","filename":"dagbag.py","lineno":460}
{"timestamp":"2026-08-03T06:01:07.030267Z","level":"info","event":"Filling up the DagBag from /opt/airflow/dags/1_first_dag.py","logger":"airflow.dag_processing.dagbag.BundleDagBag","filename":"dagbag.py","lineno":460}
{"timestamp":"2026-08-03T06:01:41.255842Z","level":"info","event":"Filling up the DagBag from /opt/airflow/dags/1_first_dag.py","logger":"airflow.dag_processing.dagbag.BundleDagBag","filename":"dagbag.py","lineno":460}
{"timestamp":"2026-08-03T06:02:12.211888Z","level":"info","event":"Filling up the DagBag from /opt/airflow/dags/1_first_dag.py","logger":"airflow.dag_processing.dagbag.BundleDagBag","filename":"dagbag.py","lineno":460}
{"timestamp":"2026-08-03T06:02:44.717456Z","level":"info","event":"Filling up the DagBag from /opt/airflow/dags/1_first_dag.py","logger":"airflow.dag_processing.dagbag.BundleDagBag","filename":"dagbag.py","lineno":460}
{"timestamp":"2026-08-03T06:03:18.194606Z","level":"info","event":"Filling up the DagBag from /opt/airflow/dags/1_first_dag.py","logger":"airflow.dag_processing.dagbag.BundleDagBag","filename":"dagbag.py","lineno":460}
{"timestamp":"2026-08-03T06:03:50.438648Z","level":"info","event":"Filling up the DagBag from /opt/airflow/dags/1_first_dag.py","logger":"airflow.dag_processing.dagbag.BundleDagBag","filename":"dagbag.py","lineno":460}
{"timestamp":"2026-08-03T06:04:23.129227Z","level":"info","event":"Filling up the DagBag from /opt/airflow/dags/1_first_dag.py","logger":"airflow.dag_processing.dagbag.BundleDagBag","filename":"dagbag.py","lineno":460}
{"timestamp":"2026-08-03T06:04:55.532059Z","level":"info","event":"Filling up the DagBag from /opt/airflow/dags/1_first_dag.py","logger":"airflow.dag_processing.dagbag.BundleDagBag","filename":"dagbag.py","lineno":460}
{"timestamp":"2026-08-03T06:05:28.273665Z","level":"info","event":"Filling up the DagBag from /opt/airflow/dags/1_first_dag.py","logger":"airflow.dag_processing.dagbag.BundleDagBag","filename":"dagbag.py","lineno":460}
{"timestamp":"2026-08-03T06:06:01.484458Z","level":"info","event":"Filling up the DagBag from /opt/airflow/dags/1_first_dag.py","logger":"airflow.dag_processing.dagbag.BundleDagBag","filename":"dagbag.py","lineno":460}
{"timestamp":"2026-08-03T06:06:34.054605Z","level":"info","event":"Filling up the DagBag from /opt/airflow/dags/1_first_dag.py","logger":"airflow.dag_processing.dagbag.BundleDagBag","filename":"dagbag.py","lineno":460}
{"timestamp":"2026-08-03T06:07:06.539480Z","level":"info","event":"Filling up the DagBag from /opt/airflow/dags/1_first_dag.py","logger":"airflow.dag_processing.dagbag.BundleDagBag","filename":"dagbag.py","lineno":460}
{"timestamp":"2026-08-03T06:07:40.119142Z","level":"info","event":"Filling up the DagBag from /opt/airflow/dags/1_first_dag.py","logger":"airflow.dag_processing.dagbag.BundleDagBag","filename":"dagbag.py","lineno":460}
{"timestamp":"2026-08-03T06:08:12.259068Z","level":"info","event":"Filling up the DagBag from /opt/airflow/dags/1_first_dag.py","logger":"airflow.dag_processing.dagbag.BundleDagBag","filename":"dagbag.py","lineno":460}
{"timestamp":"2026-08-03T06:08:45.200780Z","level":"info","event":"Filling up the DagBag from /opt/airflow/dags/1_first_dag.py","logger":"airflow.dag_processing.dagbag.BundleDagBag","filename":"dagbag.py","lineno":460}
{"timestamp":"2026-08-03T06:09:18.077909Z","level":"info","event":"Filling up the DagBag from /opt/airflow/dags/1_first_dag.py","logger":"airflow.dag_processing.dagbag.BundleDagBag","filename":"dagbag.py","lineno":460}
{"timestamp":"2026-08-03T06:09:26.829467Z","level":"info","event":"Filling up the DagBag from /opt/airflow/dags/1_first_dag.py","logger":"airflow.dag_processing.dagbag.BundleDagBag","filename":"dagbag.py","lineno":460}
{"timestamp":"2026-08-03T06:09:26.861470Z","level":"info","event":"File /opt/airflow/dags/1_first_dag.py assumed to contain no DAGs. Skipping.","logger":"airflow.dag_processing.dagbag.BundleDagBag","filename":"dagbag.py","lineno":310}
{"timestamp":"2026-08-03T06:09:57.022526Z","level":"info","event":"Filling up the DagBag from /opt/airflow/dags/1_first_dag.py","logger":"airflow.dag_processing.dagbag.BundleDagBag","filename":"dagbag.py","lineno":460}
{"timestamp":"2026-08-03T06:10:27.522553Z","level":"info","event":"Filling up the DagBag from /opt/airflow/dags/1_first_dag.py","logger":"airflow.dag_processing.dagbag.BundleDagBag","filename":"dagbag.py","lineno":460}
{"timestamp":"2026-08-03T06:10:57.829398Z","level":"info","event":"Filling up the DagBag from /opt/airflow/dags/1_first_dag.py","logger":"airflow.dag_processing.dagbag.BundleDagBag","filename":"dagbag.py","lineno":460}
{"timestamp":"2026-08-03T06:11:28.845169Z","level":"info","event":"Filling up the DagBag from /opt/airflow/dags/1_first_dag.py","logger":"airflow.dag_processing.dagbag.BundleDagBag","filename":"dagbag.py","lineno":460}
{"timestamp":"2026-08-03T06:12:01.763593Z","level":"info","event":"Filling up the DagBag from /opt/airflow/dags/1_first_dag.py","logger":"airflow.dag_processing.dagbag.BundleDagBag","filename":"dagbag.py","lineno":460}
{"timestamp":"2026-08-03T06:12:34.742260Z","level":"info","event":"Filling up the DagBag from /opt/airflow/dags/1_first_dag.py","logger":"airflow.dag_processing.dagbag.BundleDagBag","filename":"dagbag.py","lineno":460}
{"timestamp":"2026-08-03T06:13:06.683926Z","level":"info","event":"Filling up the DagBag from /opt/airflow/dags/1_first_dag.py","logger":"airflow.dag_processing.dagbag.BundleDagBag","filename":"dagbag.py","lineno":460}
{"timestamp":"2026-08-03T06:13:40.714340Z","level":"info","event":"Filling up the DagBag from /opt/airflow/dags/1_first_dag.py","logger":"airflow.dag_processing.dagbag.BundleDagBag","filename":"dagbag.py","lineno":460}
{"timestamp":"2026-08-03T06:17:11.506671Z","level":"info","event":"Filling up the DagBag from /opt/airflow/dags/1_first_dag.py","logger":"airflow.dag_processing.dagbag.BundleDagBag","filename":"dagbag.py","lineno":460}
{"timestamp":"2026-08-03T06:17:44.970064Z","level":"info","event":"Filling up the DagBag from /opt/airflow/dags/1_first_dag.py","logger":"airflow.dag_processing.dagbag.BundleDagBag","filename":"dagbag.py","lineno":460}
{"timestamp":"2026-08-03T06:18:15.401316Z","level":"info","event":"Filling up the DagBag from /opt/airflow/dags/1_first_dag.py","logger":"airflow.dag_processing.dagbag.BundleDagBag","filename":"dagbag.py","lineno":460}
{"timestamp":"2026-08-03T06:18:47.031441Z","level":"info","event":"Filling up the DagBag from /opt/airflow/dags/1_first_dag.py","logger":"airflow.dag_processing.dagbag.BundleDagBag","filename":"dagbag.py","lineno":460}
{"timestamp":"2026-08-03T06:19:18.225433Z","level":"info","event":"Filling up the DagBag from /opt/airflow/dags/1_first_dag.py","logger":"airflow.dag_processing.dagbag.BundleDagBag","filename":"dagbag.py","lineno":460}
{"timestamp":"2026-08-03T06:19:48.618831Z","level":"info","event":"Filling up the DagBag from /opt/airflow/dags/1_first_dag.py","logger":"airflow.dag_processing.dagbag.BundleDagBag","filename":"dagbag.py","lineno":460}
{"timestamp":"2026-08-03T06:20:19.540822Z","level":"info","event":"Filling up the DagBag from /opt/airflow/dags/1_first_dag.py","logger":"airflow.dag_processing.dagbag.BundleDagBag","filename":"dagbag.py","lineno":460}
{"timestamp":"2026-08-03T06:20:50.193060Z","level":"info","event":"Filling up the DagBag from /opt/airflow/dags/1_first_dag.py","logger":"airflow.dag_processing.dagbag.BundleDagBag","filename":"dagbag.py","lineno":460}
{"timestamp":"2026-08-03T06:21:20.675194Z","level":"info","event":"Filling up the DagBag from /opt/airflow/dags/1_first_dag.py","logger":"airflow.dag_processing.dagbag.BundleDagBag","filename":"dagbag.py","lineno":460}
{"timestamp":"2026-08-03T06:21:51.640311Z","level":"info","event":"Filling up the DagBag from /opt/airflow/dags/1_first_dag.py","logger":"airflow.dag_processing.dagbag.BundleDagBag","filename":"dagbag.py","lineno":460}
{"timestamp":"2026-08-03T06:22:24.254842Z","level":"info","event":"Filling up the DagBag from /opt/airflow/dags/1_first_dag.py","logger":"airflow.dag_processing.dagbag.BundleDagBag","filename":"dagbag.py","lineno":460}
{"timestamp":"2026-08-03T06:22:56.286535Z","level":"info","event":"Filling up the DagBag from /opt/airflow/dags/1_first_dag.py","logger":"airflow.dag_processing.dagbag.BundleDagBag","filename":"dagbag.py","lineno":460}
{"timestamp":"2026-08-03T06:23:30.142447Z","level":"info","event":"Filling up the DagBag from /opt/airflow/dags/1_first_dag.py","logger":"airflow.dag_processing.dagbag.BundleDagBag","filename":"dagbag.py","lineno":460}
{"timestamp":"2026-08-03T06:24:02.308160Z","level":"info","event":"Filling up the DagBag from /opt/airflow/dags/1_first_dag.py","logger":"airflow.dag_processing.dagbag.BundleDagBag","filename":"dagbag.py","lineno":460}
{"timestamp":"2026-08-03T06:24:34.424832Z","level":"info","event":"Filling up the DagBag from /opt/airflow/dags/1_first_dag.py","logger":"airflow.dag_processing.dagbag.BundleDagBag","filename":"dagbag.py","lineno":460}
{"timestamp":"2026-08-03T06:25:07.524988Z","level":"info","event":"Filling up the DagBag from /opt/airflow/dags/1_first_dag.py","logger":"airflow.dag_processing.dagbag.BundleDagBag","filename":"dagbag.py","lineno":460}
{"timestamp":"2026-08-03T06:25:39.940533Z","level":"info","event":"Filling up the DagBag from /opt/airflow/dags/1_first_dag.py","logger":"airflow.dag_processing.dagbag.BundleDagBag","filename":"dagbag.py","lineno":460}
{"timestamp":"2026-08-03T06:26:12.810710Z","level":"info","event":"Filling up the DagBag from /opt/airflow/dags/1_first_dag.py","logger":"airflow.dag_processing.dagbag.BundleDagBag","filename":"dagbag.py","lineno":460}
{"timestamp":"2026-08-03T06:26:46.320579Z","level":"info","event":"Filling up the DagBag from /opt/airflow/dags/1_first_dag.py","logger":"airflow.dag_processing.dagbag.BundleDagBag","filename":"dagbag.py","lineno":460}
{"timestamp":"2026-08-03T06:27:18.574365Z","level":"info","event":"Filling up the DagBag from /opt/airflow/dags/1_first_dag.py","logger":"airflow.dag_processing.dagbag.BundleDagBag","filename":"dagbag.py","lineno":460}
{"timestamp":"2026-08-03T06:27:51.413982Z","level":"info","event":"Filling up the DagBag from /opt/airflow/dags/1_first_dag.py","logger":"airflow.dag_processing.dagbag.BundleDagBag","filename":"dagbag.py","lineno":460}
{"timestamp":"2026-08-03T06:28:24.063564Z","level":"info","event":"Filling up the DagBag from /opt/airflow/dags/1_first_dag.py","logger":"airflow.dag_processing.dagbag.BundleDagBag","filename":"dagbag.py","lineno":460}
{"timestamp":"2026-08-03T06:28:56.319052Z","level":"info","event":"Filling up the DagBag from /opt/airflow/dags/1_first_dag.py","logger":"airflow.dag_processing.dagbag.BundleDagBag","filename":"dagbag.py","lineno":460}
{"timestamp":"2026-08-03T06:29:29.466647Z","level":"info","event":"Filling up the DagBag from /opt/airflow/dags/1_first_dag.py","logger":"airflow.dag_processing.dagbag.BundleDagBag","filename":"dagbag.py","lineno":460}
{"timestamp":"2026-08-03T06:30:02.423896Z","level":"info","event":"Filling up the DagBag from /opt/airflow/dags/1_first_dag.py","logger":"airflow.dag_processing.dagbag.BundleDagBag","filename":"dagbag.py","lineno":460}
{"timestamp":"2026-08-03T06:30:35.316386Z","level":"info","event":"Filling up the DagBag from /opt/airflow/dags/1_first_dag.py","logger":"airflow.dag_processing.dagbag.BundleDagBag","filename":"dagbag.py","lineno":460}
{"timestamp":"2026-08-03T06:31:07.478290Z","level":"info","event":"Filling up the DagBag from /opt/airflow/dags/1_first_dag.py","logger":"airflow.dag_processing.dagbag.BundleDagBag","filename":"dagbag.py","lineno":460}
{"timestamp":"2026-08-03T06:31:40.106340Z","level":"info","event":"Filling up the DagBag from /opt/airflow/dags/1_first_dag.py","logger":"airflow.dag_processing.dagbag.BundleDagBag","filename":"dagbag.py","lineno":460}
{"timestamp":"2026-08-03T06:32:12.992713Z","level":"info","event":"Filling up the DagBag from /opt/airflow/dags/1_first_dag.py","logger":"airflow.dag_processing.dagbag.BundleDagBag","filename":"dagbag.py","lineno":460}
{"timestamp":"2026-08-03T06:32:46.424004Z","level":"info","event":"Filling up the DagBag from /opt/airflow/dags/1_first_dag.py","logger":"airflow.dag_processing.dagbag.BundleDagBag","filename":"dagbag.py","lineno":460}
{"timestamp":"2026-08-03T06:33:19.199062Z","level":"info","event":"Filling up the DagBag from /opt/airflow/dags/1_first_dag.py","logger":"airflow.dag_processing.dagbag.BundleDagBag","filename":"dagbag.py","lineno":460}
{"timestamp":"2026-08-03T06:33:51.699539Z","level":"info","event":"Filling up the DagBag from /opt/airflow/dags/1_first_dag.py","logger":"airflow.dag_processing.dagbag.BundleDagBag","filename":"dagbag.py","lineno":460}
{"timestamp":"2026-08-03T06:34:24.143535Z","level":"info","event":"Filling up the DagBag from /opt/airflow/dags/1_first_dag.py","logger":"airflow.dag_processing.dagbag.BundleDagBag","filename":"dagbag.py","lineno":460}
{"timestamp":"2026-08-03T06:34:56.768539Z","level":"info","event":"Filling up the DagBag from /opt/airflow/dags/1_first_dag.py","logger":"airflow.dag_processing.dagbag.BundleDagBag","filename":"dagbag.py","lineno":460}
{"timestamp":"2026-08-03T06:35:30.259361Z","level":"info","event":"Filling up the DagBag from /opt/airflow/dags/1_first_dag.py","logger":"airflow.dag_processing.dagbag.BundleDagBag","filename":"dagbag.py","lineno":460}
{"timestamp":"2026-08-03T06:36:04.994030Z","level":"info","event":"Filling up the DagBag from /opt/airflow/dags/1_first_dag.py","logger":"airflow.dag_processing.dagbag.BundleDagBag","filename":"dagbag.py","lineno":460}
{"timestamp":"2026-08-03T06:36:35.699203Z","level":"info","event":"Filling up the DagBag from /opt/airflow/dags/1_first_dag.py","logger":"airflow.dag_processing.dagbag.BundleDagBag","filename":"dagbag.py","lineno":460}
{"timestamp":"2026-08-03T06:37:09.679578Z","level":"info","event":"Filling up the DagBag from /opt/airflow/dags/1_first_dag.py","logger":"airflow.dag_processing.dagbag.BundleDagBag","filename":"dagbag.py","lineno":460}
{"timestamp":"2026-08-03T06:37:41.158281Z","level":"info","event":"Filling up the DagBag from /opt/airflow/dags/1_first_dag.py","logger":"airflow.dag_processing.dagbag.BundleDagBag","filename":"dagbag.py","lineno":460}
{"timestamp":"2026-08-03T06:38:13.038178Z","level":"info","event":"Filling up the DagBag from /opt/airflow/dags/1_first_dag.py","logger":"airflow.dag_processing.dagbag.BundleDagBag","filename":"dagbag.py","lineno":460}
{"timestamp":"2026-08-03T06:38:45.729564Z","level":"info","event":"Filling up the DagBag from /opt/airflow/dags/1_first_dag.py","logger":"airflow.dag_processing.dagbag.BundleDagBag","filename":"dagbag.py","lineno":460}
{"timestamp":"2026-08-03T06:39:19.185552Z","level":"info","event":"Filling up the DagBag from /opt/airflow/dags/1_first_dag.py","logger":"airflow.dag_processing.dagbag.BundleDagBag","filename":"dagbag.py","lineno":460}
{"timestamp":"2026-08-03T06:39:52.165467Z","level":"info","event":"Filling up the DagBag from /opt/airflow/dags/1_first_dag.py","logger":"airflow.dag_processing.dagbag.BundleDagBag","filename":"dagbag.py","lineno":460}
{"timestamp":"2026-08-03T06:40:24.523487Z","level":"info","event":"Filling up the DagBag from /opt/airflow/dags/1_first_dag.py","logger":"airflow.dag_processing.dagbag.BundleDagBag","filename":"dagbag.py","lineno":460}
{"timestamp":"2026-08-03T06:40:57.784741Z","level":"info","event":"Filling up the DagBag from /opt/airflow/dags/1_first_dag.py","logger":"airflow.dag_processing.dagbag.BundleDagBag","filename":"dagbag.py","lineno":460}
{"timestamp":"2026-08-03T06:41:30.351029Z","level":"info","event":"Filling up the DagBag from /opt/airflow/dags/1_first_dag.py","logger":"airflow.dag_processing.dagbag.BundleDagBag","filename":"dagbag.py","lineno":460}
{"timestamp":"2026-08-03T06:42:03.108404Z","level":"info","event":"Filling up the DagBag from /opt/airflow/dags/1_first_dag.py","logger":"airflow.dag_processing.dagbag.BundleDagBag","filename":"dagbag.py","lineno":460}
{"timestamp":"2026-08-03T06:42:35.504796Z","level":"info","event":"Filling up the DagBag from /opt/airflow/dags/1_first_dag.py","logger":"airflow.dag_processing.dagbag.BundleDagBag","filename":"dagbag.py","lineno":460}
{"timestamp":"2026-08-03T06:43:08.168872Z","level":"info","event":"Filling up the DagBag from /opt/airflow/dags/1_first_dag.py","logger":"airflow.dag_processing.dagbag.BundleDagBag","filename":"dagbag.py","lineno":460}
{"timestamp":"2026-08-03T06:43:40.882456Z","level":"info","event":"Filling up the DagBag from /opt/airflow/dags/1_first_dag.py","logger":"airflow.dag_processing.dagbag.BundleDagBag","filename":"dagbag.py","lineno":460}
{"timestamp":"2026-08-03T06:44:14.690860Z","level":"info","event":"Filling up the DagBag from /opt/airflow/dags/1_first_dag.py","logger":"airflow.dag_processing.dagbag.BundleDagBag","filename":"dagbag.py","lineno":460}
{"timestamp":"2026-08-03T06:44:46.637793Z","level":"info","event":"Filling up the DagBag from /opt/airflow/dags/1_first_dag.py","logger":"airflow.dag_processing.dagbag.BundleDagBag","filename":"dagbag.py","lineno":460}
{"timestamp":"2026-08-03T06:45:19.234373Z","level":"info","event":"Filling up the DagBag from /opt/airflow/dags/1_first_dag.py","logger":"airflow.dag_processing.dagbag.BundleDagBag","filename":"dagbag.py","lineno":460}
{"timestamp":"2026-08-03T06:45:53.423738Z","level":"info","event":"Filling up the DagBag from /opt/airflow/dags/1_first_dag.py","logger":"airflow.dag_processing.dagbag.BundleDagBag","filename":"dagbag.py","lineno":460}
{"timestamp":"2026-08-03T06:46:25.443047Z","level":"info","event":"Filling up the DagBag from /opt/airflow/dags/1_first_dag.py","logger":"airflow.dag_processing.dagbag.BundleDagBag","filename":"dagbag.py","lineno":460}
{"timestamp":"2026-08-03T06:46:57.915406Z","level":"info","event":"Filling up the DagBag from /opt/airflow/dags/1_first_dag.py","logger":"airflow.dag_processing.dagbag.BundleDagBag","filename":"dagbag.py","lineno":460}
{"timestamp":"2026-08-03T06:47:29.939134Z","level":"info","event":"Filling up the DagBag from /opt/airflow/dags/1_first_dag.py","logger":"airflow.dag_processing.dagbag.BundleDagBag","filename":"dagbag.py","lineno":460}
{"timestamp":"2026-08-03T06:48:03.042120Z","level":"info","event":"Filling up the DagBag from /opt/airflow/dags/1_first_dag.py","logger":"airflow.dag_processing.dagbag.BundleDagBag","filename":"dagbag.py","lineno":460}
{"timestamp":"2026-08-03T06:48:35.859838Z","level":"info","event":"Filling up the DagBag from /opt/airflow/dags/1_first_dag.py","logger":"airflow.dag_processing.dagbag.BundleDagBag","filename":"dagbag.py","lineno":460}
{"timestamp":"2026-08-03T06:49:08.376957Z","level":"info","event":"Filling up the DagBag from /opt/airflow/dags/1_first_dag.py","logger":"airflow.dag_processing.dagbag.BundleDagBag","filename":"dagbag.py","lineno":460}
{"timestamp":"2026-08-03T06:49:41.527360Z","level":"info","event":"Filling up the DagBag from /opt/airflow/dags/1_first_dag.py","logger":"airflow.dag_processing.dagbag.BundleDagBag","filename":"dagbag.py","lineno":460}
{"timestamp":"2026-08-03T06:50:14.510575Z","level":"info","event":"Filling up the DagBag from /opt/airflow/dags/1_first_dag.py","logger":"airflow.dag_processing.dagbag.BundleDagBag","filename":"dagbag.py","lineno":460}
{"timestamp":"2026-08-03T06:50:46.421390Z","level":"info","event":"Filling up the DagBag from /opt/airflow/dags/1_first_dag.py","logger":"airflow.dag_processing.dagbag.BundleDagBag","filename":"dagbag.py","lineno":460}
{"timestamp":"2026-08-03T06:51:19.435053Z","level":"info","event":"Filling up the DagBag from /opt/airflow/dags/1_first_dag.py","logger":"airflow.dag_processing.dagbag.BundleDagBag","filename":"dagbag.py","lineno":460}
{"timestamp":"2026-08-03T06:51:52.150005Z","level":"info","event":"Filling up the DagBag from /opt/airflow/dags/1_first_dag.py","logger":"airflow.dag_processing.dagbag.BundleDagBag","filename":"dagbag.py","lineno":460}
{"timestamp":"2026-08-03T06:52:24.843413Z","level":"info","event":"Filling up the DagBag from /opt/airflow/dags/1_first_dag.py","logger":"airflow.dag_processing.dagbag.BundleDagBag","filename":"dagbag.py","lineno":460}
{"timestamp":"2026-08-03T06:52:57.651684Z","level":"info","event":"Filling up the DagBag from /opt/airflow/dags/1_first_dag.py","logger":"airflow.dag_processing.dagbag.BundleDagBag","filename":"dagbag.py","lineno":460}
{"timestamp":"2026-08-03T06:53:30.549862Z","level":"info","event":"Filling up the DagBag from /opt/airflow/dags/1_first_dag.py","logger":"airflow.dag_processing.dagbag.BundleDagBag","filename":"dagbag.py","lineno":460}
{"timestamp":"2026-08-03T06:54:03.959901Z","level":"info","event":"Filling up the DagBag from /opt/airflow/dags/1_first_dag.py","logger":"airflow.dag_processing.dagbag.BundleDagBag","filename":"dagbag.py","lineno":460}
{"timestamp":"2026-08-03T06:54:36.205334Z","level":"info","event":"Filling up the DagBag from /opt/airflow/dags/1_first_dag.py","logger":"airflow.dag_processing.dagbag.BundleDagBag","filename":"dagbag.py","lineno":460}
{"timestamp":"2026-08-03T06:55:09.280719Z","level":"info","event":"Filling up the DagBag from /opt/airflow/dags/1_first_dag.py","logger":"airflow.dag_processing.dagbag.BundleDagBag","filename":"dagbag.py","lineno":460}
{"timestamp":"2026-08-03T06:55:41.567112Z","level":"info","event":"Filling up the DagBag from /opt/airflow/dags/1_first_dag.py","logger":"airflow.dag_processing.dagbag.BundleDagBag","filename":"dagbag.py","lineno":460}
{"timestamp":"2026-08-03T06:56:14.289020Z","level":"info","event":"Filling up the DagBag from /opt/airflow/dags/1_first_dag.py","logger":"airflow.dag_processing.dagbag.BundleDagBag","filename":"dagbag.py","lineno":460}
{"timestamp":"2026-08-03T06:56:46.881895Z","level":"info","event":"Filling up the DagBag from /opt/airflow/dags/1_first_dag.py","logger":"airflow.dag_processing.dagbag.BundleDagBag","filename":"dagbag.py","lineno":460}
{"timestamp":"2026-08-03T06:57:19.626308Z","level":"info","event":"Filling up the DagBag from /opt/airflow/dags/1_first_dag.py","logger":"airflow.dag_processing.dagbag.BundleDagBag","filename":"dagbag.py","lineno":460}
{"timestamp":"2026-08-03T06:57:52.075788Z","level":"info","event":"Filling up the DagBag from /opt/airflow/dags/1_first_dag.py","logger":"airflow.dag_processing.dagbag.BundleDagBag","filename":"dagbag.py","lineno":460}
{"timestamp":"2026-08-03T06:58:24.879213Z","level":"info","event":"Filling up the DagBag from /opt/airflow/dags/1_first_dag.py","logger":"airflow.dag_processing.dagbag.BundleDagBag","filename":"dagbag.py","lineno":460}
{"timestamp":"2026-08-03T06:58:57.561724Z","level":"info","event":"Filling up the DagBag from /opt/airflow/dags/1_first_dag.py","logger":"airflow.dag_processing.dagbag.BundleDagBag","filename":"dagbag.py","lineno":460}
{"timestamp":"2026-08-03T06:59:30.737543Z","level":"info","event":"Filling up the DagBag from /opt/airflow/dags/1_first_dag.py","logger":"airflow.dag_processing.dagbag.BundleDagBag","filename":"dagbag.py","lineno":460}
{"timestamp":"2026-08-03T07:00:03.364618Z","level":"info","event":"Filling up the DagBag from /opt/airflow/dags/1_first_dag.py","logger":"airflow.dag_processing.dagbag.BundleDagBag","filename":"dagbag.py","lineno":460}
{"timestamp":"2026-08-03T07:00:36.105693Z","level":"info","event":"Filling up the DagBag from /opt/airflow/dags/1_first_dag.py","logger":"airflow.dag_processing.dagbag.BundleDagBag","filename":"dagbag.py","lineno":460}
{"timestamp":"2026-08-03T07:01:08.803299Z","level":"info","event":"Filling up the DagBag from /opt/airflow/dags/1_first_dag.py","logger":"airflow.dag_processing.dagbag.BundleDagBag","filename":"dagbag.py","lineno":460}
{"timestamp":"2026-08-03T07:01:41.314899Z","level":"info","event":"Filling up the DagBag from /opt/airflow/dags/1_first_dag.py","logger":"airflow.dag_processing.dagbag.BundleDagBag","filename":"dagbag.py","lineno":460}
{"timestamp":"2026-08-03T07:02:14.292586Z","level":"info","event":"Filling up the DagBag from /opt/airflow/dags/1_first_dag.py","logger":"airflow.dag_processing.dagbag.BundleDagBag","filename":"dagbag.py","lineno":460}
{"timestamp":"2026-08-03T07:02:46.998786Z","level":"info","event":"Filling up the DagBag from /opt/airflow/dags/1_first_dag.py","logger":"airflow.dag_processing.dagbag.BundleDagBag","filename":"dagbag.py","lineno":460}
{"timestamp":"2026-08-03T07:03:19.711307Z","level":"info","event":"Filling up the DagBag from /opt/airflow/dags/1_first_dag.py","logger":"airflow.dag_processing.dagbag.BundleDagBag","filename":"dagbag.py","lineno":460}
{"timestamp":"2026-08-03T07:03:52.871368Z","level":"info","event":"Filling up the DagBag from /opt/airflow/dags/1_first_dag.py","logger":"airflow.dag_processing.dagbag.BundleDagBag","filename":"dagbag.py","lineno":460}
{"timestamp":"2026-08-03T07:04:25.015770Z","level":"info","event":"Filling up the DagBag from /opt/airflow/dags/1_first_dag.py","logger":"airflow.dag_processing.dagbag.BundleDagBag","filename":"dagbag.py","lineno":460}
{"timestamp":"2026-08-03T07:04:57.683667Z","level":"info","event":"Filling up the DagBag from /opt/airflow/dags/1_first_dag.py","logger":"airflow.dag_processing.dagbag.BundleDagBag","filename":"dagbag.py","lineno":460}
{"timestamp":"2026-08-03T07:05:30.383396Z","level":"info","event":"Filling up the DagBag from /opt/airflow/dags/1_first_dag.py","logger":"airflow.dag_processing.dagbag.BundleDagBag","filename":"dagbag.py","lineno":460}
{"timestamp":"2026-08-03T07:06:03.218704Z","level":"info","event":"Filling up the DagBag from /opt/airflow/dags/1_first_dag.py","logger":"airflow.dag_processing.dagbag.BundleDagBag","filename":"dagbag.py","lineno":460}
{"timestamp":"2026-08-03T07:06:35.816717Z","level":"info","event":"Filling up the DagBag from /opt/airflow/dags/1_first_dag.py","logger":"airflow.dag_processing.dagbag.BundleDagBag","filename":"dagbag.py","lineno":460}
{"timestamp":"2026-08-03T07:07:08.556386Z","level":"info","event":"Filling up the DagBag from /opt/airflow/dags/1_first_dag.py","logger":"airflow.dag_processing.dagbag.BundleDagBag","filename":"dagbag.py","lineno":460}
{"timestamp":"2026-08-03T07:07:41.433309Z","level":"info","event":"Filling up the DagBag from /opt/airflow/dags/1_first_dag.py","logger":"airflow.dag_processing.dagbag.BundleDagBag","filename":"dagbag.py","lineno":460}
{"timestamp":"2026-08-03T07:08:14.241128Z","level":"info","event":"Filling up the DagBag from /opt/airflow/dags/1_first_dag.py","logger":"airflow.dag_processing.dagbag.BundleDagBag","filename":"dagbag.py","lineno":460}
{"timestamp":"2026-08-03T07:08:47.109817Z","level":"info","event":"Filling up the DagBag from /opt/airflow/dags/1_first_dag.py","logger":"airflow.dag_processing.dagbag.BundleDagBag","filename":"dagbag.py","lineno":460}
{"timestamp":"2026-08-03T07:09:19.683949Z","level":"info","event":"Filling up the DagBag from /opt/airflow/dags/1_first_dag.py","logger":"airflow.dag_processing.dagbag.BundleDagBag","filename":"dagbag.py","lineno":460}
{"timestamp":"2026-08-03T07:09:52.313680Z","level":"info","event":"Filling up the DagBag from /opt/airflow/dags/1_first_dag.py","logger":"airflow.dag_processing.dagbag.BundleDagBag","filename":"dagbag.py","lineno":460}
{"timestamp":"2026-08-03T07:10:25.198194Z","level":"info","event":"Filling up the DagBag from /opt/airflow/dags/1_first_dag.py","logger":"airflow.dag_processing.dagbag.BundleDagBag","filename":"dagbag.py","lineno":460}
{"timestamp":"2026-08-03T07:10:57.803038Z","level":"info","event":"Filling up the DagBag from /opt/airflow/dags/1_first_dag.py","logger":"airflow.dag_processing.dagbag.BundleDagBag","filename":"dagbag.py","lineno":460}
{"timestamp":"2026-08-03T07:11:30.474797Z","level":"info","event":"Filling up the DagBag from /opt/airflow/dags/1_first_dag.py","logger":"airflow.dag_processing.dagbag.BundleDagBag","filename":"dagbag.py","lineno":460}
{"timestamp":"2026-08-03T07:12:03.228491Z","level":"info","event":"Filling up the DagBag from /opt/airflow/dags/1_first_dag.py","logger":"airflow.dag_processing.dagbag.BundleDagBag","filename":"dagbag.py","lineno":460}
{"timestamp":"2026-08-03T07:12:35.800684Z","level":"info","event":"Filling up the DagBag from /opt/airflow/dags/1_first_dag.py","logger":"airflow.dag_processing.dagbag.BundleDagBag","filename":"dagbag.py","lineno":460}
{"timestamp":"2026-08-03T07:13:09.501061Z","level":"info","event":"Filling up the DagBag from /opt/airflow/dags/1_first_dag.py","logger":"airflow.dag_processing.dagbag.BundleDagBag","filename":"dagbag.py","lineno":460}
{"timestamp":"2026-08-03T07:13:41.131490Z","level":"info","event":"Filling up the DagBag from /opt/airflow/dags/1_first_dag.py","logger":"airflow.dag_processing.dagbag.BundleDagBag","filename":"dagbag.py","lineno":460}
{"timestamp":"2026-08-03T07:14:14.068914Z","level":"info","event":"Filling up the DagBag from /opt/airflow/dags/1_first_dag.py","logger":"airflow.dag_processing.dagbag.BundleDagBag","filename":"dagbag.py","lineno":460}
{"timestamp":"2026-08-03T07:14:46.647073Z","level":"info","event":"Filling up the DagBag from /opt/airflow/dags/1_first_dag.py","logger":"airflow.dag_processing.dagbag.BundleDagBag","filename":"dagbag.py","lineno":460}
{"timestamp":"2026-08-03T07:15:19.665571Z","level":"info","event":"Filling up the DagBag from /opt/airflow/dags/1_first_dag.py","logger":"airflow.dag_processing.dagbag.BundleDagBag","filename":"dagbag.py","lineno":460}
{"timestamp":"2026-08-03T07:15:52.477155Z","level":"info","event":"Filling up the DagBag from /opt/airflow/dags/1_first_dag.py","logger":"airflow.dag_processing.dagbag.BundleDagBag","filename":"dagbag.py","lineno":460}
{"timestamp":"2026-08-03T07:16:25.211953Z","level":"info","event":"Filling up the DagBag from /opt/airflow/dags/1_first_dag.py","logger":"airflow.dag_processing.dagbag.BundleDagBag","filename":"dagbag.py","lineno":460}
{"timestamp":"2026-08-03T07:16:59.870981Z","level":"info","event":"Filling up the DagBag from /opt/airflow/dags/1_first_dag.py","logger":"airflow.dag_processing.dagbag.BundleDagBag","filename":"dagbag.py","lineno":460}
{"timestamp":"2026-08-03T07:17:30.944724Z","level":"info","event":"Filling up the DagBag from /opt/airflow/dags/1_first_dag.py","logger":"airflow.dag_processing.dagbag.BundleDagBag","filename":"dagbag.py","lineno":460}
{"timestamp":"2026-08-03T07:18:03.478141Z","level":"info","event":"Filling up the DagBag from /opt/airflow/dags/1_first_dag.py","logger":"airflow.dag_processing.dagbag.BundleDagBag","filename":"dagbag.py","lineno":460}
{"timestamp":"2026-08-03T07:18:36.388784Z","level":"info","event":"Filling up the DagBag from /opt/airflow/dags/1_first_dag.py","logger":"airflow.dag_processing.dagbag.BundleDagBag","filename":"dagbag.py","lineno":460}
{"timestamp":"2026-08-03T07:19:09.818831Z","level":"info","event":"Filling up the DagBag from /opt/airflow/dags/1_first_dag.py","logger":"airflow.dag_processing.dagbag.BundleDagBag","filename":"dagbag.py","lineno":460}
{"timestamp":"2026-08-03T07:19:42.228849Z","level":"info","event":"Filling up the DagBag from /opt/airflow/dags/1_first_dag.py","logger":"airflow.dag_processing.dagbag.BundleDagBag","filename":"dagbag.py","lineno":460}
{"timestamp":"2026-08-03T07:20:14.667618Z","level":"info","event":"Filling up the DagBag from /opt/airflow/dags/1_first_dag.py","logger":"airflow.dag_processing.dagbag.BundleDagBag","filename":"dagbag.py","lineno":460}
{"timestamp":"2026-08-03T07:20:47.942681Z","level":"info","event":"Filling up the DagBag from /opt/airflow/dags/1_first_dag.py","logger":"airflow.dag_processing.dagbag.BundleDagBag","filename":"dagbag.py","lineno":460}
{"timestamp":"2026-08-03T07:21:19.899768Z","level":"info","event":"Filling up the DagBag from /opt/airflow/dags/1_first_dag.py","logger":"airflow.dag_processing.dagbag.BundleDagBag","filename":"dagbag.py","lineno":460}
{"timestamp":"2026-08-03T07:21:52.542226Z","level":"info","event":"Filling up the DagBag from /opt/airflow/dags/1_first_dag.py","logger":"airflow.dag_processing.dagbag.BundleDagBag","filename":"dagbag.py","lineno":460}
{"timestamp":"2026-08-03T07:22:25.940620Z","level":"info","event":"Filling up the DagBag from /opt/airflow/dags/1_first_dag.py","logger":"airflow.dag_processing.dagbag.BundleDagBag","filename":"dagbag.py","lineno":460}
{"timestamp":"2026-08-03T07:22:57.882573Z","level":"info","event":"Filling up the DagBag from /opt/airflow/dags/1_first_dag.py","logger":"airflow.dag_processing.dagbag.BundleDagBag","filename":"dagbag.py","lineno":460}
{"timestamp":"2026-08-03T07:23:30.789248Z","level":"info","event":"Filling up the DagBag from /opt/airflow/dags/1_first_dag.py","logger":"airflow.dag_processing.dagbag.BundleDagBag","filename":"dagbag.py","lineno":460}
{"timestamp":"2026-08-03T07:24:04.013538Z","level":"info","event":"Filling up the DagBag from /opt/airflow/dags/1_first_dag.py","logger":"airflow.dag_processing.dagbag.BundleDagBag","filename":"dagbag.py","lineno":460}
{"timestamp":"2026-08-03T07:24:36.274741Z","level":"info","event":"Filling up the DagBag from /opt/airflow/dags/1_first_dag.py","logger":"airflow.dag_processing.dagbag.BundleDagBag","filename":"dagbag.py","lineno":460}
{"timestamp":"2026-08-03T07:25:09.452382Z","level":"info","event":"Filling up the DagBag from /opt/airflow/dags/1_first_dag.py","logger":"airflow.dag_processing.dagbag.BundleDagBag","filename":"dagbag.py","lineno":460}
{"timestamp":"2026-08-03T07:25:42.101199Z","level":"info","event":"Filling up the DagBag from /opt/airflow/dags/1_first_dag.py","logger":"airflow.dag_processing.dagbag.BundleDagBag","filename":"dagbag.py","lineno":460}
{"timestamp":"2026-08-03T07:26:16.031098Z","level":"info","event":"Filling up the DagBag from /opt/airflow/dags/1_first_dag.py","logger":"airflow.dag_processing.dagbag.BundleDagBag","filename":"dagbag.py","lineno":460}
{"timestamp":"2026-08-03T07:26:47.095093Z","level":"info","event":"Filling up the DagBag from /opt/airflow/dags/1_first_dag.py","logger":"airflow.dag_processing.dagbag.BundleDagBag","filename":"dagbag.py","lineno":460}
{"timestamp":"2026-08-03T07:27:19.949419Z","level":"info","event":"Filling up the DagBag from /opt/airflow/dags/1_first_dag.py","logger":"airflow.dag_processing.dagbag.BundleDagBag","filename":"dagbag.py","lineno":460}
{"timestamp":"2026-08-03T07:27:52.771554Z","level":"info","event":"Filling up the DagBag from /opt/airflow/dags/1_first_dag.py","logger":"airflow.dag_processing.dagbag.BundleDagBag","filename":"dagbag.py","lineno":460}
{"timestamp":"2026-08-03T07:28:26.832134Z","level":"info","event":"Filling up the DagBag from /opt/airflow/dags/1_first_dag.py","logger":"airflow.dag_processing.dagbag.BundleDagBag","filename":"dagbag.py","lineno":460}
{"timestamp":"2026-08-03T07:28:58.460190Z","level":"info","event":"Filling up the DagBag from /opt/airflow/dags/1_first_dag.py","logger":"airflow.dag_processing.dagbag.BundleDagBag","filename":"dagbag.py","lineno":460}
{"timestamp":"2026-08-03T07:29:31.115362Z","level":"info","event":"Filling up the DagBag from /opt/airflow/dags/1_first_dag.py","logger":"airflow.dag_processing.dagbag.BundleDagBag","filename":"dagbag.py","lineno":460}
{"timestamp":"2026-08-03T07:30:03.858845Z","level":"info","event":"Filling up the DagBag from /opt/airflow/dags/1_first_dag.py","logger":"airflow.dag_processing.dagbag.BundleDagBag","filename":"dagbag.py","lineno":460}
{"timestamp":"2026-08-03T07:30:36.363867Z","level":"info","event":"Filling up the DagBag from /opt/airflow/dags/1_first_dag.py","logger":"airflow.dag_processing.dagbag.BundleDagBag","filename":"dagbag.py","lineno":460}
{"timestamp":"2026-08-03T07:31:09.034913Z","level":"info","event":"Filling up the DagBag from /opt/airflow/dags/1_first_dag.py","logger":"airflow.dag_processing.dagbag.BundleDagBag","filename":"dagbag.py","lineno":460}
{"timestamp":"2026-08-03T07:31:42.072998Z","level":"info","event":"Filling up the DagBag from /opt/airflow/dags/1_first_dag.py","logger":"airflow.dag_processing.dagbag.BundleDagBag","filename":"dagbag.py","lineno":460}
{"timestamp":"2026-08-03T07:32:14.774890Z","level":"info","event":"Filling up the DagBag from /opt/airflow/dags/1_first_dag.py","logger":"airflow.dag_processing.dagbag.BundleDagBag","filename":"dagbag.py","lineno":460}
{"timestamp":"2026-08-03T07:32:47.347624Z","level":"info","event":"Filling up the DagBag from /opt/airflow/dags/1_first_dag.py","logger":"airflow.dag_processing.dagbag.BundleDagBag","filename":"dagbag.py","lineno":460}
{"timestamp":"2026-08-03T07:33:20.081747Z","level":"info","event":"Filling up the DagBag from /opt/airflow/dags/1_first_dag.py","logger":"airflow.dag_processing.dagbag.BundleDagBag","filename":"dagbag.py","lineno":460}
{"timestamp":"2026-08-03T07:33:53.210739Z","level":"info","event":"Filling up the DagBag from /opt/airflow/dags/1_first_dag.py","logger":"airflow.dag_processing.dagbag.BundleDagBag","filename":"dagbag.py","lineno":460}
{"timestamp":"2026-08-03T07:34:25.991118Z","level":"info","event":"Filling up the DagBag from /opt/airflow/dags/1_first_dag.py","logger":"airflow.dag_processing.dagbag.BundleDagBag","filename":"dagbag.py","lineno":460}
{"timestamp":"2026-08-03T07:34:58.542389Z","level":"info","event":"Filling up the DagBag from /opt/airflow/dags/1_first_dag.py","logger":"airflow.dag_processing.dagbag.BundleDagBag","filename":"dagbag.py","lineno":460}
{"timestamp":"2026-08-03T07:35:31.353828Z","level":"info","event":"Filling up the DagBag from /opt/airflow/dags/1_first_dag.py","logger":"airflow.dag_processing.dagbag.BundleDagBag","filename":"dagbag.py","lineno":460}
{"timestamp":"2026-08-03T07:36:03.507820Z","level":"info","event":"Filling up the DagBag from /opt/airflow/dags/1_first_dag.py","logger":"airflow.dag_processing.dagbag.BundleDagBag","filename":"dagbag.py","lineno":460}
{"timestamp":"2026-08-03T07:36:36.260177Z","level":"info","event":"Filling up the DagBag from /opt/airflow/dags/1_first_dag.py","logger":"airflow.dag_processing.dagbag.BundleDagBag","filename":"dagbag.py","lineno":460}
{"timestamp":"2026-08-03T07:37:09.750774Z","level":"info","event":"Filling up the DagBag from /opt/airflow/dags/1_first_dag.py","logger":"airflow.dag_processing.dagbag.BundleDagBag","filename":"dagbag.py","lineno":460}
{"timestamp":"2026-08-03T07:37:41.847819Z","level":"info","event":"Filling up the DagBag from /opt/airflow/dags/1_first_dag.py","logger":"airflow.dag_processing.dagbag.BundleDagBag","filename":"dagbag.py","lineno":460}
{"timestamp":"2026-08-03T07:38:14.711784Z","level":"info","event":"Filling up the DagBag from /opt/airflow/dags/1_first_dag.py","logger":"airflow.dag_processing.dagbag.BundleDagBag","filename":"dagbag.py","lineno":460}
{"timestamp":"2026-08-03T07:38:47.995773Z","level":"info","event":"Filling up the DagBag from /opt/airflow/dags/1_first_dag.py","logger":"airflow.dag_processing.dagbag.BundleDagBag","filename":"dagbag.py","lineno":460}
{"timestamp":"2026-08-03T07:39:21.174875Z","level":"info","event":"Filling up the DagBag from /opt/airflow/dags/1_first_dag.py","logger":"airflow.dag_processing.dagbag.BundleDagBag","filename":"dagbag.py","lineno":460}
{"timestamp":"2026-08-03T10:44:18.632958Z","level":"info","event":"Filling up the DagBag from /opt/airflow/dags/1_first_dag.py","logger":"airflow.dag_processing.dagbag.BundleDagBag","filename":"dagbag.py","lineno":460}
{"timestamp":"2026-08-03T10:44:50.233526Z","level":"info","event":"Filling up the DagBag from /opt/airflow/dags/1_first_dag.py","logger":"airflow.dag_processing.dagbag.BundleDagBag","filename":"dagbag.py","lineno":460}
{"timestamp":"2026-08-03T10:45:22.217162Z","level":"info","event":"Filling up the DagBag from /opt/airflow/dags/1_first_dag.py","logger":"airflow.dag_processing.dagbag.BundleDagBag","filename":"dagbag.py","lineno":460}
{"timestamp":"2026-08-03T10:45:53.204576Z","level":"info","event":"Filling up the DagBag from /opt/airflow/dags/1_first_dag.py","logger":"airflow.dag_processing.dagbag.BundleDagBag","filename":"dagbag.py","lineno":460}
{"timestamp":"2026-08-03T10:46:24.881526Z","level":"info","event":"Filling up the DagBag from /opt/airflow/dags/1_first_dag.py","logger":"airflow.dag_processing.dagbag.BundleDagBag","filename":"dagbag.py","lineno":460}
{"timestamp":"2026-08-03T10:46:55.809237Z","level":"info","event":"Filling up the DagBag from /opt/airflow/dags/1_first_dag.py","logger":"airflow.dag_processing.dagbag.BundleDagBag","filename":"dagbag.py","lineno":460}
{"timestamp":"2026-08-03T10:47:27.992830Z","level":"info","event":"Filling up the DagBag from /opt/airflow/dags/1_first_dag.py","logger":"airflow.dag_processing.dagbag.BundleDagBag","filename":"dagbag.py","lineno":460}
{"timestamp":"2026-08-03T10:48:01.599618Z","level":"info","event":"Filling up the DagBag from /opt/airflow/dags/1_first_dag.py","logger":"airflow.dag_processing.dagbag.BundleDagBag","filename":"dagbag.py","lineno":460}
{"timestamp":"2026-08-03T10:48:33.755063Z","level":"info","event":"Filling up the DagBag from /opt/airflow/dags/1_first_dag.py","logger":"airflow.dag_processing.dagbag.BundleDagBag","filename":"dagbag.py","lineno":460}
{"timestamp":"2026-08-03T10:49:06.656748Z","level":"info","event":"Filling up the DagBag from /opt/airflow/dags/1_first_dag.py","logger":"airflow.dag_processing.dagbag.BundleDagBag","filename":"dagbag.py","lineno":460}
{"timestamp":"2026-08-03T10:49:38.335956Z","level":"info","event":"Filling up the DagBag from /opt/airflow/dags/1_first_dag.py","logger":"airflow.dag_processing.dagbag.BundleDagBag","filename":"dagbag.py","lineno":460}
{"timestamp":"2026-08-03T10:50:10.655948Z","level":"info","event":"Filling up the DagBag from /opt/airflow/dags/1_first_dag.py","logger":"airflow.dag_processing.dagbag.BundleDagBag","filename":"dagbag.py","lineno":460}
{"timestamp":"2026-08-03T10:50:43.859972Z","level":"info","event":"Filling up the DagBag from /opt/airflow/dags/1_first_dag.py","logger":"airflow.dag_processing.dagbag.BundleDagBag","filename":"dagbag.py","lineno":460}
{"timestamp":"2026-08-03T10:51:17.033144Z","level":"info","event":"Filling up the DagBag from /opt/airflow/dags/1_first_dag.py","logger":"airflow.dag_processing.dagbag.BundleDagBag","filename":"dagbag.py","lineno":460}
{"timestamp":"2026-08-03T10:51:50.442414Z","level":"info","event":"Filling up the DagBag from /opt/airflow/dags/1_first_dag.py","logger":"airflow.dag_processing.dagbag.BundleDagBag","filename":"dagbag.py","lineno":460}
{"timestamp":"2026-08-03T10:52:22.539690Z","level":"info","event":"Filling up the DagBag from /opt/airflow/dags/1_first_dag.py","logger":"airflow.dag_processing.dagbag.BundleDagBag","filename":"dagbag.py","lineno":460}
{"timestamp":"2026-08-03T10:52:55.128134Z","level":"info","event":"Filling up the DagBag from /opt/airflow/dags/1_first_dag.py","logger":"airflow.dag_processing.dagbag.BundleDagBag","filename":"dagbag.py","lineno":460}
{"timestamp":"2026-08-03T10:53:27.388857Z","level":"info","event":"Filling up the DagBag from /opt/airflow/dags/1_first_dag.py","logger":"airflow.dag_processing.dagbag.BundleDagBag","filename":"dagbag.py","lineno":460}
{"timestamp":"2026-08-03T10:54:01.073343Z","level":"info","event":"Filling up the DagBag from /opt/airflow/dags/1_first_dag.py","logger":"airflow.dag_processing.dagbag.BundleDagBag","filename":"dagbag.py","lineno":460}
{"timestamp":"2026-08-03T10:54:33.778690Z","level":"info","event":"Filling up the DagBag from /opt/airflow/dags/1_first_dag.py","logger":"airflow.dag_processing.dagbag.BundleDagBag","filename":"dagbag.py","lineno":460}
{"timestamp":"2026-08-03T10:55:06.196319Z","level":"info","event":"Filling up the DagBag from /opt/airflow/dags/1_first_dag.py","logger":"airflow.dag_processing.dagbag.BundleDagBag","filename":"dagbag.py","lineno":460}
{"timestamp":"2026-08-03T10:55:39.496347Z","level":"info","event":"Filling up the DagBag from /opt/airflow/dags/1_first_dag.py","logger":"airflow.dag_processing.dagbag.BundleDagBag","filename":"dagbag.py","lineno":460}
{"timestamp":"2026-08-03T10:56:14.040966Z","level":"info","event":"Filling up the DagBag from /opt/airflow/dags/1_first_dag.py","logger":"airflow.dag_processing.dagbag.BundleDagBag","filename":"dagbag.py","lineno":460}
{"timestamp":"2026-08-03T10:56:44.725349Z","level":"info","event":"Filling up the DagBag from /opt/airflow/dags/1_first_dag.py","logger":"airflow.dag_processing.dagbag.BundleDagBag","filename":"dagbag.py","lineno":460}
{"timestamp":"2026-08-03T10:57:16.605235Z","level":"info","event":"Filling up the DagBag from /opt/airflow/dags/1_first_dag.py","logger":"airflow.dag_processing.dagbag.BundleDagBag","filename":"dagbag.py","lineno":460}
{"timestamp":"2026-08-03T10:57:50.903513Z","level":"info","event":"Filling up the DagBag from /opt/airflow/dags/1_first_dag.py","logger":"airflow.dag_processing.dagbag.BundleDagBag","filename":"dagbag.py","lineno":460}
{"timestamp":"2026-08-03T10:58:22.476650Z","level":"info","event":"Filling up the DagBag from /opt/airflow/dags/1_first_dag.py","logger":"airflow.dag_processing.dagbag.BundleDagBag","filename":"dagbag.py","lineno":460}
{"timestamp":"2026-08-03T10:58:55.646305Z","level":"info","event":"Filling up the DagBag from /opt/airflow/dags/1_first_dag.py","logger":"airflow.dag_processing.dagbag.BundleDagBag","filename":"dagbag.py","lineno":460}
{"timestamp":"2026-08-03T10:59:27.457632Z","level":"info","event":"Filling up the DagBag from /opt/airflow/dags/1_first_dag.py","logger":"airflow.dag_processing.dagbag.BundleDagBag","filename":"dagbag.py","lineno":460}
{"timestamp":"2026-08-03T10:59:59.903707Z","level":"info","event":"Filling up the DagBag from /opt/airflow/dags/1_first_dag.py","logger":"airflow.dag_processing.dagbag.BundleDagBag","filename":"dagbag.py","lineno":460}
{"timestamp":"2026-08-03T11:00:32.934717Z","level":"info","event":"Filling up the DagBag from /opt/airflow/dags/1_first_dag.py","logger":"airflow.dag_processing.dagbag.BundleDagBag","filename":"dagbag.py","lineno":460}
{"timestamp":"2026-08-03T11:01:06.638038Z","level":"info","event":"Filling up the DagBag from /opt/airflow/dags/1_first_dag.py","logger":"airflow.dag_processing.dagbag.BundleDagBag","filename":"dagbag.py","lineno":460}
{"timestamp":"2026-08-03T11:01:40.329575Z","level":"info","event":"Filling up the DagBag from /opt/airflow/dags/1_first_dag.py","logger":"airflow.dag_processing.dagbag.BundleDagBag","filename":"dagbag.py","lineno":460}
{"timestamp":"2026-08-03T11:02:11.120589Z","level":"info","event":"Filling up the DagBag from /opt/airflow/dags/1_first_dag.py","logger":"airflow.dag_processing.dagbag.BundleDagBag","filename":"dagbag.py","lineno":460}
{"timestamp":"2026-08-03T11:02:41.853279Z","level":"info","event":"Filling up the DagBag from /opt/airflow/dags/1_first_dag.py","logger":"airflow.dag_processing.dagbag.BundleDagBag","filename":"dagbag.py","lineno":460}
{"timestamp":"2026-08-03T11:03:12.450793Z","level":"info","event":"Filling up the DagBag from /opt/airflow/dags/1_first_dag.py","logger":"airflow.dag_processing.dagbag.BundleDagBag","filename":"dagbag.py","lineno":460}
{"timestamp":"2026-08-03T11:03:44.294210Z","level":"info","event":"Filling up the DagBag from /opt/airflow/dags/1_first_dag.py","logger":"airflow.dag_processing.dagbag.BundleDagBag","filename":"dagbag.py","lineno":460}
{"timestamp":"2026-08-03T11:04:14.880995Z","level":"info","event":"Filling up the DagBag from /opt/airflow/dags/1_first_dag.py","logger":"airflow.dag_processing.dagbag.BundleDagBag","filename":"dagbag.py","lineno":460}
{"timestamp":"2026-08-03T11:04:46.140210Z","level":"info","event":"Filling up the DagBag from /opt/airflow/dags/1_first_dag.py","logger":"airflow.dag_processing.dagbag.BundleDagBag","filename":"dagbag.py","lineno":460}
{"timestamp":"2026-08-03T11:05:17.313325Z","level":"info","event":"Filling up the DagBag from /opt/airflow/dags/1_first_dag.py","logger":"airflow.dag_processing.dagbag.BundleDagBag","filename":"dagbag.py","lineno":460}
{"timestamp":"2026-08-03T11:05:47.628835Z","level":"info","event":"Filling up the DagBag from /opt/airflow/dags/1_first_dag.py","logger":"airflow.dag_processing.dagbag.BundleDagBag","filename":"dagbag.py","lineno":460}
{"timestamp":"2026-08-03T11:06:18.171042Z","level":"info","event":"Filling up the DagBag from /opt/airflow/dags/1_first_dag.py","logger":"airflow.dag_processing.dagbag.BundleDagBag","filename":"dagbag.py","lineno":460}
{"timestamp":"2026-08-03T11:06:49.285844Z","level":"info","event":"Filling up the DagBag from /opt/airflow/dags/1_first_dag.py","logger":"airflow.dag_processing.dagbag.BundleDagBag","filename":"dagbag.py","lineno":460}
{"timestamp":"2026-08-03T11:07:20.143264Z","level":"info","event":"Filling up the DagBag from /opt/airflow/dags/1_first_dag.py","logger":"airflow.dag_processing.dagbag.BundleDagBag","filename":"dagbag.py","lineno":460}
{"timestamp":"2026-08-03T11:07:51.104367Z","level":"info","event":"Filling up the DagBag from /opt/airflow/dags/1_first_dag.py","logger":"airflow.dag_processing.dagbag.BundleDagBag","filename":"dagbag.py","lineno":460}
{"timestamp":"2026-08-03T11:08:21.912596Z","level":"info","event":"Filling up the DagBag from /opt/airflow/dags/1_first_dag.py","logger":"airflow.dag_processing.dagbag.BundleDagBag","filename":"dagbag.py","lineno":460}
{"timestamp":"2026-08-03T11:08:52.462360Z","level":"info","event":"Filling up the DagBag from /opt/airflow/dags/1_first_dag.py","logger":"airflow.dag_processing.dagbag.BundleDagBag","filename":"dagbag.py","lineno":460}
{"timestamp":"2026-08-03T11:09:22.749745Z","level":"info","event":"Filling up the DagBag from /opt/airflow/dags/1_first_dag.py","logger":"airflow.dag_processing.dagbag.BundleDagBag","filename":"dagbag.py","lineno":460}
{"timestamp":"2026-08-03T11:09:53.555278Z","level":"info","event":"Filling up the DagBag from /opt/airflow/dags/1_first_dag.py","logger":"airflow.dag_processing.dagbag.BundleDagBag","filename":"dagbag.py","lineno":460}
{"timestamp":"2026-08-03T11:10:24.627630Z","level":"info","event":"Filling up the DagBag from /opt/airflow/dags/1_first_dag.py","logger":"airflow.dag_processing.dagbag.BundleDagBag","filename":"dagbag.py","lineno":460}
{"timestamp":"2026-08-03T11:10:55.585933Z","level":"info","event":"Filling up the DagBag from /opt/airflow/dags/1_first_dag.py","logger":"airflow.dag_processing.dagbag.BundleDagBag","filename":"dagbag.py","lineno":460}
{"timestamp":"2026-08-03T11:11:28.291159Z","level":"info","event":"Filling up the DagBag from /opt/airflow/dags/1_first_dag.py","logger":"airflow.dag_processing.dagbag.BundleDagBag","filename":"dagbag.py","lineno":460}
{"timestamp":"2026-08-03T11:12:01.015886Z","level":"info","event":"Filling up the DagBag from /opt/airflow/dags/1_first_dag.py","logger":"airflow.dag_processing.dagbag.BundleDagBag","filename":"dagbag.py","lineno":460}
{"timestamp":"2026-08-03T11:12:33.538359Z","level":"info","event":"Filling up the DagBag from /opt/airflow/dags/1_first_dag.py","logger":"airflow.dag_processing.dagbag.BundleDagBag","filename":"dagbag.py","lineno":460}
{"timestamp":"2026-08-03T11:13:06.260994Z","level":"info","event":"Filling up the DagBag from /opt/airflow/dags/1_first_dag.py","logger":"airflow.dag_processing.dagbag.BundleDagBag","filename":"dagbag.py","lineno":460}
{"timestamp":"2026-08-03T11:13:38.425933Z","level":"info","event":"Filling up the DagBag from /opt/airflow/dags/1_first_dag.py","logger":"airflow.dag_processing.dagbag.BundleDagBag","filename":"dagbag.py","lineno":460}
{"timestamp":"2026-08-03T11:14:12.074543Z","level":"info","event":"Filling up the DagBag from /opt/airflow/dags/1_first_dag.py","logger":"airflow.dag_processing.dagbag.BundleDagBag","filename":"dagbag.py","lineno":460}
{"timestamp":"2026-08-03T11:14:44.128150Z","level":"info","event":"Filling up the DagBag from /opt/airflow/dags/1_first_dag.py","logger":"airflow.dag_processing.dagbag.BundleDagBag","filename":"dagbag.py","lineno":460}
{"timestamp":"2026-08-03T11:15:17.028270Z","level":"info","event":"Filling up the DagBag from /opt/airflow/dags/1_first_dag.py","logger":"airflow.dag_processing.dagbag.BundleDagBag","filename":"dagbag.py","lineno":460}
{"timestamp":"2026-08-03T11:15:50.229130Z","level":"info","event":"Filling up the DagBag from /opt/airflow/dags/1_first_dag.py","logger":"airflow.dag_processing.dagbag.BundleDagBag","filename":"dagbag.py","lineno":460}
{"timestamp":"2026-08-03T11:16:22.993425Z","level":"info","event":"Filling up the DagBag from /opt/airflow/dags/1_first_dag.py","logger":"airflow.dag_processing.dagbag.BundleDagBag","filename":"dagbag.py","lineno":460}
{"timestamp":"2026-08-03T11:16:54.926971Z","level":"info","event":"Filling up the DagBag from /opt/airflow/dags/1_first_dag.py","logger":"airflow.dag_processing.dagbag.BundleDagBag","filename":"dagbag.py","lineno":460}
{"timestamp":"2026-08-03T11:17:28.916533Z","level":"info","event":"Filling up the DagBag from /opt/airflow/dags/1_first_dag.py","logger":"airflow.dag_processing.dagbag.BundleDagBag","filename":"dagbag.py","lineno":460}
{"timestamp":"2026-08-03T11:18:00.429732Z","level":"info","event":"Filling up the DagBag from /opt/airflow/dags/1_first_dag.py","logger":"airflow.dag_processing.dagbag.BundleDagBag","filename":"dagbag.py","lineno":460}
{"timestamp":"2026-08-03T11:18:34.185330Z","level":"info","event":"Filling up the DagBag from /opt/airflow/dags/1_first_dag.py","logger":"airflow.dag_processing.dagbag.BundleDagBag","filename":"dagbag.py","lineno":460}
{"timestamp":"2026-08-03T11:19:06.404043Z","level":"info","event":"Filling up the DagBag from /opt/airflow/dags/1_first_dag.py","logger":"airflow.dag_processing.dagbag.BundleDagBag","filename":"dagbag.py","lineno":460}
{"timestamp":"2026-08-03T11:19:40.081092Z","level":"info","event":"Filling up the DagBag from /opt/airflow/dags/1_first_dag.py","logger":"airflow.dag_processing.dagbag.BundleDagBag","filename":"dagbag.py","lineno":460}
{"timestamp":"2026-08-03T11:20:11.560337Z","level":"info","event":"Filling up the DagBag from /opt/airflow/dags/1_first_dag.py","logger":"airflow.dag_processing.dagbag.BundleDagBag","filename":"dagbag.py","lineno":460}
{"timestamp":"2026-08-03T11:20:44.866014Z","level":"info","event":"Filling up the DagBag from /opt/airflow/dags/1_first_dag.py","logger":"airflow.dag_processing.dagbag.BundleDagBag","filename":"dagbag.py","lineno":460}
{"timestamp":"2026-08-03T11:21:18.195622Z","level":"info","event":"Filling up the DagBag from /opt/airflow/dags/1_first_dag.py","logger":"airflow.dag_processing.dagbag.BundleDagBag","filename":"dagbag.py","lineno":460}
{"timestamp":"2026-08-03T11:21:50.837265Z","level":"info","event":"Filling up the DagBag from /opt/airflow/dags/1_first_dag.py","logger":"airflow.dag_processing.dagbag.BundleDagBag","filename":"dagbag.py","lineno":460}
{"timestamp":"2026-08-03T11:22:23.142391Z","level":"info","event":"Filling up the DagBag from /opt/airflow/dags/1_first_dag.py","logger":"airflow.dag_processing.dagbag.BundleDagBag","filename":"dagbag.py","lineno":460}
{"timestamp":"2026-08-03T11:22:55.470352Z","level":"info","event":"Filling up the DagBag from /opt/airflow/dags/1_first_dag.py","logger":"airflow.dag_processing.dagbag.BundleDagBag","filename":"dagbag.py","lineno":460}
{"timestamp":"2026-08-03T11:23:28.042070Z","level":"info","event":"Filling up the DagBag from /opt/airflow/dags/1_first_dag.py","logger":"airflow.dag_processing.dagbag.BundleDagBag","filename":"dagbag.py","lineno":460}
{"timestamp":"2026-08-03T11:24:02.223656Z","level":"info","event":"Filling up the DagBag from /opt/airflow/dags/1_first_dag.py","logger":"airflow.dag_processing.dagbag.BundleDagBag","filename":"dagbag.py","lineno":460}
{"timestamp":"2026-08-03T11:24:34.456422Z","level":"info","event":"Filling up the DagBag from /opt/airflow/dags/1_first_dag.py","logger":"airflow.dag_processing.dagbag.BundleDagBag","filename":"dagbag.py","lineno":460}
{"timestamp":"2026-08-03T16:49:28.142820Z","level":"info","event":"Filling up the DagBag from /opt/airflow/dags/1_first_dag.py","logger":"airflow.dag_processing.dagbag.BundleDagBag","filename":"dagbag.py","lineno":460}
{"timestamp":"2026-08-03T16:49:59.645650Z","level":"info","event":"Filling up the DagBag from /opt/airflow/dags/1_first_dag.py","logger":"airflow.dag_processing.dagbag.BundleDagBag","filename":"dagbag.py","lineno":460}
{"timestamp":"2026-08-03T16:50:30.798658Z","level":"info","event":"Filling up the DagBag from /opt/airflow/dags/1_first_dag.py","logger":"airflow.dag_processing.dagbag.BundleDagBag","filename":"dagbag.py","lineno":460}
{"timestamp":"2026-08-03T16:51:01.490327Z","level":"info","event":"Filling up the DagBag from /opt/airflow/dags/1_first_dag.py","logger":"airflow.dag_processing.dagbag.BundleDagBag","filename":"dagbag.py","lineno":460}
{"timestamp":"2026-08-03T16:51:31.833151Z","level":"info","event":"Filling up the DagBag from /opt/airflow/dags/1_first_dag.py","logger":"airflow.dag_processing.dagbag.BundleDagBag","filename":"dagbag.py","lineno":460}
{"timestamp":"2026-08-03T16:52:03.177158Z","level":"info","event":"Filling up the DagBag from /opt/airflow/dags/1_first_dag.py","logger":"airflow.dag_processing.dagbag.BundleDagBag","filename":"dagbag.py","lineno":460}
{"timestamp":"2026-08-03T16:52:34.578135Z","level":"info","event":"Filling up the DagBag from /opt/airflow/dags/1_first_dag.py","logger":"airflow.dag_processing.dagbag.BundleDagBag","filename":"dagbag.py","lineno":460}
{"timestamp":"2026-08-03T16:53:05.637317Z","level":"info","event":"Filling up the DagBag from /opt/airflow/dags/1_first_dag.py","logger":"airflow.dag_processing.dagbag.BundleDagBag","filename":"dagbag.py","lineno":460}
{"timestamp":"2026-08-03T16:53:39.527327Z","level":"info","event":"Filling up the DagBag from /opt/airflow/dags/1_first_dag.py","logger":"airflow.dag_processing.dagbag.BundleDagBag","filename":"dagbag.py","lineno":460}
{"timestamp":"2026-08-03T16:54:11.062265Z","level":"info","event":"Filling up the DagBag from /opt/airflow/dags/1_first_dag.py","logger":"airflow.dag_processing.dagbag.BundleDagBag","filename":"dagbag.py","lineno":460}
{"timestamp":"2026-08-03T16:54:42.267883Z","level":"info","event":"Filling up the DagBag from /opt/airflow/dags/1_first_dag.py","logger":"airflow.dag_processing.dagbag.BundleDagBag","filename":"dagbag.py","lineno":460}
{"timestamp":"2026-08-03T16:55:13.347323Z","level":"info","event":"Filling up the DagBag from /opt/airflow/dags/1_first_dag.py","logger":"airflow.dag_processing.dagbag.BundleDagBag","filename":"dagbag.py","lineno":460}
{"timestamp":"2026-08-03T16:55:44.306825Z","level":"info","event":"Filling up the DagBag from /opt/airflow/dags/1_first_dag.py","logger":"airflow.dag_processing.dagbag.BundleDagBag","filename":"dagbag.py","lineno":460}
{"timestamp":"2026-08-03T16:56:15.450644Z","level":"info","event":"Filling up the DagBag from /opt/airflow/dags/1_first_dag.py","logger":"airflow.dag_processing.dagbag.BundleDagBag","filename":"dagbag.py","lineno":460}
{"timestamp":"2026-08-03T16:56:46.026144Z","level":"info","event":"Filling up the DagBag from /opt/airflow/dags/1_first_dag.py","logger":"airflow.dag_processing.dagbag.BundleDagBag","filename":"dagbag.py","lineno":460}
{"timestamp":"2026-08-03T16:57:17.234775Z","level":"info","event":"Filling up the DagBag from /opt/airflow/dags/1_first_dag.py","logger":"airflow.dag_processing.dagbag.BundleDagBag","filename":"dagbag.py","lineno":460}
{"timestamp":"2026-08-03T16:57:48.359634Z","level":"info","event":"Filling up the DagBag from /opt/airflow/dags/1_first_dag.py","logger":"airflow.dag_processing.dagbag.BundleDagBag","filename":"dagbag.py","lineno":460}
{"timestamp":"2026-08-03T16:58:19.264618Z","level":"info","event":"Filling up the DagBag from /opt/airflow/dags/1_first_dag.py","logger":"airflow.dag_processing.dagbag.BundleDagBag","filename":"dagbag.py","lineno":460}
{"timestamp":"2026-08-03T17:35:36.443961Z","level":"info","event":"Filling up the DagBag from /opt/airflow/dags/1_first_dag.py","logger":"airflow.models.dagbag.DagBag","filename":"dagbag.py","lineno":593}
{"timestamp":"2026-08-03T17:36:06.922099Z","level":"info","event":"Filling up the DagBag from /opt/airflow/dags/1_first_dag.py","logger":"airflow.models.dagbag.DagBag","filename":"dagbag.py","lineno":593}
{"timestamp":"2026-08-03T17:36:37.503770Z","level":"info","event":"Filling up the DagBag from /opt/airflow/dags/1_first_dag.py","logger":"airflow.models.dagbag.DagBag","filename":"dagbag.py","lineno":593}
{"timestamp":"2026-08-03T17:37:11.016701Z","level":"info","event":"Filling up the DagBag from /opt/airflow/dags/1_first_dag.py","logger":"airflow.models.dagbag.DagBag","filename":"dagbag.py","lineno":593}
{"timestamp":"2026-08-03T17:37:45.396373Z","level":"info","event":"Filling up the DagBag from /opt/airflow/dags/1_first_dag.py","logger":"airflow.models.dagbag.DagBag","filename":"dagbag.py","lineno":593}
{"timestamp":"2026-08-03T17:38:19.164158Z","level":"info","event":"Filling up the DagBag from /opt/airflow/dags/1_first_dag.py","logger":"airflow.models.dagbag.DagBag","filename":"dagbag.py","lineno":593}
{"timestamp":"2026-08-03T17:38:49.756741Z","level":"info","event":"Filling up the DagBag from /opt/airflow/dags/1_first_dag.py","logger":"airflow.models.dagbag.DagBag","filename":"dagbag.py","lineno":593}
{"timestamp":"2026-08-03T17:39:20.066138Z","level":"info","event":"Filling up the DagBag from /opt/airflow/dags/1_first_dag.py","logger":"airflow.models.dagbag.DagBag","filename":"dagbag.py","lineno":593}
{"timestamp":"2026-08-03T17:39:50.503874Z","level":"info","event":"Filling up the DagBag from /opt/airflow/dags/1_first_dag.py","logger":"airflow.models.dagbag.DagBag","filename":"dagbag.py","lineno":593}
{"timestamp":"2026-08-03T17:40:20.951461Z","level":"info","event":"Filling up the DagBag from /opt/airflow/dags/1_first_dag.py","logger":"airflow.models.dagbag.DagBag","filename":"dagbag.py","lineno":593}
{"timestamp":"2026-08-03T17:40:51.598444Z","level":"info","event":"Filling up the DagBag from /opt/airflow/dags/1_first_dag.py","logger":"airflow.models.dagbag.DagBag","filename":"dagbag.py","lineno":593}
{"timestamp":"2026-08-03T17:41:23.477039Z","level":"info","event":"Filling up the DagBag from /opt/airflow/dags/1_first_dag.py","logger":"airflow.models.dagbag.DagBag","filename":"dagbag.py","lineno":593}
{"timestamp":"2026-08-03T17:41:53.933116Z","level":"info","event":"Filling up the DagBag from /opt/airflow/dags/1_first_dag.py","logger":"airflow.models.dagbag.DagBag","filename":"dagbag.py","lineno":593}
{"timestamp":"2026-08-03T17:42:24.770935Z","level":"info","event":"Filling up the DagBag from /opt/airflow/dags/1_first_dag.py","logger":"airflow.models.dagbag.DagBag","filename":"dagbag.py","lineno":593}
{"timestamp":"2026-08-03T17:42:55.090175Z","level":"info","event":"Filling up the DagBag from /opt/airflow/dags/1_first_dag.py","logger":"airflow.models.dagbag.DagBag","filename":"dagbag.py","lineno":593}
{"timestamp":"2026-08-03T17:43:25.376997Z","level":"info","event":"Filling up the DagBag from /opt/airflow/dags/1_first_dag.py","logger":"airflow.models.dagbag.DagBag","filename":"dagbag.py","lineno":593}
{"timestamp":"2026-08-03T17:43:55.756770Z","level":"info","event":"Filling up the DagBag from /opt/airflow/dags/1_first_dag.py","logger":"airflow.models.dagbag.DagBag","filename":"dagbag.py","lineno":593}
{"timestamp":"2026-08-03T17:44:26.958948Z","level":"info","event":"Filling up the DagBag from /opt/airflow/dags/1_first_dag.py","logger":"airflow.models.dagbag.DagBag","filename":"dagbag.py","lineno":593}
